Archive member included to satisfy reference by file (symbol)

d:/ac6/systemworkbench/plugins/fr.ac6.mcu.externaltools.arm-none.win32_1.13.2.201703061525/tools/compiler/bin/../lib/gcc/arm-none-eabi/5.4.1/armv7e-m/fpu\libgcc.a(_arm_addsubdf3.o)
                              Drivers/Dynamixel_AX-12A/Dynamixel_AX-12A.o (__aeabi_dsub)
d:/ac6/systemworkbench/plugins/fr.ac6.mcu.externaltools.arm-none.win32_1.13.2.201703061525/tools/compiler/bin/../lib/gcc/arm-none-eabi/5.4.1/armv7e-m/fpu\libgcc.a(_arm_muldivdf3.o)
                              Drivers/Dynamixel_AX-12A/Dynamixel_AX-12A.o (__aeabi_dmul)
d:/ac6/systemworkbench/plugins/fr.ac6.mcu.externaltools.arm-none.win32_1.13.2.201703061525/tools/compiler/bin/../lib/gcc/arm-none-eabi/5.4.1/armv7e-m/fpu\libgcc.a(_arm_cmpdf2.o)
                              Drivers/Dynamixel_AX-12A/Dynamixel_AX-12A.o (__aeabi_dcmplt)
d:/ac6/systemworkbench/plugins/fr.ac6.mcu.externaltools.arm-none.win32_1.13.2.201703061525/tools/compiler/bin/../lib/gcc/arm-none-eabi/5.4.1/armv7e-m/fpu\libgcc.a(_arm_fixdfsi.o)
                              Drivers/Dynamixel_AX-12A/Dynamixel_AX-12A.o (__aeabi_d2iz)
d:/ac6/systemworkbench/plugins/fr.ac6.mcu.externaltools.arm-none.win32_1.13.2.201703061525/tools/compiler/bin/../lib/gcc/arm-none-eabi/5.4.1/armv7e-m/fpu\libgcc.a(_arm_fixunsdfsi.o)
                              Drivers/Dynamixel_AX-12A/Dynamixel_AX-12A.o (__aeabi_d2uiz)
d:/ac6/systemworkbench/plugins/fr.ac6.mcu.externaltools.arm-none.win32_1.13.2.201703061525/tools/compiler/bin/../lib/gcc/arm-none-eabi/5.4.1/../../../../arm-none-eabi/lib/armv7e-m/fpu\libc_nano.a(lib_a-exit.o)
                              d:/ac6/systemworkbench/plugins/fr.ac6.mcu.externaltools.arm-none.win32_1.13.2.201703061525/tools/compiler/bin/../lib/gcc/arm-none-eabi/5.4.1/../../../../arm-none-eabi/lib/armv7e-m/fpu/crt0.o (exit)
d:/ac6/systemworkbench/plugins/fr.ac6.mcu.externaltools.arm-none.win32_1.13.2.201703061525/tools/compiler/bin/../lib/gcc/arm-none-eabi/5.4.1/../../../../arm-none-eabi/lib/armv7e-m/fpu\libc_nano.a(lib_a-impure.o)
                              d:/ac6/systemworkbench/plugins/fr.ac6.mcu.externaltools.arm-none.win32_1.13.2.201703061525/tools/compiler/bin/../lib/gcc/arm-none-eabi/5.4.1/../../../../arm-none-eabi/lib/armv7e-m/fpu\libc_nano.a(lib_a-exit.o) (_global_impure_ptr)
d:/ac6/systemworkbench/plugins/fr.ac6.mcu.externaltools.arm-none.win32_1.13.2.201703061525/tools/compiler/bin/../lib/gcc/arm-none-eabi/5.4.1/../../../../arm-none-eabi/lib/armv7e-m/fpu\libc_nano.a(lib_a-init.o)
                              d:/ac6/systemworkbench/plugins/fr.ac6.mcu.externaltools.arm-none.win32_1.13.2.201703061525/tools/compiler/bin/../lib/gcc/arm-none-eabi/5.4.1/../../../../arm-none-eabi/lib/armv7e-m/fpu/crt0.o (__libc_init_array)
d:/ac6/systemworkbench/plugins/fr.ac6.mcu.externaltools.arm-none.win32_1.13.2.201703061525/tools/compiler/bin/../lib/gcc/arm-none-eabi/5.4.1/../../../../arm-none-eabi/lib/armv7e-m/fpu\libc_nano.a(lib_a-memset.o)
                              d:/ac6/systemworkbench/plugins/fr.ac6.mcu.externaltools.arm-none.win32_1.13.2.201703061525/tools/compiler/bin/../lib/gcc/arm-none-eabi/5.4.1/../../../../arm-none-eabi/lib/armv7e-m/fpu/crt0.o (memset)
d:/ac6/systemworkbench/plugins/fr.ac6.mcu.externaltools.arm-none.win32_1.13.2.201703061525/tools/compiler/bin/../lib/gcc/arm-none-eabi/5.4.1/../../../../arm-none-eabi/lib/armv7e-m/fpu\libnosys.a(_exit.o)
                              d:/ac6/systemworkbench/plugins/fr.ac6.mcu.externaltools.arm-none.win32_1.13.2.201703061525/tools/compiler/bin/../lib/gcc/arm-none-eabi/5.4.1/../../../../arm-none-eabi/lib/armv7e-m/fpu\libc_nano.a(lib_a-exit.o) (_exit)

Allocating common symbols
Common symbol       size              file

huart3              0x40              Src/main.o
uwTick              0x4               Drivers/STM32F4xx_HAL_Driver/Src/stm32f4xx_hal.o
pFlash              0x20              Drivers/STM32F4xx_HAL_Driver/Src/stm32f4xx_hal_flash.o
buffrec             0x7               Src/main.o
arrReceive          0x8               Drivers/Dynamixel_AX-12A/Dynamixel_AX-12A.o
huart6              0x40              Src/main.o

Discarded input sections

 .text          0x00000000        0x0 d:/ac6/systemworkbench/plugins/fr.ac6.mcu.externaltools.arm-none.win32_1.13.2.201703061525/tools/compiler/bin/../lib/gcc/arm-none-eabi/5.4.1/armv7e-m/fpu/crti.o
 .data          0x00000000        0x0 d:/ac6/systemworkbench/plugins/fr.ac6.mcu.externaltools.arm-none.win32_1.13.2.201703061525/tools/compiler/bin/../lib/gcc/arm-none-eabi/5.4.1/armv7e-m/fpu/crti.o
 .bss           0x00000000        0x0 d:/ac6/systemworkbench/plugins/fr.ac6.mcu.externaltools.arm-none.win32_1.13.2.201703061525/tools/compiler/bin/../lib/gcc/arm-none-eabi/5.4.1/armv7e-m/fpu/crti.o
 .data          0x00000000        0x4 d:/ac6/systemworkbench/plugins/fr.ac6.mcu.externaltools.arm-none.win32_1.13.2.201703061525/tools/compiler/bin/../lib/gcc/arm-none-eabi/5.4.1/armv7e-m/fpu/crtbegin.o
[...]
Memory Configuration

Name             Origin             Length             Attributes
RAM              0x20000000         0x00020000         xrw
FLASH            0x08000000         0x00080000         xr
*default*        0x00000000         0xffffffff

Linker script and memory map

LOAD d:/ac6/systemworkbench/plugins/fr.ac6.mcu.externaltools.arm-none.win32_1.13.2.201703061525/tools/compiler/bin/../lib/gcc/arm-none-eabi/5.4.1/armv7e-m/fpu/crti.o
LOAD d:/ac6/systemworkbench/plugins/fr.ac6.mcu.externaltools.arm-none.win32_1.13.2.201703061525/tools/compiler/bin/../lib/gcc/arm-none-eabi/5.4.1/armv7e-m/fpu/crtbegin.o
LOAD d:/ac6/systemworkbench/plugins/fr.ac6.mcu.externaltools.arm-none.win32_1.13.2.201703061525/tools/compiler/bin/../lib/gcc/arm-none-eabi/5.4.1/../../../../arm-none-eabi/lib/armv7e-m/fpu/crt0.o
LOAD d:/ac6/systemworkbench/plugins/fr.ac6.mcu.externaltools.arm-none.win32_1.13.2.201703061525/tools/compiler/bin/../lib/gcc/arm-none-eabi/5.4.1/../../../../arm-none-eabi/lib/armv7e-m/fpu\libm.a
LOAD Drivers/Dynamixel_AX-12A/Dynamixel_AX-12A.o
LOAD Drivers/STM32F4xx_HAL_Driver/Src/stm32f4xx_hal.o
LOAD Drivers/STM32F4xx_HAL_Driver/Src/stm32f4xx_hal_cortex.o
LOAD Drivers/STM32F4xx_HAL_Driver/Src/stm32f4xx_hal_dma.o
LOAD Drivers/STM32F4xx_HAL_Driver/Src/stm32f4xx_hal_dma_ex.o
LOAD Drivers/STM32F4xx_HAL_Driver/Src/stm32f4xx_hal_flash.o
LOAD Drivers/STM32F4xx_HAL_Driver/Src/stm32f4xx_hal_flash_ex.o
LOAD Drivers/STM32F4xx_HAL_Driver/Src/stm32f4xx_hal_flash_ramfunc.o
LOAD Drivers/STM32F4xx_HAL_Driver/Src/stm32f4xx_hal_gpio.o
LOAD Drivers/STM32F4xx_HAL_Driver/Src/stm32f4xx_hal_pwr.o
LOAD Drivers/STM32F4xx_HAL_Driver/Src/stm32f4xx_hal_pwr_ex.o
LOAD Drivers/STM32F4xx_HAL_Driver/Src/stm32f4xx_hal_rcc.o
LOAD Drivers/STM32F4xx_HAL_Driver/Src/stm32f4xx_hal_rcc_ex.o
LOAD Drivers/STM32F4xx_HAL_Driver/Src/stm32f4xx_hal_tim.o
LOAD Drivers/STM32F4xx_HAL_Driver/Src/stm32f4xx_hal_tim_ex.o
LOAD Drivers/STM32F4xx_HAL_Driver/Src/stm32f4xx_hal_uart.o
LOAD Src/main.o
LOAD Src/stm32f4xx_hal_msp.o
LOAD Src/stm32f4xx_it.o
LOAD Src/system_stm32f4xx.o
LOAD startup/startup_stm32f446xx.o
START GROUP
LOAD d:/ac6/systemworkbench/plugins/fr.ac6.mcu.externaltools.arm-none.win32_1.13.2.201703061525/tools/compiler/bin/../lib/gcc/arm-none-eabi/5.4.1/armv7e-m/fpu\libgcc.a
LOAD d:/ac6/systemworkbench/plugins/fr.ac6.mcu.externaltools.arm-none.win32_1.13.2.201703061525/tools/compiler/bin/../lib/gcc/arm-none-eabi/5.4.1/../../../../arm-none-eabi/lib/armv7e-m/fpu\libc_nano.a
END GROUP
START GROUP
LOAD d:/ac6/systemworkbench/plugins/fr.ac6.mcu.externaltools.arm-none.win32_1.13.2.201703061525/tools/compiler/bin/../lib/gcc/arm-none-eabi/5.4.1/armv7e-m/fpu\libgcc.a
LOAD d:/ac6/systemworkbench/plugins/fr.ac6.mcu.externaltools.arm-none.win32_1.13.2.201703061525/tools/compiler/bin/../lib/gcc/arm-none-eabi/5.4.1/../../../../arm-none-eabi/lib/armv7e-m/fpu\libc_nano.a
LOAD d:/ac6/systemworkbench/plugins/fr.ac6.mcu.externaltools.arm-none.win32_1.13.2.201703061525/tools/compiler/bin/../lib/gcc/arm-none-eabi/5.4.1/../../../../arm-none-eabi/lib/armv7e-m/fpu\libnosys.a
END GROUP
START GROUP
LOAD d:/ac6/systemworkbench/plugins/fr.ac6.mcu.externaltools.arm-none.win32_1.13.2.201703061525/tools/compiler/bin/../lib/gcc/arm-none-eabi/5.4.1/armv7e-m/fpu\libgcc.a
LOAD d:/ac6/systemworkbench/plugins/fr.ac6.mcu.externaltools.arm-none.win32_1.13.2.201703061525/tools/compiler/bin/../lib/gcc/arm-none-eabi/5.4.1/../../../../arm-none-eabi/lib/armv7e-m/fpu\libc_nano.a
LOAD d:/ac6/systemworkbench/plugins/fr.ac6.mcu.externaltools.arm-none.win32_1.13.2.201703061525/tools/compiler/bin/../lib/gcc/arm-none-eabi/5.4.1/../../../../arm-none-eabi/lib/armv7e-m/fpu\libnosys.a
END GROUP
LOAD d:/ac6/systemworkbench/plugins/fr.ac6.mcu.externaltools.arm-none.win32_1.13.2.201703061525/tools/compiler/bin/../lib/gcc/arm-none-eabi/5.4.1/armv7e-m/fpu/crtend.o
LOAD d:/ac6/systemworkbench/plugins/fr.ac6.mcu.externaltools.arm-none.win32_1.13.2.201703061525/tools/compiler/bin/../lib/gcc/arm-none-eabi/5.4.1/armv7e-m/fpu/crtn.o
                0x20020000                _estack = 0x20020000
                0x00000200                _Min_Heap_Size = 0x200
                0x00000400                _Min_Stack_Size = 0x400

.isr_vector     0x08000000      0x1c4
                0x08000000                . = ALIGN (0x4)
 *(.isr_vector)
 .isr_vector    0x08000000      0x1c4 startup/startup_stm32f446xx.o
                0x08000000                g_pfnVectors
                0x080001c4                . = ALIGN (0x4)

.text           0x080001c8     0x1fc4
                0x080001c8                . = ALIGN (0x4)
 *(.text)
 .text          0x080001c8       0x5c d:/ac6/systemworkbench/plugins/fr.ac6.mcu.externaltools.arm-none.win32_1.13.2.201703061525/tools/compiler/bin/../lib/gcc/arm-none-eabi/5.4.1/armv7e-m/fpu/crtbegin.o
 .text          0x08000224      0x424 d:/ac6/systemworkbench/plugins/fr.ac6.mcu.externaltools.arm-none.win32_1.13.2.201703061525/tools/compiler/bin/../lib/gcc/arm-none-eabi/5.4.1/armv7e-m/fpu\libgcc.a(_arm_muldivdf3.o)
                0x08000224                __aeabi_dmul
                0x08000224                __muldf3
                0x08000478                __divdf3
                0x08000478                __aeabi_ddiv
 .text          0x08000648       0x50 d:/ac6/systemworkbench/plugins/fr.ac6.mcu.externaltools.arm-none.win32_1.13.2.201703061525/tools/compiler/bin/../lib/gcc/arm-none-eabi/5.4.1/armv7e-m/fpu\libgcc.a(_arm_fixdfsi.o)
                0x08000648                __aeabi_d2iz
                0x08000648                __fixdfsi
 *(.text*)
 .text.Dynamixel_ComputeChecksum
                0x08000698       0x24 Drivers/Dynamixel_AX-12A/Dynamixel_AX-12A.o
                0x08000698                Dynamixel_ComputeChecksum
 .text.Dynamixel_DataWriter
                0x080006bc       0x9c Drivers/Dynamixel_AX-12A/Dynamixel_AX-12A.o
                0x080006bc                Dynamixel_DataWriter
 .text.Dynamixel_SetCWAngleLimit
                0x08000758       0x48 Drivers/Dynamixel_AX-12A/Dynamixel_AX-12A.o
                0x08000758                Dynamixel_SetCWAngleLimit
 .text.Dynamixel_SetCCWAngleLimit
                0x080007a0       0x48 Drivers/Dynamixel_AX-12A/Dynamixel_AX-12A.o
                0x080007a0                Dynamixel_SetCCWAngleLimit
 .text.Dynamixel_LEDEnable
                0x080007e8       0x18 Drivers/Dynamixel_AX-12A/Dynamixel_AX-12A.o
                0x080007e8                Dynamixel_LEDEnable
 .text.Dynamixel_DataReader
                0x08000800       0xa8 Drivers/Dynamixel_AX-12A/Dynamixel_AX-12A.o
                0x08000800                Dynamixel_DataReader
 .text.Dynamixel_IsJointMode
                0x080008a8       0x24 Drivers/Dynamixel_AX-12A/Dynamixel_AX-12A.o
                0x080008a8                Dynamixel_IsJointMode
 .text.Dynamixel_Init
                0x080008cc       0x20 Drivers/Dynamixel_AX-12A/Dynamixel_AX-12A.o
                0x080008cc                Dynamixel_Init
 *fill*         0x080008ec        0x4 
 .text.Dynamixel_EnterWheelMode
                0x080008f0       0x38 Drivers/Dynamixel_AX-12A/Dynamixel_AX-12A.o
                0x080008f0                Dynamixel_EnterWheelMode
 .text.Dynamixel_EnterJointMode
                0x08000928       0x28 Drivers/Dynamixel_AX-12A/Dynamixel_AX-12A.o
                0x08000928                Dynamixel_EnterJointMode
 .text.Dynamixel_TestAll
                0x08000950       0xa8 Drivers/Dynamixel_AX-12A/Dynamixel_AX-12A.o
                0x08000950                Dynamixel_TestAll
 .text.HAL_InitTick
                0x080009f8       0x2c Drivers/STM32F4xx_HAL_Driver/Src/stm32f4xx_hal.o
                0x080009f8                HAL_InitTick
 .text.HAL_Init
                0x08000a24       0x34 Drivers/STM32F4xx_HAL_Driver/Src/stm32f4xx_hal.o
                0x08000a24                HAL_Init
 .text.HAL_IncTick
                0x08000a58       0x10 Drivers/STM32F4xx_HAL_Driver/Src/stm32f4xx_hal.o
                0x08000a58                HAL_IncTick
 .text.HAL_GetTick
                0x08000a68        0xc Drivers/STM32F4xx_HAL_Driver/Src/stm32f4xx_hal.o
                0x08000a68                HAL_GetTick
 .text.HAL_Delay
                0x08000a74       0x24 Drivers/STM32F4xx_HAL_Driver/Src/stm32f4xx_hal.o
                0x08000a74                HAL_Delay
 .text.HAL_NVIC_SetPriorityGrouping
                0x08000a98       0x24 Drivers/STM32F4xx_HAL_Driver/Src/stm32f4xx_hal_cortex.o
                0x08000a98                HAL_NVIC_SetPriorityGrouping
 .text.HAL_NVIC_SetPriority
                0x08000abc       0x64 Drivers/STM32F4xx_HAL_Driver/Src/stm32f4xx_hal_cortex.o
                0x08000abc                HAL_NVIC_SetPriority
 .text.HAL_NVIC_EnableIRQ
                0x08000b20       0x18 Drivers/STM32F4xx_HAL_Driver/Src/stm32f4xx_hal_cortex.o
                0x08000b20                HAL_NVIC_EnableIRQ
 .text.HAL_SYSTICK_Config
                0x08000b38       0x2c Drivers/STM32F4xx_HAL_Driver/Src/stm32f4xx_hal_cortex.o
                0x08000b38                HAL_SYSTICK_Config
 .text.HAL_SYSTICK_CLKSourceConfig
                0x08000b64       0x20 Drivers/STM32F4xx_HAL_Driver/Src/stm32f4xx_hal_cortex.o
                0x08000b64                HAL_SYSTICK_CLKSourceConfig
 .text.HAL_SYSTICK_Callback
                0x08000b84        0x4 Drivers/STM32F4xx_HAL_Driver/Src/stm32f4xx_hal_cortex.o
                0x08000b84                HAL_SYSTICK_Callback
 .text.HAL_SYSTICK_IRQHandler
                0x08000b88        0x8 Drivers/STM32F4xx_HAL_Driver/Src/stm32f4xx_hal_cortex.o
                0x08000b88                HAL_SYSTICK_IRQHandler
 .text.HAL_DMA_Abort_IT
                0x08000b90       0x28 Drivers/STM32F4xx_HAL_Driver/Src/stm32f4xx_hal_dma.o
                0x08000b90                HAL_DMA_Abort_IT
 .text.HAL_GPIO_Init
                0x08000bb8      0x1b4 Drivers/STM32F4xx_HAL_Driver/Src/stm32f4xx_hal_gpio.o
                0x08000bb8                HAL_GPIO_Init
 .text.HAL_GPIO_WritePin
                0x08000d6c        0xc Drivers/STM32F4xx_HAL_Driver/Src/stm32f4xx_hal_gpio.o
                0x08000d6c                HAL_GPIO_WritePin
 .text.HAL_RCC_ClockConfig
                0x08000d78      0x1b0 Drivers/STM32F4xx_HAL_Driver/Src/stm32f4xx_hal_rcc.o
                0x08000d78                HAL_RCC_ClockConfig
 .text.HAL_RCC_GetHCLKFreq
                0x08000f28        0xc Drivers/STM32F4xx_HAL_Driver/Src/stm32f4xx_hal_rcc.o
                0x08000f28                HAL_RCC_GetHCLKFreq
 .text.HAL_RCC_GetPCLK1Freq
                0x08000f34       0x30 Drivers/STM32F4xx_HAL_Driver/Src/stm32f4xx_hal_rcc.o
                0x08000f34                HAL_RCC_GetPCLK1Freq
 .text.HAL_RCC_GetPCLK2Freq
                0x08000f64       0x30 Drivers/STM32F4xx_HAL_Driver/Src/stm32f4xx_hal_rcc.o
                0x08000f64                HAL_RCC_GetPCLK2Freq
 .text.HAL_RCC_GetSysClockFreq
                0x08000f94      0x118 Drivers/STM32F4xx_HAL_Driver/Src/stm32f4xx_hal_rcc_ex.o
                0x08000f94                HAL_RCC_GetSysClockFreq
 .text.HAL_RCC_OscConfig
                0x080010ac      0x40c Drivers/STM32F4xx_HAL_Driver/Src/stm32f4xx_hal_rcc_ex.o
                0x080010ac                HAL_RCC_OscConfig
 .text.UART_EndRxTransfer
                0x080014b8       0x1c Drivers/STM32F4xx_HAL_Driver/Src/stm32f4xx_hal_uart.o
 .text.UART_Transmit_IT
                0x080014d4       0x6c Drivers/STM32F4xx_HAL_Driver/Src/stm32f4xx_hal_uart.o
 .text.UART_SetConfig
                0x08001540      0x32c Drivers/STM32F4xx_HAL_Driver/Src/stm32f4xx_hal_uart.o
 .text.UART_WaitOnFlagUntilTimeout
                0x0800186c       0x68 Drivers/STM32F4xx_HAL_Driver/Src/stm32f4xx_hal_uart.o
 .text.HAL_UART_Init
                0x080018d4       0x64 Drivers/STM32F4xx_HAL_Driver/Src/stm32f4xx_hal_uart.o
                0x080018d4                HAL_UART_Init
 .text.HAL_UART_Transmit
                0x08001938       0xe4 Drivers/STM32F4xx_HAL_Driver/Src/stm32f4xx_hal_uart.o
                0x08001938                HAL_UART_Transmit
 .text.HAL_UART_Receive
                0x08001a1c       0xe8 Drivers/STM32F4xx_HAL_Driver/Src/stm32f4xx_hal_uart.o
                0x08001a1c                HAL_UART_Receive
 .text.HAL_UART_TxCpltCallback
                0x08001b04        0x4 Drivers/STM32F4xx_HAL_Driver/Src/stm32f4xx_hal_uart.o
                0x08001b04                HAL_UART_TxCpltCallback
 .text.UART_EndTransmit_IT
                0x08001b08       0x1c Drivers/STM32F4xx_HAL_Driver/Src/stm32f4xx_hal_uart.o
 .text.HAL_UART_RxCpltCallback
                0x08001b24        0x4 Drivers/STM32F4xx_HAL_Driver/Src/stm32f4xx_hal_uart.o
                0x08001b24                HAL_UART_RxCpltCallback
 .text.UART_Receive_IT
                0x08001b28       0x94 Drivers/STM32F4xx_HAL_Driver/Src/stm32f4xx_hal_uart.o
 .text.HAL_UART_ErrorCallback
                0x08001bbc        0x4 Drivers/STM32F4xx_HAL_Driver/Src/stm32f4xx_hal_uart.o
                0x08001bbc                HAL_UART_ErrorCallback
 .text.HAL_UART_IRQHandler
                0x08001bc0      0x11c Drivers/STM32F4xx_HAL_Driver/Src/stm32f4xx_hal_uart.o
                0x08001bc0                HAL_UART_IRQHandler
 .text.UART_DMAAbortOnError
                0x08001cdc       0x10 Drivers/STM32F4xx_HAL_Driver/Src/stm32f4xx_hal_uart.o
 .text.MX_GPIO_Init
                0x08001cec       0x74 Src/main.o
 .text._Error_Handler
                0x08001d60        0x4 Src/main.o
                0x08001d60                _Error_Handler
 .text.MX_USART6_UART_Init
                0x08001d64       0x3c Src/main.o
 .text.MX_USART3_UART_Init
                0x08001da0       0x3c Src/main.o
 .text.SystemClock_Config
                0x08001ddc       0xc4 Src/main.o
                0x08001ddc                SystemClock_Config
 .text.main     0x08001ea0       0x84 Src/main.o
                0x08001ea0                main
 .text.HAL_MspInit
                0x08001f24       0x60 Src/stm32f4xx_hal_msp.o
                0x08001f24                HAL_MspInit
 .text.HAL_UART_MspInit
                0x08001f84       0xb8 Src/stm32f4xx_hal_msp.o
                0x08001f84                HAL_UART_MspInit
 .text.NMI_Handler
                0x0800203c        0x4 Src/stm32f4xx_it.o
                0x0800203c                NMI_Handler
 .text.HardFault_Handler
                0x08002040        0x4 Src/stm32f4xx_it.o
                0x08002040                HardFault_Handler
 .text.MemManage_Handler
                0x08002044        0x4 Src/stm32f4xx_it.o
                0x08002044                MemManage_Handler
 .text.BusFault_Handler
                0x08002048        0x4 Src/stm32f4xx_it.o
                0x08002048                BusFault_Handler
 .text.UsageFault_Handler
                0x0800204c        0x4 Src/stm32f4xx_it.o
                0x0800204c                UsageFault_Handler
 .text.SVC_Handler
                0x08002050        0x4 Src/stm32f4xx_it.o
                0x08002050                SVC_Handler
 .text.DebugMon_Handler
                0x08002054        0x4 Src/stm32f4xx_it.o
                0x08002054                DebugMon_Handler
 .text.PendSV_Handler
                0x08002058        0x4 Src/stm32f4xx_it.o
                0x08002058                PendSV_Handler
 .text.SysTick_Handler
                0x0800205c        0xc Src/stm32f4xx_it.o
                0x0800205c                SysTick_Handler
 .text.USART3_IRQHandler
                0x08002068       0x10 Src/stm32f4xx_it.o
                0x08002068                USART3_IRQHandler
 .text.USART6_IRQHandler
                0x08002078       0x10 Src/stm32f4xx_it.o
                0x08002078                USART6_IRQHandler
 .text.SystemInit
                0x08002088       0x4c Src/system_stm32f4xx.o
                0x08002088                SystemInit
 .text.Reset_Handler
                0x080020d4       0x50 startup/startup_stm32f446xx.o
                0x080020d4                Reset_Handler
 .text.Default_Handler
                0x08002124        0x2 startup/startup_stm32f446xx.o
                0x08002124                RTC_Alarm_IRQHandler
                0x08002124                EXTI2_IRQHandler
                0x08002124                TIM8_CC_IRQHandler
                0x08002124                SPI4_IRQHandler
                0x08002124                TIM1_CC_IRQHandler
                0x08002124                DMA2_Stream5_IRQHandler
                0x08002124                DMA1_Stream5_IRQHandler
                0x08002124                PVD_IRQHandler
                0x08002124                SDIO_IRQHandler
                0x08002124                TAMP_STAMP_IRQHandler
                0x08002124                CAN2_RX1_IRQHandler
                0x08002124                EXTI3_IRQHandler
                0x08002124                TIM8_TRG_COM_TIM14_IRQHandler
                0x08002124                TIM1_UP_TIM10_IRQHandler
                0x08002124                TIM8_UP_TIM13_IRQHandler
                0x08002124                I2C3_ER_IRQHandler
                0x08002124                FMPI2C1_Event_IRQHandler
                0x08002124                EXTI0_IRQHandler
                0x08002124                I2C2_EV_IRQHandler
                0x08002124                DMA1_Stream2_IRQHandler
                0x08002124                CAN1_RX0_IRQHandler
                0x08002124                FPU_IRQHandler
                0x08002124                OTG_HS_WKUP_IRQHandler
                0x08002124                CAN2_SCE_IRQHandler
                0x08002124                DMA2_Stream2_IRQHandler
                0x08002124                SPI1_IRQHandler
                0x08002124                TIM6_DAC_IRQHandler
                0x08002124                TIM1_BRK_TIM9_IRQHandler
                0x08002124                DCMI_IRQHandler
                0x08002124                CAN2_RX0_IRQHandler
                0x08002124                DMA2_Stream3_IRQHandler
                0x08002124                SAI2_IRQHandler
                0x08002124                CAN1_RX1_IRQHandler
                0x08002124                UART5_IRQHandler
                0x08002124                DMA2_Stream0_IRQHandler
                0x08002124                TIM4_IRQHandler
                0x08002124                QUADSPI_IRQHandler
                0x08002124                I2C1_EV_IRQHandler
                0x08002124                DMA1_Stream6_IRQHandler
                0x08002124                DMA1_Stream1_IRQHandler
                0x08002124                UART4_IRQHandler
                0x08002124                TIM3_IRQHandler
                0x08002124                RCC_IRQHandler
                0x08002124                TIM8_BRK_TIM12_IRQHandler
                0x08002124                Default_Handler
                0x08002124                CEC_IRQHandler
                0x08002124                EXTI15_10_IRQHandler
                0x08002124                ADC_IRQHandler
                0x08002124                DMA1_Stream7_IRQHandler
                0x08002124                TIM7_IRQHandler
                0x08002124                CAN2_TX_IRQHandler
                0x08002124                TIM5_IRQHandler
                0x08002124                DMA2_Stream7_IRQHandler
                0x08002124                I2C3_EV_IRQHandler
                0x08002124                EXTI9_5_IRQHandler
                0x08002124                RTC_WKUP_IRQHandler
                0x08002124                SPDIF_RX_IRQHandler
                0x08002124                SPI2_IRQHandler
                0x08002124                OTG_HS_EP1_IN_IRQHandler
                0x08002124                DMA1_Stream0_IRQHandler
                0x08002124                CAN1_TX_IRQHandler
                0x08002124                EXTI4_IRQHandler
                0x08002124                OTG_HS_EP1_OUT_IRQHandler
                0x08002124                WWDG_IRQHandler
                0x08002124                TIM2_IRQHandler
                0x08002124                OTG_FS_WKUP_IRQHandler
                0x08002124                TIM1_TRG_COM_TIM11_IRQHandler
                0x08002124                OTG_HS_IRQHandler
                0x08002124                EXTI1_IRQHandler
                0x08002124                USART2_IRQHandler
                0x08002124                I2C2_ER_IRQHandler
                0x08002124                DMA2_Stream1_IRQHandler
                0x08002124                CAN1_SCE_IRQHandler
                0x08002124                FLASH_IRQHandler
                0x08002124                DMA2_Stream4_IRQHandler
                0x08002124                USART1_IRQHandler
                0x08002124                OTG_FS_IRQHandler
                0x08002124                SPI3_IRQHandler
                0x08002124                DMA1_Stream4_IRQHandler
                0x08002124                I2C1_ER_IRQHandler
                0x08002124                FMC_IRQHandler
                0x08002124                DMA2_Stream6_IRQHandler
                0x08002124                SAI1_IRQHandler
                0x08002124                DMA1_Stream3_IRQHandler
                0x08002124                FMPI2C1_Error_IRQHandler
 *fill*         0x08002126        0x2 
 .text.__libc_init_array
                0x08002128       0x4c d:/ac6/systemworkbench/plugins/fr.ac6.mcu.externaltools.arm-none.win32_1.13.2.201703061525/tools/compiler/bin/../lib/gcc/arm-none-eabi/5.4.1/../../../../arm-none-eabi/lib/armv7e-m/fpu\libc_nano.a(lib_a-init.o)
                0x08002128                __libc_init_array
 *(.glue_7)
 .glue_7        0x08002174        0x0 linker stubs
 *(.glue_7t)
 .glue_7t       0x08002174        0x0 linker stubs
 *(.eh_frame)
 .eh_frame      0x08002174        0x0 d:/ac6/systemworkbench/plugins/fr.ac6.mcu.externaltools.arm-none.win32_1.13.2.201703061525/tools/compiler/bin/../lib/gcc/arm-none-eabi/5.4.1/armv7e-m/fpu/crtbegin.o
 *(.init)
 .init          0x08002174        0x4 d:/ac6/systemworkbench/plugins/fr.ac6.mcu.externaltools.arm-none.win32_1.13.2.201703061525/tools/compiler/bin/../lib/gcc/arm-none-eabi/5.4.1/armv7e-m/fpu/crti.o
                0x08002174                _init
 .init          0x08002178        0x8 d:/ac6/systemworkbench/plugins/fr.ac6.mcu.externaltools.arm-none.win32_1.13.2.201703061525/tools/compiler/bin/../lib/gcc/arm-none-eabi/5.4.1/armv7e-m/fpu/crtn.o
 *(.fini)
 .fini          0x08002180        0x4 d:/ac6/systemworkbench/plugins/fr.ac6.mcu.externaltools.arm-none.win32_1.13.2.201703061525/tools/compiler/bin/../lib/gcc/arm-none-eabi/5.4.1/armv7e-m/fpu/crti.o
                0x08002180                _fini
 .fini          0x08002184        0x8 d:/ac6/systemworkbench/plugins/fr.ac6.mcu.externaltools.arm-none.win32_1.13.2.201703061525/tools/compiler/bin/../lib/gcc/arm-none-eabi/5.4.1/armv7e-m/fpu/crtn.o
                0x0800218c                . = ALIGN (0x4)
                0x0800218c                _etext = .

.vfp11_veneer   0x0800218c        0x0
 .vfp11_veneer  0x0800218c        0x0 linker stubs

.v4_bx          0x0800218c        0x0
 .v4_bx         0x0800218c        0x0 linker stubs

.iplt           0x0800218c        0x0
 .iplt          0x0800218c        0x0 d:/ac6/systemworkbench/plugins/fr.ac6.mcu.externaltools.arm-none.win32_1.13.2.201703061525/tools/compiler/bin/../lib/gcc/arm-none-eabi/5.4.1/armv7e-m/fpu/crtbegin.o

.rodata         0x0800218c       0x58
                0x0800218c                . = ALIGN (0x4)
 *(.rodata)
 .rodata        0x0800218c       0x18 Src/system_stm32f4xx.o
                0x0800218c                AHBPrescTable
                0x0800219c                APBPrescTable
 *(.rodata*)
 .rodata.str1.4
                0x080021a4       0x2f Drivers/Dynamixel_AX-12A/Dynamixel_AX-12A.o
 *fill*         0x080021d3        0x1 
 .rodata.str1.4
                0x080021d4       0x10 Src/main.o
                                  0xe (size before relaxing)
                0x080021e4                . = ALIGN (0x4)

.rel.dyn        0x080021e4        0x0
 .rel.iplt      0x080021e4        0x0 d:/ac6/systemworkbench/plugins/fr.ac6.mcu.externaltools.arm-none.win32_1.13.2.201703061525/tools/compiler/bin/../lib/gcc/arm-none-eabi/5.4.1/armv7e-m/fpu/crtbegin.o

.ARM.extab
 *(.ARM.extab* .gnu.linkonce.armextab.*)

.ARM            0x080021e4        0x0
                0x080021e4                __exidx_start = .
 *(.ARM.exidx*)
                0x080021e4                __exidx_end = .

.preinit_array  0x080021e4        0x0
                0x080021e4                PROVIDE (__preinit_array_start, .)
 *(.preinit_array*)
                0x080021e4                PROVIDE (__preinit_array_end, .)

.init_array     0x080021e4        0x4
                0x080021e4                PROVIDE (__init_array_start, .)
 *(SORT(.init_array.*))
 *(.init_array*)
 .init_array    0x080021e4        0x4 d:/ac6/systemworkbench/plugins/fr.ac6.mcu.externaltools.arm-none.win32_1.13.2.201703061525/tools/compiler/bin/../lib/gcc/arm-none-eabi/5.4.1/armv7e-m/fpu/crtbegin.o
                0x080021e8                PROVIDE (__init_array_end, .)

.fini_array     0x080021e8        0x4
                [!provide]                PROVIDE (__fini_array_start, .)
 *(SORT(.fini_array.*))
 *(.fini_array*)
 .fini_array    0x080021e8        0x4 d:/ac6/systemworkbench/plugins/fr.ac6.mcu.externaltools.arm-none.win32_1.13.2.201703061525/tools/compiler/bin/../lib/gcc/arm-none-eabi/5.4.1/armv7e-m/fpu/crtbegin.o
                [!provide]                PROVIDE (__fini_array_end, .)
                0x080021ec                _sidata = LOADADDR (.data)

.data           0x20000000        0x4 load address 0x080021ec
                0x20000000                . = ALIGN (0x4)
                0x20000000                _sdata = .
 *(.data)
 .data          0x20000000        0x4 Src/system_stm32f4xx.o
                0x20000000                SystemCoreClock
 *(.data*)
                0x20000004                . = ALIGN (0x4)
                0x20000004                _edata = .

.jcr            0x20000004        0x0 load address 0x080021f0
 .jcr           0x20000004        0x0 d:/ac6/systemworkbench/plugins/fr.ac6.mcu.externaltools.arm-none.win32_1.13.2.201703061525/tools/compiler/bin/../lib/gcc/arm-none-eabi/5.4.1/armv7e-m/fpu/crtbegin.o

.igot.plt       0x20000004        0x0 load address 0x080021f0
 .igot.plt      0x20000004        0x0 d:/ac6/systemworkbench/plugins/fr.ac6.mcu.externaltools.arm-none.win32_1.13.2.201703061525/tools/compiler/bin/../lib/gcc/arm-none-eabi/5.4.1/armv7e-m/fpu/crtbegin.o
                0x20000004                . = ALIGN (0x4)

.bss            0x20000004       0xb0 load address 0x080021f0
                0x20000004                _sbss = .
                0x20000004                __bss_start__ = _sbss
 *(.bss)
 .bss           0x20000004       0x1c d:/ac6/systemworkbench/plugins/fr.ac6.mcu.externaltools.arm-none.win32_1.13.2.201703061525/tools/compiler/bin/../lib/gcc/arm-none-eabi/5.4.1/armv7e-m/fpu/crtbegin.o
 *(.bss*)
 *(COMMON)
 COMMON         0x20000020        0x8 Drivers/Dynamixel_AX-12A/Dynamixel_AX-12A.o
                0x20000020                arrReceive
 COMMON         0x20000028        0x4 Drivers/STM32F4xx_HAL_Driver/Src/stm32f4xx_hal.o
                0x20000028                uwTick
 COMMON         0x2000002c       0x88 Src/main.o
                0x2000002c                huart3
                0x2000006c                buffrec
                0x20000074                huart6
                0x200000b4                . = ALIGN (0x4)
                0x200000b4                _ebss = .
                0x200000b4                __bss_end__ = _ebss

._user_heap_stack
                0x200000b4      0x604 load address 0x080021f0
                0x200000b8                . = ALIGN (0x8)
 *fill*         0x200000b4        0x4 
                [!provide]                PROVIDE (end, .)
                [!provide]                PROVIDE (_end, .)
                0x200002b8                . = (. + _Min_Heap_Size)
 *fill*         0x200000b8      0x200 
                0x200006b8                . = (. + _Min_Stack_Size)
 *fill*         0x200002b8      0x400 
                0x200006b8                . = ALIGN (0x8)

/DISCARD/
 libc.a(*)
 libm.a(*)
 libgcc.a(*)

.ARM.attributes
                0x00000000       0x30
 *(.ARM.attributes)
 .ARM.attributes
                0x00000000       0x22 d:/ac6/systemworkbench/plugins/fr.ac6.mcu.externaltools.arm-none.win32_1.13.2.201703061525/tools/compiler/bin/../lib/gcc/arm-none-eabi/5.4.1/armv7e-m/fpu/crti.o
 .ARM.attributes
                0x00000022       0x34 d:/ac6/systemworkbench/plugins/fr.ac6.mcu.externaltools.arm-none.win32_1.13.2.201703061525/tools/compiler/bin/../lib/gcc/arm-none-eabi/5.4.1/armv7e-m/fpu/crtbegin.o
 .ARM.attributes
                0x00000056       0x39 Drivers/Dynamixel_AX-12A/Dynamixel_AX-12A.o
 .ARM.attributes
                0x0000008f       0x39 Drivers/STM32F4xx_HAL_Driver/Src/stm32f4xx_hal.o
 .ARM.attributes
                0x000000c8       0x39 Drivers/STM32F4xx_HAL_Driver/Src/stm32f4xx_hal_cortex.o
 .ARM.attributes
                0x00000101       0x39 Drivers/STM32F4xx_HAL_Driver/Src/stm32f4xx_hal_dma.o
 .ARM.attributes
                0x0000013a       0x39 Drivers/STM32F4xx_HAL_Driver/Src/stm32f4xx_hal_gpio.o
 .ARM.attributes
                0x00000173       0x39 Drivers/STM32F4xx_HAL_Driver/Src/stm32f4xx_hal_rcc.o
 .ARM.attributes
                0x000001ac       0x39 Drivers/STM32F4xx_HAL_Driver/Src/stm32f4xx_hal_rcc_ex.o
 .ARM.attributes
                0x000001e5       0x39 Drivers/STM32F4xx_HAL_Driver/Src/stm32f4xx_hal_uart.o
 .ARM.attributes
                0x0000021e       0x39 Src/main.o
 .ARM.attributes
                0x00000257       0x39 Src/stm32f4xx_hal_msp.o
 .ARM.attributes
                0x00000290       0x39 Src/stm32f4xx_it.o
 .ARM.attributes
                0x000002c9       0x39 Src/system_stm32f4xx.o
 .ARM.attributes
                0x00000302       0x21 startup/startup_stm32f446xx.o
 .ARM.attributes
                0x00000323       0x22 d:/ac6/systemworkbench/plugins/fr.ac6.mcu.externaltools.arm-none.win32_1.13.2.201703061525/tools/compiler/bin/../lib/gcc/arm-none-eabi/5.4.1/armv7e-m/fpu\libgcc.a(_arm_muldivdf3.o)
 .ARM.attributes
                0x00000345       0x22 d:/ac6/systemworkbench/plugins/fr.ac6.mcu.externaltools.arm-none.win32_1.13.2.201703061525/tools/compiler/bin/../lib/gcc/arm-none-eabi/5.4.1/armv7e-m/fpu\libgcc.a(_arm_fixdfsi.o)
 .ARM.attributes
                0x00000367       0x34 d:/ac6/systemworkbench/plugins/fr.ac6.mcu.externaltools.arm-none.win32_1.13.2.201703061525/tools/compiler/bin/../lib/gcc/arm-none-eabi/5.4.1/../../../../arm-none-eabi/lib/armv7e-m/fpu\libc_nano.a(lib_a-init.o)
 .ARM.attributes
                0x0000039b       0x22 d:/ac6/systemworkbench/plugins/fr.ac6.mcu.externaltools.arm-none.win32_1.13.2.201703061525/tools/compiler/bin/../lib/gcc/arm-none-eabi/5.4.1/armv7e-m/fpu/crtn.o
OUTPUT(Dynamixel_AX-12_Motor.elf elf32-littlearm)

.debug_info     0x00000000     0xa929
 .debug_info    0x00000000     0x1c8a Drivers/Dynamixel_AX-12A/Dynamixel_AX-12A.o
 .debug_info    0x00001c8a      0x97a Drivers/STM32F4xx_HAL_Driver/Src/stm32f4xx_hal.o
 .debug_info    0x00002604      0xf2b Drivers/STM32F4xx_HAL_Driver/Src/stm32f4xx_hal_cortex.o
 .debug_info    0x0000352f      0xa62 Drivers/STM32F4xx_HAL_Driver/Src/stm32f4xx_hal_dma.o
 .debug_info    0x00003f91      0x778 Drivers/STM32F4xx_HAL_Driver/Src/stm32f4xx_hal_gpio.o
 .debug_info    0x00004709      0xd25 Drivers/STM32F4xx_HAL_Driver/Src/stm32f4xx_hal_rcc.o
 .debug_info    0x0000542e     0x13e4 Drivers/STM32F4xx_HAL_Driver/Src/stm32f4xx_hal_rcc_ex.o
 .debug_info    0x00006812     0x16b4 Drivers/STM32F4xx_HAL_Driver/Src/stm32f4xx_hal_uart.o
 .debug_info    0x00007ec6     0x1133 Src/main.o
 .debug_info    0x00008ff9      0xd16 Src/stm32f4xx_hal_msp.o
 .debug_info    0x00009d0f      0x65c Src/stm32f4xx_it.o
 .debug_info    0x0000a36b      0x534 Src/system_stm32f4xx.o
 .debug_info    0x0000a89f       0x8a startup/startup_stm32f446xx.o

.debug_abbrev   0x00000000     0x1a2b
 .debug_abbrev  0x00000000      0x2b7 Drivers/Dynamixel_AX-12A/Dynamixel_AX-12A.o
 .debug_abbrev  0x000002b7      0x25c Drivers/STM32F4xx_HAL_Driver/Src/stm32f4xx_hal.o
 .debug_abbrev  0x00000513      0x2fe Drivers/STM32F4xx_HAL_Driver/Src/stm32f4xx_hal_cortex.o
 .debug_abbrev  0x00000811      0x28e Drivers/STM32F4xx_HAL_Driver/Src/stm32f4xx_hal_dma.o
 .debug_abbrev  0x00000a9f      0x1cd Drivers/STM32F4xx_HAL_Driver/Src/stm32f4xx_hal_gpio.o
 .debug_abbrev  0x00000c6c      0x2b0 Drivers/STM32F4xx_HAL_Driver/Src/stm32f4xx_hal_rcc.o
 .debug_abbrev  0x00000f1c      0x262 Drivers/STM32F4xx_HAL_Driver/Src/stm32f4xx_hal_rcc_ex.o
 .debug_abbrev  0x0000117e      0x26f Drivers/STM32F4xx_HAL_Driver/Src/stm32f4xx_hal_uart.o
 .debug_abbrev  0x000013ed      0x210 Src/main.o
 .debug_abbrev  0x000015fd      0x1a0 Src/stm32f4xx_hal_msp.o
 .debug_abbrev  0x0000179d      0x178 Src/stm32f4xx_it.o
 .debug_abbrev  0x00001915      0x104 Src/system_stm32f4xx.o
 .debug_abbrev  0x00001a19       0x12 startup/startup_stm32f446xx.o

.debug_loc      0x00000000     0x4f6f
 .debug_loc     0x00000000     0x11ca Drivers/Dynamixel_AX-12A/Dynamixel_AX-12A.o
 .debug_loc     0x000011ca       0x91 Drivers/STM32F4xx_HAL_Driver/Src/stm32f4xx_hal.o
 .debug_loc     0x0000125b      0x548 Drivers/STM32F4xx_HAL_Driver/Src/stm32f4xx_hal_cortex.o
 .debug_loc     0x000017a3      0xa0b Drivers/STM32F4xx_HAL_Driver/Src/stm32f4xx_hal_dma.o
 .debug_loc     0x000021ae      0x38f Drivers/STM32F4xx_HAL_Driver/Src/stm32f4xx_hal_gpio.o
 .debug_loc     0x0000253d      0x622 Drivers/STM32F4xx_HAL_Driver/Src/stm32f4xx_hal_rcc.o
 .debug_loc     0x00002b5f      0xef0 Drivers/STM32F4xx_HAL_Driver/Src/stm32f4xx_hal_rcc_ex.o
 .debug_loc     0x00003a4f     0x137a Drivers/STM32F4xx_HAL_Driver/Src/stm32f4xx_hal_uart.o
 .debug_loc     0x00004dc9       0x74 Src/stm32f4xx_hal_msp.o
 .debug_loc     0x00004e3d      0x132 Src/system_stm32f4xx.o

.debug_aranges  0x00000000      0x7c0
 .debug_aranges
                0x00000000      0x180 Drivers/Dynamixel_AX-12A/Dynamixel_AX-12A.o
 .debug_aranges
                0x00000180       0xc8 Drivers/STM32F4xx_HAL_Driver/Src/stm32f4xx_hal.o
 .debug_aranges
                0x00000248       0xa8 Drivers/STM32F4xx_HAL_Driver/Src/stm32f4xx_hal_cortex.o
 .debug_aranges
                0x000002f0       0x90 Drivers/STM32F4xx_HAL_Driver/Src/stm32f4xx_hal_dma.o
 .debug_aranges
                0x00000380       0x58 Drivers/STM32F4xx_HAL_Driver/Src/stm32f4xx_hal_gpio.o
 .debug_aranges
                0x000003d8       0x88 Drivers/STM32F4xx_HAL_Driver/Src/stm32f4xx_hal_rcc.o
 .debug_aranges
                0x00000460       0x58 Drivers/STM32F4xx_HAL_Driver/Src/stm32f4xx_hal_rcc_ex.o
 .debug_aranges
                0x000004b8      0x1d0 Drivers/STM32F4xx_HAL_Driver/Src/stm32f4xx_hal_uart.o
 .debug_aranges
                0x00000688       0x48 Src/main.o
 .debug_aranges
                0x000006d0       0x30 Src/stm32f4xx_hal_msp.o
 .debug_aranges
                0x00000700       0x70 Src/stm32f4xx_it.o
 .debug_aranges
                0x00000770       0x28 Src/system_stm32f4xx.o
 .debug_aranges
                0x00000798       0x28 startup/startup_stm32f446xx.o

.debug_ranges   0x00000000      0x710
 .debug_ranges  0x00000000      0x188 Drivers/Dynamixel_AX-12A/Dynamixel_AX-12A.o
 .debug_ranges  0x00000188       0xb8 Drivers/STM32F4xx_HAL_Driver/Src/stm32f4xx_hal.o
 .debug_ranges  0x00000240       0x98 Drivers/STM32F4xx_HAL_Driver/Src/stm32f4xx_hal_cortex.o
 .debug_ranges  0x000002d8       0x80 Drivers/STM32F4xx_HAL_Driver/Src/stm32f4xx_hal_dma.o
 .debug_ranges  0x00000358       0x48 Drivers/STM32F4xx_HAL_Driver/Src/stm32f4xx_hal_gpio.o
 .debug_ranges  0x000003a0       0x78 Drivers/STM32F4xx_HAL_Driver/Src/stm32f4xx_hal_rcc.o
 .debug_ranges  0x00000418       0x48 Drivers/STM32F4xx_HAL_Driver/Src/stm32f4xx_hal_rcc_ex.o
 .debug_ranges  0x00000460      0x1c0 Drivers/STM32F4xx_HAL_Driver/Src/stm32f4xx_hal_uart.o
 .debug_ranges  0x00000620       0x38 Src/main.o
 .debug_ranges  0x00000658       0x20 Src/stm32f4xx_hal_msp.o
 .debug_ranges  0x00000678       0x60 Src/stm32f4xx_it.o
 .debug_ranges  0x000006d8       0x18 Src/system_stm32f4xx.o
 .debug_ranges  0x000006f0       0x20 startup/startup_stm32f446xx.o

.debug_macro    0x00000000    0x2140a
 .debug_macro   0x00000000      0x304 Drivers/Dynamixel_AX-12A/Dynamixel_AX-12A.o
 .debug_macro   0x00000304      0x898 Drivers/Dynamixel_AX-12A/Dynamixel_AX-12A.o
 .debug_macro   0x00000b9c       0x10 Drivers/Dynamixel_AX-12A/Dynamixel_AX-12A.o
 .debug_macro   0x00000bac      0x17a Drivers/Dynamixel_AX-12A/Dynamixel_AX-12A.o
 .debug_macro   0x00000d26       0x33 Drivers/Dynamixel_AX-12A/Dynamixel_AX-12A.o
 .debug_macro   0x00000d59       0x28 Drivers/Dynamixel_AX-12A/Dynamixel_AX-12A.o
 .debug_macro   0x00000d81       0x22 Drivers/Dynamixel_AX-12A/Dynamixel_AX-12A.o
 .debug_macro   0x00000da3       0x87 Drivers/Dynamixel_AX-12A/Dynamixel_AX-12A.o
 .debug_macro   0x00000e2a       0x44 Drivers/Dynamixel_AX-12A/Dynamixel_AX-12A.o
 .debug_macro   0x00000e6e       0xfd Drivers/Dynamixel_AX-12A/Dynamixel_AX-12A.o
 .debug_macro   0x00000f6b       0x5e Drivers/Dynamixel_AX-12A/Dynamixel_AX-12A.o
 .debug_macro   0x00000fc9      0x1df Drivers/Dynamixel_AX-12A/Dynamixel_AX-12A.o
 .debug_macro   0x000011a8       0x35 Drivers/Dynamixel_AX-12A/Dynamixel_AX-12A.o
 .debug_macro   0x000011dd       0x50 Drivers/Dynamixel_AX-12A/Dynamixel_AX-12A.o
 .debug_macro   0x0000122d      0xe66 Drivers/Dynamixel_AX-12A/Dynamixel_AX-12A.o
 .debug_macro   0x00002093    0x16703 Drivers/Dynamixel_AX-12A/Dynamixel_AX-12A.o
 .debug_macro   0x00018796       0x43 Drivers/Dynamixel_AX-12A/Dynamixel_AX-12A.o
 .debug_macro   0x000187d9     0x3574 Drivers/Dynamixel_AX-12A/Dynamixel_AX-12A.o
 .debug_macro   0x0001bd4d       0x52 Drivers/Dynamixel_AX-12A/Dynamixel_AX-12A.o
 .debug_macro   0x0001bd9f       0x35 Drivers/Dynamixel_AX-12A/Dynamixel_AX-12A.o
 .debug_macro   0x0001bdd4       0x9c Drivers/Dynamixel_AX-12A/Dynamixel_AX-12A.o
 .debug_macro   0x0001be70       0x16 Drivers/Dynamixel_AX-12A/Dynamixel_AX-12A.o
 .debug_macro   0x0001be86       0x97 Drivers/Dynamixel_AX-12A/Dynamixel_AX-12A.o
 .debug_macro   0x0001bf1d      0x30d Drivers/Dynamixel_AX-12A/Dynamixel_AX-12A.o
 .debug_macro   0x0001c22a       0xfd Drivers/Dynamixel_AX-12A/Dynamixel_AX-12A.o
 .debug_macro   0x0001c327       0x10 Drivers/Dynamixel_AX-12A/Dynamixel_AX-12A.o
 .debug_macro   0x0001c337       0x52 Drivers/Dynamixel_AX-12A/Dynamixel_AX-12A.o
 .debug_macro   0x0001c389       0x1f Drivers/Dynamixel_AX-12A/Dynamixel_AX-12A.o
 .debug_macro   0x0001c3a8       0x43 Drivers/Dynamixel_AX-12A/Dynamixel_AX-12A.o
 .debug_macro   0x0001c3eb       0x20 Drivers/Dynamixel_AX-12A/Dynamixel_AX-12A.o
 .debug_macro   0x0001c40b      0x187 Drivers/Dynamixel_AX-12A/Dynamixel_AX-12A.o
 .debug_macro   0x0001c592       0x10 Drivers/Dynamixel_AX-12A/Dynamixel_AX-12A.o
 .debug_macro   0x0001c5a2       0x1c Drivers/Dynamixel_AX-12A/Dynamixel_AX-12A.o
 .debug_macro   0x0001c5be       0x52 Drivers/Dynamixel_AX-12A/Dynamixel_AX-12A.o
 .debug_macro   0x0001c610       0x40 Drivers/Dynamixel_AX-12A/Dynamixel_AX-12A.o
 .debug_macro   0x0001c650       0x10 Drivers/Dynamixel_AX-12A/Dynamixel_AX-12A.o
 .debug_macro   0x0001c660       0x40 Drivers/Dynamixel_AX-12A/Dynamixel_AX-12A.o
 .debug_macro   0x0001c6a0       0xd7 Drivers/Dynamixel_AX-12A/Dynamixel_AX-12A.o
 .debug_macro   0x0001c777       0x16 Drivers/Dynamixel_AX-12A/Dynamixel_AX-12A.o
 .debug_macro   0x0001c78d      0x18b Drivers/Dynamixel_AX-12A/Dynamixel_AX-12A.o
 .debug_macro   0x0001c918       0x50 Drivers/Dynamixel_AX-12A/Dynamixel_AX-12A.o
 .debug_macro   0x0001c968      0xc90 Drivers/Dynamixel_AX-12A/Dynamixel_AX-12A.o
 .debug_macro   0x0001d5f8      0x9e1 Drivers/Dynamixel_AX-12A/Dynamixel_AX-12A.o
 .debug_macro   0x0001dfd9      0x11e Drivers/Dynamixel_AX-12A/Dynamixel_AX-12A.o
 .debug_macro   0x0001e0f7      0x1a0 Drivers/Dynamixel_AX-12A/Dynamixel_AX-12A.o
 .debug_macro   0x0001e297       0x27 Drivers/Dynamixel_AX-12A/Dynamixel_AX-12A.o
 .debug_macro   0x0001e2be      0x287 Drivers/Dynamixel_AX-12A/Dynamixel_AX-12A.o
 .debug_macro   0x0001e545       0x5f Drivers/Dynamixel_AX-12A/Dynamixel_AX-12A.o
 .debug_macro   0x0001e5a4      0x23a Drivers/Dynamixel_AX-12A/Dynamixel_AX-12A.o
 .debug_macro   0x0001e7de      0x13a Drivers/Dynamixel_AX-12A/Dynamixel_AX-12A.o
 .debug_macro   0x0001e918      0x29c Drivers/Dynamixel_AX-12A/Dynamixel_AX-12A.o
 .debug_macro   0x0001ebb4       0x2e Drivers/Dynamixel_AX-12A/Dynamixel_AX-12A.o
 .debug_macro   0x0001ebe2      0x11e Drivers/Dynamixel_AX-12A/Dynamixel_AX-12A.o
 .debug_macro   0x0001ed00       0xe8 Drivers/Dynamixel_AX-12A/Dynamixel_AX-12A.o
 .debug_macro   0x0001ede8       0x89 Drivers/Dynamixel_AX-12A/Dynamixel_AX-12A.o
 .debug_macro   0x0001ee71      0x287 Drivers/Dynamixel_AX-12A/Dynamixel_AX-12A.o
 .debug_macro   0x0001f0f8      0x11e Drivers/Dynamixel_AX-12A/Dynamixel_AX-12A.o
 .debug_macro   0x0001f216       0x40 Drivers/Dynamixel_AX-12A/Dynamixel_AX-12A.o
 .debug_macro   0x0001f256      0x355 Drivers/STM32F4xx_HAL_Driver/Src/stm32f4xx_hal.o
 .debug_macro   0x0001f5ab      0x2f5 Drivers/STM32F4xx_HAL_Driver/Src/stm32f4xx_hal_cortex.o
 .debug_macro   0x0001f8a0      0x2fc Drivers/STM32F4xx_HAL_Driver/Src/stm32f4xx_hal_dma.o
 .debug_macro   0x0001fb9c      0x32d Drivers/STM32F4xx_HAL_Driver/Src/stm32f4xx_hal_gpio.o
 .debug_macro   0x0001fec9      0x31f Drivers/STM32F4xx_HAL_Driver/Src/stm32f4xx_hal_rcc.o
 .debug_macro   0x000201e8      0x2f5 Drivers/STM32F4xx_HAL_Driver/Src/stm32f4xx_hal_rcc_ex.o
 .debug_macro   0x000204dd      0x2f6 Drivers/STM32F4xx_HAL_Driver/Src/stm32f4xx_hal_uart.o
 .debug_macro   0x000207d3      0x302 Src/main.o
 .debug_macro   0x00020ad5       0x46 Src/main.o
 .debug_macro   0x00020b1b      0x2f5 Src/stm32f4xx_hal_msp.o
 .debug_macro   0x00020e10      0x2ff Src/stm32f4xx_it.o
 .debug_macro   0x0002110f      0x2fb Src/system_stm32f4xx.o

.debug_line     0x00000000     0x7ec1
 .debug_line    0x00000000      0xcbb Drivers/Dynamixel_AX-12A/Dynamixel_AX-12A.o
 .debug_line    0x00000cbb      0x97c Drivers/STM32F4xx_HAL_Driver/Src/stm32f4xx_hal.o
 .debug_line    0x00001637      0x9d9 Drivers/STM32F4xx_HAL_Driver/Src/stm32f4xx_hal_cortex.o
 .debug_line    0x00002010      0xadc Drivers/STM32F4xx_HAL_Driver/Src/stm32f4xx_hal_dma.o
 .debug_line    0x00002aec      0x947 Drivers/STM32F4xx_HAL_Driver/Src/stm32f4xx_hal_gpio.o
 .debug_line    0x00003433      0xaf9 Drivers/STM32F4xx_HAL_Driver/Src/stm32f4xx_hal_rcc.o
 .debug_line    0x00003f2c      0xd8d Drivers/STM32F4xx_HAL_Driver/Src/stm32f4xx_hal_rcc_ex.o
 .debug_line    0x00004cb9     0x1076 Drivers/STM32F4xx_HAL_Driver/Src/stm32f4xx_hal_uart.o
 .debug_line    0x00005d2f      0x893 Src/main.o
 .debug_line    0x000065c2      0x80f Src/stm32f4xx_hal_msp.o
 .debug_line    0x00006dd1      0x87c Src/stm32f4xx_it.o
 .debug_line    0x0000764d      0x7f5 Src/system_stm32f4xx.o
 .debug_line    0x00007e42       0x7f startup/startup_stm32f446xx.o

.debug_str      0x00000000    0xc201f
 .debug_str     0x00000000    0xbfd9b Drivers/Dynamixel_AX-12A/Dynamixel_AX-12A.o
                              0xc00c0 (size before relaxing)
 .debug_str     0x000bfd9b      0xc02 Drivers/STM32F4xx_HAL_Driver/Src/stm32f4xx_hal.o
                              0xc012e (size before relaxing)
 .debug_str     0x000c099d      0x3ae Drivers/STM32F4xx_HAL_Driver/Src/stm32f4xx_hal_cortex.o
                              0xbfed1 (size before relaxing)
 .debug_str     0x000c0d4b      0x328 Drivers/STM32F4xx_HAL_Driver/Src/stm32f4xx_hal_dma.o
                              0xbfa15 (size before relaxing)
 .debug_str     0x000c1073      0x243 Drivers/STM32F4xx_HAL_Driver/Src/stm32f4xx_hal_gpio.o
                              0xbf848 (size before relaxing)
 .debug_str     0x000c12b6      0x3a1 Drivers/STM32F4xx_HAL_Driver/Src/stm32f4xx_hal_rcc.o
                              0xbfa4a (size before relaxing)
 .debug_str     0x000c1657      0x2be Drivers/STM32F4xx_HAL_Driver/Src/stm32f4xx_hal_rcc_ex.o
                              0xbf9dc (size before relaxing)
 .debug_str     0x000c1915      0x52f Drivers/STM32F4xx_HAL_Driver/Src/stm32f4xx_hal_uart.o
                              0xbfe68 (size before relaxing)
 .debug_str     0x000c1e44       0x8a Src/main.o
                              0xc038a (size before relaxing)
 .debug_str     0x000c1ece       0x1b Src/stm32f4xx_hal_msp.o
                              0xbffa6 (size before relaxing)
 .debug_str     0x000c1ee9       0xdc Src/stm32f4xx_it.o
                              0xbf940 (size before relaxing)
 .debug_str     0x000c1fc5       0x5a Src/system_stm32f4xx.o
                              0xbf630 (size before relaxing)

.comment        0x00000000       0x6e
 .comment       0x00000000       0x6e Drivers/Dynamixel_AX-12A/Dynamixel_AX-12A.o
                                 0x6f (size before relaxing)
 .comment       0x0000006e       0x6f Drivers/STM32F4xx_HAL_Driver/Src/stm32f4xx_hal.o
 .comment       0x0000006e       0x6f Drivers/STM32F4xx_HAL_Driver/Src/stm32f4xx_hal_cortex.o
 .comment       0x0000006e       0x6f Drivers/STM32F4xx_HAL_Driver/Src/stm32f4xx_hal_dma.o
 .comment       0x0000006e       0x6f Drivers/STM32F4xx_HAL_Driver/Src/stm32f4xx_hal_gpio.o
 .comment       0x0000006e       0x6f Drivers/STM32F4xx_HAL_Driver/Src/stm32f4xx_hal_rcc.o
 .comment       0x0000006e       0x6f Drivers/STM32F4xx_HAL_Driver/Src/stm32f4xx_hal_rcc_ex.o
 .comment       0x0000006e       0x6f Drivers/STM32F4xx_HAL_Driver/Src/stm32f4xx_hal_uart.o
 .comment       0x0000006e       0x6f Src/main.o
 .comment       0x0000006e       0x6f Src/stm32f4xx_hal_msp.o
 .comment       0x0000006e       0x6f Src/stm32f4xx_it.o
 .comment       0x0000006e       0x6f Src/system_stm32f4xx.o

.debug_frame    0x00000000     0x13c8
 .debug_frame   0x00000000      0x540 Drivers/Dynamixel_AX-12A/Dynamixel_AX-12A.o
 .debug_frame   0x00000540      0x198 Drivers/STM32F4xx_HAL_Driver/Src/stm32f4xx_hal.o
 .debug_frame   0x000006d8      0x154 Drivers/STM32F4xx_HAL_Driver/Src/stm32f4xx_hal_cortex.o
 .debug_frame   0x0000082c      0x184 Drivers/STM32F4xx_HAL_Driver/Src/stm32f4xx_hal_dma.o
 .debug_frame   0x000009b0       0xc4 Drivers/STM32F4xx_HAL_Driver/Src/stm32f4xx_hal_gpio.o
 .debug_frame   0x00000a74      0x150 Drivers/STM32F4xx_HAL_Driver/Src/stm32f4xx_hal_rcc.o
 .debug_frame   0x00000bc4       0xdc Drivers/STM32F4xx_HAL_Driver/Src/stm32f4xx_hal_rcc_ex.o
 .debug_frame   0x00000ca0      0x4e8 Drivers/STM32F4xx_HAL_Driver/Src/stm32f4xx_hal_uart.o
 .debug_frame   0x00001188       0xac Src/main.o
 .debug_frame   0x00001234       0x60 Src/stm32f4xx_hal_msp.o
 .debug_frame   0x00001294       0xd8 Src/stm32f4xx_it.o
 .debug_frame   0x0000136c       0x30 Src/system_stm32f4xx.o
 .debug_frame   0x0000139c       0x2c d:/ac6/systemworkbench/plugins/fr.ac6.mcu.externaltools.arm-none.win32_1.13.2.201703061525/tools/compiler/bin/../lib/gcc/arm-none-eabi/5.4.1/../../../../arm-none-eabi/lib/armv7e-m/fpu\libc_nano.a(lib_a-init.o)
