../Drivers/STM32F4xx_HAL_Driver/Src/stm32f4xx_hal_can.c:275:19:HAL_CAN_Init	24	static
../Drivers/STM32F4xx_HAL_Driver/Src/stm32f4xx_hal_can.c:460:19:HAL_CAN_DeInit	16	static
../Drivers/STM32F4xx_HAL_Driver/Src/stm32f4xx_hal_can.c:507:13:HAL_CAN_MspInit	16	static
../Drivers/STM32F4xx_HAL_Driver/Src/stm32f4xx_hal_can.c:523:13:HAL_CAN_MspDeInit	16	static
../Drivers/STM32F4xx_HAL_Driver/Src/stm32f4xx_hal_can.c:840:19:HAL_CAN_ConfigFilter	32	static
../Drivers/STM32F4xx_HAL_Driver/Src/stm32f4xx_hal_can.c:1036:19:HAL_CAN_Start	24	static
../Drivers/STM32F4xx_HAL_Driver/Src/stm32f4xx_hal_can.c:1088:19:HAL_CAN_Stop	24	static
../Drivers/STM32F4xx_HAL_Driver/Src/stm32f4xx_hal_can.c:1143:19:HAL_CAN_RequestSleep	24	static
../Drivers/STM32F4xx_HAL_Driver/Src/stm32f4xx_hal_can.c:1174:19:HAL_CAN_WakeUp	24	static
../Drivers/STM32F4xx_HAL_Driver/Src/stm32f4xx_hal_can.c:1221:10:HAL_CAN_IsSleepActive	24	static
../Drivers/STM32F4xx_HAL_Driver/Src/stm32f4xx_hal_can.c:1252:19:HAL_CAN_AddTxMessage	40	static
../Drivers/STM32F4xx_HAL_Driver/Src/stm32f4xx_hal_can.c:1352:19:HAL_CAN_AbortTxRequest	24	static
../Drivers/STM32F4xx_HAL_Driver/Src/stm32f4xx_hal_can.c:1401:10:HAL_CAN_GetTxMailboxesFreeLevel	24	static
../Drivers/STM32F4xx_HAL_Driver/Src/stm32f4xx_hal_can.c:1444:10:HAL_CAN_IsTxMessagePending	24	static
../Drivers/STM32F4xx_HAL_Driver/Src/stm32f4xx_hal_can.c:1476:10:HAL_CAN_GetTxTimestamp	40	static,ignoring_inline_asm
../Drivers/STM32F4xx_HAL_Driver/Src/stm32f4xx_hal_can.c:1510:19:HAL_CAN_GetRxMessage	32	static
../Drivers/STM32F4xx_HAL_Driver/Src/stm32f4xx_hal_can.c:1610:10:HAL_CAN_GetRxFifoFillLevel	24	static
../Drivers/STM32F4xx_HAL_Driver/Src/stm32f4xx_hal_can.c:1663:19:HAL_CAN_ActivateNotification	24	static
../Drivers/STM32F4xx_HAL_Driver/Src/stm32f4xx_hal_can.c:1696:19:HAL_CAN_DeactivateNotification	24	static
../Drivers/STM32F4xx_HAL_Driver/Src/stm32f4xx_hal_can.c:1727:6:HAL_CAN_IRQHandler	48	static
../Drivers/STM32F4xx_HAL_Driver/Src/stm32f4xx_hal_can.c:2138:13:HAL_CAN_TxMailbox0CompleteCallback	16	static
../Drivers/STM32F4xx_HAL_Driver/Src/stm32f4xx_hal_can.c:2155:13:HAL_CAN_TxMailbox1CompleteCallback	16	static
../Drivers/STM32F4xx_HAL_Driver/Src/stm32f4xx_hal_can.c:2172:13:HAL_CAN_TxMailbox2CompleteCallback	16	static
../Drivers/STM32F4xx_HAL_Driver/Src/stm32f4xx_hal_can.c:2189:13:HAL_CAN_TxMailbox0AbortCallback	16	static
../Drivers/STM32F4xx_HAL_Driver/Src/stm32f4xx_hal_can.c:2206:13:HAL_CAN_TxMailbox1AbortCallback	16	static
../Drivers/STM32F4xx_HAL_Driver/Src/stm32f4xx_hal_can.c:2223:13:HAL_CAN_TxMailbox2AbortCallback	16	static
../Drivers/STM32F4xx_HAL_Driver/Src/stm32f4xx_hal_can.c:2240:13:HAL_CAN_RxFifo0MsgPendingCallback	16	static
../Drivers/STM32F4xx_HAL_Driver/Src/stm32f4xx_hal_can.c:2257:13:HAL_CAN_RxFifo0FullCallback	16	static
../Drivers/STM32F4xx_HAL_Driver/Src/stm32f4xx_hal_can.c:2274:13:HAL_CAN_RxFifo1MsgPendingCallback	16	static
../Drivers/STM32F4xx_HAL_Driver/Src/stm32f4xx_hal_can.c:2291:13:HAL_CAN_RxFifo1FullCallback	16	static
../Drivers/STM32F4xx_HAL_Driver/Src/stm32f4xx_hal_can.c:2308:13:HAL_CAN_SleepCallback	16	static
../Drivers/STM32F4xx_HAL_Driver/Src/stm32f4xx_hal_can.c:2324:13:HAL_CAN_WakeUpFromRxMsgCallback	16	static
../Drivers/STM32F4xx_HAL_Driver/Src/stm32f4xx_hal_can.c:2341:13:HAL_CAN_ErrorCallback	16	static
../Drivers/STM32F4xx_HAL_Driver/Src/stm32f4xx_hal_can.c:2378:22:HAL_CAN_GetState	24	static
../Drivers/STM32F4xx_HAL_Driver/Src/stm32f4xx_hal_can.c:2413:10:HAL_CAN_GetError	16	static
../Drivers/STM32F4xx_HAL_Driver/Src/stm32f4xx_hal_can.c:2425:19:HAL_CAN_ResetError	24	static
