18:08:30 **** Incremental Build of configuration Debug for project BlinkLED ****
make all 
Building file: ../Src/main.c
Invoking: MCU GCC Compiler
%cd%
arm-none-eabi-gcc -mcpu=cortex-m4 -mthumb -mfloat-abi=hard -mfpu=fpv4-sp-d16 '-D__weak=__attribute__((weak))' '-D__packed=__attribute__((__packed__))' -DUSE_HAL_DRIVER -DSTM32L432xx -I"D:/Users/Tyler/Documents/STM/Workspace/Workshop/BlinkLED/Inc" -I"D:/Users/Tyler/Documents/STM/Workspace/Workshop/BlinkLED/Drivers/STM32L4xx_HAL_Driver/Inc" -I"D:/Users/Tyler/Documents/STM/Workspace/Workshop/BlinkLED/Drivers/STM32L4xx_HAL_Driver/Inc/Legacy" -I"D:/Users/Tyler/Documents/STM/Workspace/Workshop/BlinkLED/Drivers/CMSIS/Device/ST/STM32L4xx/Include" -I"D:/Users/Tyler/Documents/STM/Workspace/Workshop/BlinkLED/Drivers/CMSIS/Include"  -Og -g3 -Wall -fmessage-length=0 -ffunction-sections -c -fmessage-length=0 -MMD -MP -MF"Src/main.d" -MT"Src/main.o" -o "Src/main.o" "../Src/main.c"
Finished building: ../Src/main.c
 
Building target: BlinkLED.elf
Invoking: MCU GCC Linker
arm-none-eabi-gcc -mcpu=cortex-m4 -mthumb -mfloat-abi=hard -mfpu=fpv4-sp-d16 -specs=nosys.specs -specs=nano.specs -T"../STM32L432KCUx_FLASH.ld" -Wl,-Map=output.map -Wl,--gc-sections -lm -o "BlinkLED.elf" @"objects.list"  
Finished building target: BlinkLED.elf
 
make --no-print-directory post-build
Generating binary and Printing size information:
arm-none-eabi-objcopy -O binary "BlinkLED.elf" "BlinkLED.bin"
arm-none-eabi-size "BlinkLED.elf"
   text	   data	    bss	    dec	    hex	filename
   4672	     24	   1568	   6264	   1878	BlinkLED.elf
 

18:08:32 Build Finished (took 2s.248ms)

