12:18:31 **** Incremental Build of configuration Debug for project stworkshop ****
make all 
Building file: ../Src/main.c
Invoking: MCU GCC Compiler
%cd%
arm-none-eabi-gcc -mcpu=cortex-m4 -mthumb -mfloat-abi=hard -mfpu=fpv4-sp-d16 '-D__weak=__attribute__((weak))' '-D__packed=__attribute__((__packed__))' -DUSE_HAL_DRIVER -DSTM32L432xx -I"D:/Users/Tyler/Documents/STM/Workspace/Workshop/stworkshop/Inc" -I"D:/Users/Tyler/Documents/STM/Workspace/Workshop/stworkshop/Drivers/STM32L4xx_HAL_Driver/Inc" -I"D:/Users/Tyler/Documents/STM/Workspace/Workshop/stworkshop/Drivers/STM32L4xx_HAL_Driver/Inc/Legacy" -I"D:/Users/Tyler/Documents/STM/Workspace/Workshop/stworkshop/Drivers/CMSIS/Device/ST/STM32L4xx/Include" -I"D:/Users/Tyler/Documents/STM/Workspace/Workshop/stworkshop/Drivers/CMSIS/Include" -I"D:/Users/Tyler/Documents/STM/Workspace/Workshop/stworkshop/Inc"  -Og -g3 -Wall -fmessage-length=0 -ffunction-sections -c -fmessage-length=0 -MMD -MP -MF"Src/main.d" -MT"Src/main.o" -o "Src/main.o" "../Src/main.c"
Finished building: ../Src/main.c
 
Building target: stworkshop.elf
Invoking: MCU GCC Linker
arm-none-eabi-gcc -mcpu=cortex-m4 -mthumb -mfloat-abi=hard -mfpu=fpv4-sp-d16 -specs=nosys.specs -specs=nano.specs -T"../STM32L432KCUx_FLASH.ld" -Wl,-Map=output.map -Wl,--gc-sections -lm -o "stworkshop.elf" @"objects.list"  
Finished building target: stworkshop.elf
 
make --no-print-directory post-build
Generating binary and Printing size information:
arm-none-eabi-objcopy -O binary "stworkshop.elf" "stworkshop.bin"
arm-none-eabi-size "stworkshop.elf"
   text	   data	    bss	    dec	    hex	filename
   4608	     24	   1568	   6200	   1838	stworkshop.elf
 
12:35:36 **** Incremental Build of configuration Debug for project stworkshop ****
make all 
Building file: ../Src/main.c
Invoking: MCU GCC Compiler
%cd%
arm-none-eabi-gcc -mcpu=cortex-m4 -mthumb -mfloat-abi=hard -mfpu=fpv4-sp-d16 '-D__weak=__attribute__((weak))' '-D__packed=__attribute__((__packed__))' -DUSE_HAL_DRIVER -DSTM32L432xx -I"D:/Users/Tyler/Documents/STM/Workspace/Workshop/stworkshop/Inc" -I"D:/Users/Tyler/Documents/STM/Workspace/Workshop/stworkshop/Drivers/STM32L4xx_HAL_Driver/Inc" -I"D:/Users/Tyler/Documents/STM/Workspace/Workshop/stworkshop/Drivers/STM32L4xx_HAL_Driver/Inc/Legacy" -I"D:/Users/Tyler/Documents/STM/Workspace/Workshop/stworkshop/Drivers/CMSIS/Device/ST/STM32L4xx/Include" -I"D:/Users/Tyler/Documents/STM/Workspace/Workshop/stworkshop/Drivers/CMSIS/Include" -I"D:/Users/Tyler/Documents/STM/Workspace/Workshop/stworkshop/Inc"  -Og -g3 -Wall -fmessage-length=0 -ffunction-sections -c -fmessage-length=0 -MMD -MP -MF"Src/main.d" -MT"Src/main.o" -o "Src/main.o" "../Src/main.c"
Finished building: ../Src/main.c
 
Building target: stworkshop.elf
Invoking: MCU GCC Linker
arm-none-eabi-gcc -mcpu=cortex-m4 -mthumb -mfloat-abi=hard -mfpu=fpv4-sp-d16 -specs=nosys.specs -specs=nano.specs -T"../STM32L432KCUx_FLASH.ld" -Wl,-Map=output.map -Wl,--gc-sections -lm -o "stworkshop.elf" @"objects.list"  
Finished building target: stworkshop.elf
 
make --no-print-directory post-build
Generating binary and Printing size information:
arm-none-eabi-objcopy -O binary "stworkshop.elf" "stworkshop.bin"
arm-none-eabi-size "stworkshop.elf"
   text	   data	    bss	    dec	    hex	filename
   4688	     24	   1568	   6280	   1888	stworkshop.elf
 
12:35:59 **** Incremental Build of configuration Debug for project stworkshop ****
make all 
Building file: ../Src/main.c
Invoking: MCU GCC Compiler
%cd%
arm-none-eabi-gcc -mcpu=cortex-m4 -mthumb -mfloat-abi=hard -mfpu=fpv4-sp-d16 '-D__weak=__attribute__((weak))' '-D__packed=__attribute__((__packed__))' -DUSE_HAL_DRIVER -DSTM32L432xx -I"D:/Users/Tyler/Documents/STM/Workspace/Workshop/stworkshop/Inc" -I"D:/Users/Tyler/Documents/STM/Workspace/Workshop/stworkshop/Drivers/STM32L4xx_HAL_Driver/Inc" -I"D:/Users/Tyler/Documents/STM/Workspace/Workshop/stworkshop/Drivers/STM32L4xx_HAL_Driver/Inc/Legacy" -I"D:/Users/Tyler/Documents/STM/Workspace/Workshop/stworkshop/Drivers/CMSIS/Device/ST/STM32L4xx/Include" -I"D:/Users/Tyler/Documents/STM/Workspace/Workshop/stworkshop/Drivers/CMSIS/Include" -I"D:/Users/Tyler/Documents/STM/Workspace/Workshop/stworkshop/Inc"  -Og -g3 -Wall -fmessage-length=0 -ffunction-sections -c -fmessage-length=0 -MMD -MP -MF"Src/main.d" -MT"Src/main.o" -o "Src/main.o" "../Src/main.c"
Finished building: ../Src/main.c
 
Building target: stworkshop.elf
Invoking: MCU GCC Linker
arm-none-eabi-gcc -mcpu=cortex-m4 -mthumb -mfloat-abi=hard -mfpu=fpv4-sp-d16 -specs=nosys.specs -specs=nano.specs -T"../STM32L432KCUx_FLASH.ld" -Wl,-Map=output.map -Wl,--gc-sections -lm -o "stworkshop.elf" @"objects.list"  
Finished building target: stworkshop.elf
 
make --no-print-directory post-build
Generating binary and Printing size information:
arm-none-eabi-objcopy -O binary "stworkshop.elf" "stworkshop.bin"
arm-none-eabi-size "stworkshop.elf"
   text	   data	    bss	    dec	    hex	filename
   4680	     24	   1568	   6272	   1880	stworkshop.elf
 
12:45:45 **** Incremental Build of configuration Debug for project stworkshop ****
make all 
Building file: ../Src/main.c
Invoking: MCU GCC Compiler
%cd%
arm-none-eabi-gcc -mcpu=cortex-m4 -mthumb -mfloat-abi=hard -mfpu=fpv4-sp-d16 '-D__weak=__attribute__((weak))' '-D__packed=__attribute__((__packed__))' -DUSE_HAL_DRIVER -DSTM32L432xx -I"D:/Users/Tyler/Documents/STM/Workspace/Workshop/stworkshop/Inc" -I"D:/Users/Tyler/Documents/STM/Workspace/Workshop/stworkshop/Drivers/STM32L4xx_HAL_Driver/Inc" -I"D:/Users/Tyler/Documents/STM/Workspace/Workshop/stworkshop/Drivers/STM32L4xx_HAL_Driver/Inc/Legacy" -I"D:/Users/Tyler/Documents/STM/Workspace/Workshop/stworkshop/Drivers/CMSIS/Device/ST/STM32L4xx/Include" -I"D:/Users/Tyler/Documents/STM/Workspace/Workshop/stworkshop/Drivers/CMSIS/Include" -I"D:/Users/Tyler/Documents/STM/Workspace/Workshop/stworkshop/Inc"  -Og -g3 -Wall -fmessage-length=0 -ffunction-sections -c -fmessage-length=0 -MMD -MP -MF"Src/main.d" -MT"Src/main.o" -o "Src/main.o" "../Src/main.c"
../Src/main.c: In function 'main':
../Src/main.c:104:4: error: too few arguments to function 'HAL_GPIO_WritePin'
    HAL_GPIO_WritePin(GPIOB, GPIO_PIN_3);
    ^
In file included from D:/Users/Tyler/Documents/STM/Workspace/Workshop/stworkshop/Inc/stm32l4xx_hal_conf.h:221:0,
                 from D:/Users/Tyler/Documents/STM/Workspace/Workshop/stworkshop/Drivers/STM32L4xx_HAL_Driver/Inc/stm32l4xx_hal.h:48,
                 from ../Src/main.c:40:
D:/Users/Tyler/Documents/STM/Workspace/Workshop/stworkshop/Drivers/STM32L4xx_HAL_Driver/Inc/stm32l4xx_hal_gpio.h:290:19: note: declared here
 void              HAL_GPIO_WritePin(GPIO_TypeDef* GPIOx, uint16_t GPIO_Pin, GPIO_PinState PinState);
                   ^
make: *** [Src/main.o] Error 1
12:46:02 **** Incremental Build of configuration Debug for project stworkshop ****
make all 
Building file: ../Src/main.c
Invoking: MCU GCC Compiler
%cd%
arm-none-eabi-gcc -mcpu=cortex-m4 -mthumb -mfloat-abi=hard -mfpu=fpv4-sp-d16 '-D__weak=__attribute__((weak))' '-D__packed=__attribute__((__packed__))' -DUSE_HAL_DRIVER -DSTM32L432xx -I"D:/Users/Tyler/Documents/STM/Workspace/Workshop/stworkshop/Inc" -I"D:/Users/Tyler/Documents/STM/Workspace/Workshop/stworkshop/Drivers/STM32L4xx_HAL_Driver/Inc" -I"D:/Users/Tyler/Documents/STM/Workspace/Workshop/stworkshop/Drivers/STM32L4xx_HAL_Driver/Inc/Legacy" -I"D:/Users/Tyler/Documents/STM/Workspace/Workshop/stworkshop/Drivers/CMSIS/Device/ST/STM32L4xx/Include" -I"D:/Users/Tyler/Documents/STM/Workspace/Workshop/stworkshop/Drivers/CMSIS/Include" -I"D:/Users/Tyler/Documents/STM/Workspace/Workshop/stworkshop/Inc"  -Og -g3 -Wall -fmessage-length=0 -ffunction-sections -c -fmessage-length=0 -MMD -MP -MF"Src/main.d" -MT"Src/main.o" -o "Src/main.o" "../Src/main.c"
Finished building: ../Src/main.c
 
Building target: stworkshop.elf
Invoking: MCU GCC Linker
arm-none-eabi-gcc -mcpu=cortex-m4 -mthumb -mfloat-abi=hard -mfpu=fpv4-sp-d16 -specs=nosys.specs -specs=nano.specs -T"../STM32L432KCUx_FLASH.ld" -Wl,-Map=output.map -Wl,--gc-sections -lm -o "stworkshop.elf" @"objects.list"  
Finished building target: stworkshop.elf
 
make --no-print-directory post-build
Generating binary and Printing size information:
arm-none-eabi-objcopy -O binary "stworkshop.elf" "stworkshop.bin"
arm-none-eabi-size "stworkshop.elf"
   text	   data	    bss	    dec	    hex	filename
   4672	     24	   1568	   6264	   1878	stworkshop.elf
 
12:46:05 **** Incremental Build of configuration Debug for project stworkshop ****
make all 
make: Nothing to be done for `all'.
13:36:08 **** Incremental Build of configuration Debug for project stworkshop ****
make all 
Building file: ../Src/gpio.c
Invoking: MCU GCC Compiler
%cd%
arm-none-eabi-gcc -mcpu=cortex-m4 -mthumb -mfloat-abi=hard -mfpu=fpv4-sp-d16 '-D__weak=__attribute__((weak))' '-D__packed=__attribute__((__packed__))' -DUSE_HAL_DRIVER -DSTM32L432xx -I"D:/Users/Tyler/Documents/STM/Workspace/Workshop/stworkshop/Inc" -I"D:/Users/Tyler/Documents/STM/Workspace/Workshop/stworkshop/Drivers/STM32L4xx_HAL_Driver/Inc" -I"D:/Users/Tyler/Documents/STM/Workspace/Workshop/stworkshop/Drivers/STM32L4xx_HAL_Driver/Inc/Legacy" -I"D:/Users/Tyler/Documents/STM/Workspace/Workshop/stworkshop/Drivers/CMSIS/Device/ST/STM32L4xx/Include" -I"D:/Users/Tyler/Documents/STM/Workspace/Workshop/stworkshop/Drivers/CMSIS/Include" -I"D:/Users/Tyler/Documents/STM/Workspace/Workshop/stworkshop/Inc"  -Og -g3 -Wall -fmessage-length=0 -ffunction-sections -c -fmessage-length=0 -MMD -MP -MF"Src/gpio.d" -MT"Src/gpio.o" -o "Src/gpio.o" "../Src/gpio.c"
Finished building: ../Src/gpio.c
 
Building file: ../Src/main.c
Invoking: MCU GCC Compiler
%cd%
arm-none-eabi-gcc -mcpu=cortex-m4 -mthumb -mfloat-abi=hard -mfpu=fpv4-sp-d16 '-D__weak=__attribute__((weak))' '-D__packed=__attribute__((__packed__))' -DUSE_HAL_DRIVER -DSTM32L432xx -I"D:/Users/Tyler/Documents/STM/Workspace/Workshop/stworkshop/Inc" -I"D:/Users/Tyler/Documents/STM/Workspace/Workshop/stworkshop/Drivers/STM32L4xx_HAL_Driver/Inc" -I"D:/Users/Tyler/Documents/STM/Workspace/Workshop/stworkshop/Drivers/STM32L4xx_HAL_Driver/Inc/Legacy" -I"D:/Users/Tyler/Documents/STM/Workspace/Workshop/stworkshop/Drivers/CMSIS/Device/ST/STM32L4xx/Include" -I"D:/Users/Tyler/Documents/STM/Workspace/Workshop/stworkshop/Drivers/CMSIS/Include" -I"D:/Users/Tyler/Documents/STM/Workspace/Workshop/stworkshop/Inc"  -Og -g3 -Wall -fmessage-length=0 -ffunction-sections -c -fmessage-length=0 -MMD -MP -MF"Src/main.d" -MT"Src/main.o" -o "Src/main.o" "../Src/main.c"
Finished building: ../Src/main.c
 
Building file: ../Src/stm32l4xx_hal_msp.c
Invoking: MCU GCC Compiler
%cd%
arm-none-eabi-gcc -mcpu=cortex-m4 -mthumb -mfloat-abi=hard -mfpu=fpv4-sp-d16 '-D__weak=__attribute__((weak))' '-D__packed=__attribute__((__packed__))' -DUSE_HAL_DRIVER -DSTM32L432xx -I"D:/Users/Tyler/Documents/STM/Workspace/Workshop/stworkshop/Inc" -I"D:/Users/Tyler/Documents/STM/Workspace/Workshop/stworkshop/Drivers/STM32L4xx_HAL_Driver/Inc" -I"D:/Users/Tyler/Documents/STM/Workspace/Workshop/stworkshop/Drivers/STM32L4xx_HAL_Driver/Inc/Legacy" -I"D:/Users/Tyler/Documents/STM/Workspace/Workshop/stworkshop/Drivers/CMSIS/Device/ST/STM32L4xx/Include" -I"D:/Users/Tyler/Documents/STM/Workspace/Workshop/stworkshop/Drivers/CMSIS/Include" -I"D:/Users/Tyler/Documents/STM/Workspace/Workshop/stworkshop/Inc"  -Og -g3 -Wall -fmessage-length=0 -ffunction-sections -c -fmessage-length=0 -MMD -MP -MF"Src/stm32l4xx_hal_msp.d" -MT"Src/stm32l4xx_hal_msp.o" -o "Src/stm32l4xx_hal_msp.o" "../Src/stm32l4xx_hal_msp.c"
Finished building: ../Src/stm32l4xx_hal_msp.c
 
Building file: ../Src/stm32l4xx_it.c
Invoking: MCU GCC Compiler
%cd%
arm-none-eabi-gcc -mcpu=cortex-m4 -mthumb -mfloat-abi=hard -mfpu=fpv4-sp-d16 '-D__weak=__attribute__((weak))' '-D__packed=__attribute__((__packed__))' -DUSE_HAL_DRIVER -DSTM32L432xx -I"D:/Users/Tyler/Documents/STM/Workspace/Workshop/stworkshop/Inc" -I"D:/Users/Tyler/Documents/STM/Workspace/Workshop/stworkshop/Drivers/STM32L4xx_HAL_Driver/Inc" -I"D:/Users/Tyler/Documents/STM/Workspace/Workshop/stworkshop/Drivers/STM32L4xx_HAL_Driver/Inc/Legacy" -I"D:/Users/Tyler/Documents/STM/Workspace/Workshop/stworkshop/Drivers/CMSIS/Device/ST/STM32L4xx/Include" -I"D:/Users/Tyler/Documents/STM/Workspace/Workshop/stworkshop/Drivers/CMSIS/Include" -I"D:/Users/Tyler/Documents/STM/Workspace/Workshop/stworkshop/Inc"  -Og -g3 -Wall -fmessage-length=0 -ffunction-sections -c -fmessage-length=0 -MMD -MP -MF"Src/stm32l4xx_it.d" -MT"Src/stm32l4xx_it.o" -o "Src/stm32l4xx_it.o" "../Src/stm32l4xx_it.c"
Finished building: ../Src/stm32l4xx_it.c
 
Building file: ../Src/system_stm32l4xx.c
Invoking: MCU GCC Compiler
%cd%
arm-none-eabi-gcc -mcpu=cortex-m4 -mthumb -mfloat-abi=hard -mfpu=fpv4-sp-d16 '-D__weak=__attribute__((weak))' '-D__packed=__attribute__((__packed__))' -DUSE_HAL_DRIVER -DSTM32L432xx -I"D:/Users/Tyler/Documents/STM/Workspace/Workshop/stworkshop/Inc" -I"D:/Users/Tyler/Documents/STM/Workspace/Workshop/stworkshop/Drivers/STM32L4xx_HAL_Driver/Inc" -I"D:/Users/Tyler/Documents/STM/Workspace/Workshop/stworkshop/Drivers/STM32L4xx_HAL_Driver/Inc/Legacy" -I"D:/Users/Tyler/Documents/STM/Workspace/Workshop/stworkshop/Drivers/CMSIS/Device/ST/STM32L4xx/Include" -I"D:/Users/Tyler/Documents/STM/Workspace/Workshop/stworkshop/Drivers/CMSIS/Include" -I"D:/Users/Tyler/Documents/STM/Workspace/Workshop/stworkshop/Inc"  -Og -g3 -Wall -fmessage-length=0 -ffunction-sections -c -fmessage-length=0 -MMD -MP -MF"Src/system_stm32l4xx.d" -MT"Src/system_stm32l4xx.o" -o "Src/system_stm32l4xx.o" "../Src/system_stm32l4xx.c"
Finished building: ../Src/system_stm32l4xx.c
 
Building file: ../Drivers/STM32L4xx_HAL_Driver/Src/stm32l4xx_hal.c
Invoking: MCU GCC Compiler
%cd%
arm-none-eabi-gcc -mcpu=cortex-m4 -mthumb -mfloat-abi=hard -mfpu=fpv4-sp-d16 '-D__weak=__attribute__((weak))' '-D__packed=__attribute__((__packed__))' -DUSE_HAL_DRIVER -DSTM32L432xx -I"D:/Users/Tyler/Documents/STM/Workspace/Workshop/stworkshop/Inc" -I"D:/Users/Tyler/Documents/STM/Workspace/Workshop/stworkshop/Drivers/STM32L4xx_HAL_Driver/Inc" -I"D:/Users/Tyler/Documents/STM/Workspace/Workshop/stworkshop/Drivers/STM32L4xx_HAL_Driver/Inc/Legacy" -I"D:/Users/Tyler/Documents/STM/Workspace/Workshop/stworkshop/Drivers/CMSIS/Device/ST/STM32L4xx/Include" -I"D:/Users/Tyler/Documents/STM/Workspace/Workshop/stworkshop/Drivers/CMSIS/Include" -I"D:/Users/Tyler/Documents/STM/Workspace/Workshop/stworkshop/Inc"  -Og -g3 -Wall -fmessage-length=0 -ffunction-sections -c -fmessage-length=0 -MMD -MP -MF"Drivers/STM32L4xx_HAL_Driver/Src/stm32l4xx_hal.d" -MT"Drivers/STM32L4xx_HAL_Driver/Src/stm32l4xx_hal.o" -o "Drivers/STM32L4xx_HAL_Driver/Src/stm32l4xx_hal.o" "../Drivers/STM32L4xx_HAL_Driver/Src/stm32l4xx_hal.c"
Finished building: ../Drivers/STM32L4xx_HAL_Driver/Src/stm32l4xx_hal.c
 
Building file: ../Drivers/STM32L4xx_HAL_Driver/Src/stm32l4xx_hal_cortex.c
Invoking: MCU GCC Compiler
%cd%
arm-none-eabi-gcc -mcpu=cortex-m4 -mthumb -mfloat-abi=hard -mfpu=fpv4-sp-d16 '-D__weak=__attribute__((weak))' '-D__packed=__attribute__((__packed__))' -DUSE_HAL_DRIVER -DSTM32L432xx -I"D:/Users/Tyler/Documents/STM/Workspace/Workshop/stworkshop/Inc" -I"D:/Users/Tyler/Documents/STM/Workspace/Workshop/stworkshop/Drivers/STM32L4xx_HAL_Driver/Inc" -I"D:/Users/Tyler/Documents/STM/Workspace/Workshop/stworkshop/Drivers/STM32L4xx_HAL_Driver/Inc/Legacy" -I"D:/Users/Tyler/Documents/STM/Workspace/Workshop/stworkshop/Drivers/CMSIS/Device/ST/STM32L4xx/Include" -I"D:/Users/Tyler/Documents/STM/Workspace/Workshop/stworkshop/Drivers/CMSIS/Include" -I"D:/Users/Tyler/Documents/STM/Workspace/Workshop/stworkshop/Inc"  -Og -g3 -Wall -fmessage-length=0 -ffunction-sections -c -fmessage-length=0 -MMD -MP -MF"Drivers/STM32L4xx_HAL_Driver/Src/stm32l4xx_hal_cortex.d" -MT"Drivers/STM32L4xx_HAL_Driver/Src/stm32l4xx_hal_cortex.o" -o "Drivers/STM32L4xx_HAL_Driver/Src/stm32l4xx_hal_cortex.o" "../Drivers/STM32L4xx_HAL_Driver/Src/stm32l4xx_hal_cortex.c"
Finished building: ../Drivers/STM32L4xx_HAL_Driver/Src/stm32l4xx_hal_cortex.c
 
Building file: ../Drivers/STM32L4xx_HAL_Driver/Src/stm32l4xx_hal_dma.c
Invoking: MCU GCC Compiler
%cd%
arm-none-eabi-gcc -mcpu=cortex-m4 -mthumb -mfloat-abi=hard -mfpu=fpv4-sp-d16 '-D__weak=__attribute__((weak))' '-D__packed=__attribute__((__packed__))' -DUSE_HAL_DRIVER -DSTM32L432xx -I"D:/Users/Tyler/Documents/STM/Workspace/Workshop/stworkshop/Inc" -I"D:/Users/Tyler/Documents/STM/Workspace/Workshop/stworkshop/Drivers/STM32L4xx_HAL_Driver/Inc" -I"D:/Users/Tyler/Documents/STM/Workspace/Workshop/stworkshop/Drivers/STM32L4xx_HAL_Driver/Inc/Legacy" -I"D:/Users/Tyler/Documents/STM/Workspace/Workshop/stworkshop/Drivers/CMSIS/Device/ST/STM32L4xx/Include" -I"D:/Users/Tyler/Documents/STM/Workspace/Workshop/stworkshop/Drivers/CMSIS/Include" -I"D:/Users/Tyler/Documents/STM/Workspace/Workshop/stworkshop/Inc"  -Og -g3 -Wall -fmessage-length=0 -ffunction-sections -c -fmessage-length=0 -MMD -MP -MF"Drivers/STM32L4xx_HAL_Driver/Src/stm32l4xx_hal_dma.d" -MT"Drivers/STM32L4xx_HAL_Driver/Src/stm32l4xx_hal_dma.o" -o "Drivers/STM32L4xx_HAL_Driver/Src/stm32l4xx_hal_dma.o" "../Drivers/STM32L4xx_HAL_Driver/Src/stm32l4xx_hal_dma.c"
Finished building: ../Drivers/STM32L4xx_HAL_Driver/Src/stm32l4xx_hal_dma.c
 
Building file: ../Drivers/STM32L4xx_HAL_Driver/Src/stm32l4xx_hal_flash.c
Invoking: MCU GCC Compiler
%cd%
arm-none-eabi-gcc -mcpu=cortex-m4 -mthumb -mfloat-abi=hard -mfpu=fpv4-sp-d16 '-D__weak=__attribute__((weak))' '-D__packed=__attribute__((__packed__))' -DUSE_HAL_DRIVER -DSTM32L432xx -I"D:/Users/Tyler/Documents/STM/Workspace/Workshop/stworkshop/Inc" -I"D:/Users/Tyler/Documents/STM/Workspace/Workshop/stworkshop/Drivers/STM32L4xx_HAL_Driver/Inc" -I"D:/Users/Tyler/Documents/STM/Workspace/Workshop/stworkshop/Drivers/STM32L4xx_HAL_Driver/Inc/Legacy" -I"D:/Users/Tyler/Documents/STM/Workspace/Workshop/stworkshop/Drivers/CMSIS/Device/ST/STM32L4xx/Include" -I"D:/Users/Tyler/Documents/STM/Workspace/Workshop/stworkshop/Drivers/CMSIS/Include" -I"D:/Users/Tyler/Documents/STM/Workspace/Workshop/stworkshop/Inc"  -Og -g3 -Wall -fmessage-length=0 -ffunction-sections -c -fmessage-length=0 -MMD -MP -MF"Drivers/STM32L4xx_HAL_Driver/Src/stm32l4xx_hal_flash.d" -MT"Drivers/STM32L4xx_HAL_Driver/Src/stm32l4xx_hal_flash.o" -o "Drivers/STM32L4xx_HAL_Driver/Src/stm32l4xx_hal_flash.o" "../Drivers/STM32L4xx_HAL_Driver/Src/stm32l4xx_hal_flash.c"
Finished building: ../Drivers/STM32L4xx_HAL_Driver/Src/stm32l4xx_hal_flash.c
 
Building file: ../Drivers/STM32L4xx_HAL_Driver/Src/stm32l4xx_hal_flash_ex.c
Invoking: MCU GCC Compiler
%cd%
arm-none-eabi-gcc -mcpu=cortex-m4 -mthumb -mfloat-abi=hard -mfpu=fpv4-sp-d16 '-D__weak=__attribute__((weak))' '-D__packed=__attribute__((__packed__))' -DUSE_HAL_DRIVER -DSTM32L432xx -I"D:/Users/Tyler/Documents/STM/Workspace/Workshop/stworkshop/Inc" -I"D:/Users/Tyler/Documents/STM/Workspace/Workshop/stworkshop/Drivers/STM32L4xx_HAL_Driver/Inc" -I"D:/Users/Tyler/Documents/STM/Workspace/Workshop/stworkshop/Drivers/STM32L4xx_HAL_Driver/Inc/Legacy" -I"D:/Users/Tyler/Documents/STM/Workspace/Workshop/stworkshop/Drivers/CMSIS/Device/ST/STM32L4xx/Include" -I"D:/Users/Tyler/Documents/STM/Workspace/Workshop/stworkshop/Drivers/CMSIS/Include" -I"D:/Users/Tyler/Documents/STM/Workspace/Workshop/stworkshop/Inc"  -Og -g3 -Wall -fmessage-length=0 -ffunction-sections -c -fmessage-length=0 -MMD -MP -MF"Drivers/STM32L4xx_HAL_Driver/Src/stm32l4xx_hal_flash_ex.d" -MT"Drivers/STM32L4xx_HAL_Driver/Src/stm32l4xx_hal_flash_ex.o" -o "Drivers/STM32L4xx_HAL_Driver/Src/stm32l4xx_hal_flash_ex.o" "../Drivers/STM32L4xx_HAL_Driver/Src/stm32l4xx_hal_flash_ex.c"
Finished building: ../Drivers/STM32L4xx_HAL_Driver/Src/stm32l4xx_hal_flash_ex.c
 
Building file: ../Drivers/STM32L4xx_HAL_Driver/Src/stm32l4xx_hal_flash_ramfunc.c
Invoking: MCU GCC Compiler
%cd%
arm-none-eabi-gcc -mcpu=cortex-m4 -mthumb -mfloat-abi=hard -mfpu=fpv4-sp-d16 '-D__weak=__attribute__((weak))' '-D__packed=__attribute__((__packed__))' -DUSE_HAL_DRIVER -DSTM32L432xx -I"D:/Users/Tyler/Documents/STM/Workspace/Workshop/stworkshop/Inc" -I"D:/Users/Tyler/Documents/STM/Workspace/Workshop/stworkshop/Drivers/STM32L4xx_HAL_Driver/Inc" -I"D:/Users/Tyler/Documents/STM/Workspace/Workshop/stworkshop/Drivers/STM32L4xx_HAL_Driver/Inc/Legacy" -I"D:/Users/Tyler/Documents/STM/Workspace/Workshop/stworkshop/Drivers/CMSIS/Device/ST/STM32L4xx/Include" -I"D:/Users/Tyler/Documents/STM/Workspace/Workshop/stworkshop/Drivers/CMSIS/Include" -I"D:/Users/Tyler/Documents/STM/Workspace/Workshop/stworkshop/Inc"  -Og -g3 -Wall -fmessage-length=0 -ffunction-sections -c -fmessage-length=0 -MMD -MP -MF"Drivers/STM32L4xx_HAL_Driver/Src/stm32l4xx_hal_flash_ramfunc.d" -MT"Drivers/STM32L4xx_HAL_Driver/Src/stm32l4xx_hal_flash_ramfunc.o" -o "Drivers/STM32L4xx_HAL_Driver/Src/stm32l4xx_hal_flash_ramfunc.o" "../Drivers/STM32L4xx_HAL_Driver/Src/stm32l4xx_hal_flash_ramfunc.c"
Finished building: ../Drivers/STM32L4xx_HAL_Driver/Src/stm32l4xx_hal_flash_ramfunc.c
 
Building file: ../Drivers/STM32L4xx_HAL_Driver/Src/stm32l4xx_hal_gpio.c
Invoking: MCU GCC Compiler
%cd%
arm-none-eabi-gcc -mcpu=cortex-m4 -mthumb -mfloat-abi=hard -mfpu=fpv4-sp-d16 '-D__weak=__attribute__((weak))' '-D__packed=__attribute__((__packed__))' -DUSE_HAL_DRIVER -DSTM32L432xx -I"D:/Users/Tyler/Documents/STM/Workspace/Workshop/stworkshop/Inc" -I"D:/Users/Tyler/Documents/STM/Workspace/Workshop/stworkshop/Drivers/STM32L4xx_HAL_Driver/Inc" -I"D:/Users/Tyler/Documents/STM/Workspace/Workshop/stworkshop/Drivers/STM32L4xx_HAL_Driver/Inc/Legacy" -I"D:/Users/Tyler/Documents/STM/Workspace/Workshop/stworkshop/Drivers/CMSIS/Device/ST/STM32L4xx/Include" -I"D:/Users/Tyler/Documents/STM/Workspace/Workshop/stworkshop/Drivers/CMSIS/Include" -I"D:/Users/Tyler/Documents/STM/Workspace/Workshop/stworkshop/Inc"  -Og -g3 -Wall -fmessage-length=0 -ffunction-sections -c -fmessage-length=0 -MMD -MP -MF"Drivers/STM32L4xx_HAL_Driver/Src/stm32l4xx_hal_gpio.d" -MT"Drivers/STM32L4xx_HAL_Driver/Src/stm32l4xx_hal_gpio.o" -o "Drivers/STM32L4xx_HAL_Driver/Src/stm32l4xx_hal_gpio.o" "../Drivers/STM32L4xx_HAL_Driver/Src/stm32l4xx_hal_gpio.c"
../Drivers/STM32L4xx_HAL_Driver/Src/stm32l4xx_hal_gpio.c: In function 'HAL_GPIO_EXTI_Callback':
../Drivers/STM32L4xx_HAL_Driver/Src/stm32l4xx_hal_gpio.c:546:3: warning: implicit declaration of function 'HAL_GPIO_TOGGLEPIN' [-Wimplicit-function-declaration]
   HAL_GPIO_TOGGLEPIN(GPIOB, GPIO_PIN_3);
   ^
../Drivers/STM32L4xx_HAL_Driver/Src/stm32l4xx_hal_gpio.c:547:3: error: expected statement before ')' token
  })
   ^
make: *** [Drivers/STM32L4xx_HAL_Driver/Src/stm32l4xx_hal_gpio.o] Error 1
13:36:47 **** Incremental Build of configuration Debug for project stworkshop ****
make all 
Building file: ../Drivers/STM32L4xx_HAL_Driver/Src/stm32l4xx_hal_gpio.c
Invoking: MCU GCC Compiler
%cd%
arm-none-eabi-gcc -mcpu=cortex-m4 -mthumb -mfloat-abi=hard -mfpu=fpv4-sp-d16 '-D__weak=__attribute__((weak))' '-D__packed=__attribute__((__packed__))' -DUSE_HAL_DRIVER -DSTM32L432xx -I"D:/Users/Tyler/Documents/STM/Workspace/Workshop/stworkshop/Inc" -I"D:/Users/Tyler/Documents/STM/Workspace/Workshop/stworkshop/Drivers/STM32L4xx_HAL_Driver/Inc" -I"D:/Users/Tyler/Documents/STM/Workspace/Workshop/stworkshop/Drivers/STM32L4xx_HAL_Driver/Inc/Legacy" -I"D:/Users/Tyler/Documents/STM/Workspace/Workshop/stworkshop/Drivers/CMSIS/Device/ST/STM32L4xx/Include" -I"D:/Users/Tyler/Documents/STM/Workspace/Workshop/stworkshop/Drivers/CMSIS/Include" -I"D:/Users/Tyler/Documents/STM/Workspace/Workshop/stworkshop/Inc"  -Og -g3 -Wall -fmessage-length=0 -ffunction-sections -c -fmessage-length=0 -MMD -MP -MF"Drivers/STM32L4xx_HAL_Driver/Src/stm32l4xx_hal_gpio.d" -MT"Drivers/STM32L4xx_HAL_Driver/Src/stm32l4xx_hal_gpio.o" -o "Drivers/STM32L4xx_HAL_Driver/Src/stm32l4xx_hal_gpio.o" "../Drivers/STM32L4xx_HAL_Driver/Src/stm32l4xx_hal_gpio.c"
../Drivers/STM32L4xx_HAL_Driver/Src/stm32l4xx_hal_gpio.c: In function 'HAL_GPIO_EXTI_Callback':
../Drivers/STM32L4xx_HAL_Driver/Src/stm32l4xx_hal_gpio.c:546:3: warning: implicit declaration of function 'HAL_GPIO_TOGGLEPIN' [-Wimplicit-function-declaration]
   HAL_GPIO_TOGGLEPIN(GPIOB, GPIO_PIN_3);
   ^
Finished building: ../Drivers/STM32L4xx_HAL_Driver/Src/stm32l4xx_hal_gpio.c
 
Building file: ../Drivers/STM32L4xx_HAL_Driver/Src/stm32l4xx_hal_i2c.c
Invoking: MCU GCC Compiler
%cd%
arm-none-eabi-gcc -mcpu=cortex-m4 -mthumb -mfloat-abi=hard -mfpu=fpv4-sp-d16 '-D__weak=__attribute__((weak))' '-D__packed=__attribute__((__packed__))' -DUSE_HAL_DRIVER -DSTM32L432xx -I"D:/Users/Tyler/Documents/STM/Workspace/Workshop/stworkshop/Inc" -I"D:/Users/Tyler/Documents/STM/Workspace/Workshop/stworkshop/Drivers/STM32L4xx_HAL_Driver/Inc" -I"D:/Users/Tyler/Documents/STM/Workspace/Workshop/stworkshop/Drivers/STM32L4xx_HAL_Driver/Inc/Legacy" -I"D:/Users/Tyler/Documents/STM/Workspace/Workshop/stworkshop/Drivers/CMSIS/Device/ST/STM32L4xx/Include" -I"D:/Users/Tyler/Documents/STM/Workspace/Workshop/stworkshop/Drivers/CMSIS/Include" -I"D:/Users/Tyler/Documents/STM/Workspace/Workshop/stworkshop/Inc"  -Og -g3 -Wall -fmessage-length=0 -ffunction-sections -c -fmessage-length=0 -MMD -MP -MF"Drivers/STM32L4xx_HAL_Driver/Src/stm32l4xx_hal_i2c.d" -MT"Drivers/STM32L4xx_HAL_Driver/Src/stm32l4xx_hal_i2c.o" -o "Drivers/STM32L4xx_HAL_Driver/Src/stm32l4xx_hal_i2c.o" "../Drivers/STM32L4xx_HAL_Driver/Src/stm32l4xx_hal_i2c.c"
Finished building: ../Drivers/STM32L4xx_HAL_Driver/Src/stm32l4xx_hal_i2c.c
 
Building file: ../Drivers/STM32L4xx_HAL_Driver/Src/stm32l4xx_hal_i2c_ex.c
Invoking: MCU GCC Compiler
%cd%
arm-none-eabi-gcc -mcpu=cortex-m4 -mthumb -mfloat-abi=hard -mfpu=fpv4-sp-d16 '-D__weak=__attribute__((weak))' '-D__packed=__attribute__((__packed__))' -DUSE_HAL_DRIVER -DSTM32L432xx -I"D:/Users/Tyler/Documents/STM/Workspace/Workshop/stworkshop/Inc" -I"D:/Users/Tyler/Documents/STM/Workspace/Workshop/stworkshop/Drivers/STM32L4xx_HAL_Driver/Inc" -I"D:/Users/Tyler/Documents/STM/Workspace/Workshop/stworkshop/Drivers/STM32L4xx_HAL_Driver/Inc/Legacy" -I"D:/Users/Tyler/Documents/STM/Workspace/Workshop/stworkshop/Drivers/CMSIS/Device/ST/STM32L4xx/Include" -I"D:/Users/Tyler/Documents/STM/Workspace/Workshop/stworkshop/Drivers/CMSIS/Include" -I"D:/Users/Tyler/Documents/STM/Workspace/Workshop/stworkshop/Inc"  -Og -g3 -Wall -fmessage-length=0 -ffunction-sections -c -fmessage-length=0 -MMD -MP -MF"Drivers/STM32L4xx_HAL_Driver/Src/stm32l4xx_hal_i2c_ex.d" -MT"Drivers/STM32L4xx_HAL_Driver/Src/stm32l4xx_hal_i2c_ex.o" -o "Drivers/STM32L4xx_HAL_Driver/Src/stm32l4xx_hal_i2c_ex.o" "../Drivers/STM32L4xx_HAL_Driver/Src/stm32l4xx_hal_i2c_ex.c"
Finished building: ../Drivers/STM32L4xx_HAL_Driver/Src/stm32l4xx_hal_i2c_ex.c
 
Building file: ../Drivers/STM32L4xx_HAL_Driver/Src/stm32l4xx_hal_pwr.c
Invoking: MCU GCC Compiler
%cd%
arm-none-eabi-gcc -mcpu=cortex-m4 -mthumb -mfloat-abi=hard -mfpu=fpv4-sp-d16 '-D__weak=__attribute__((weak))' '-D__packed=__attribute__((__packed__))' -DUSE_HAL_DRIVER -DSTM32L432xx -I"D:/Users/Tyler/Documents/STM/Workspace/Workshop/stworkshop/Inc" -I"D:/Users/Tyler/Documents/STM/Workspace/Workshop/stworkshop/Drivers/STM32L4xx_HAL_Driver/Inc" -I"D:/Users/Tyler/Documents/STM/Workspace/Workshop/stworkshop/Drivers/STM32L4xx_HAL_Driver/Inc/Legacy" -I"D:/Users/Tyler/Documents/STM/Workspace/Workshop/stworkshop/Drivers/CMSIS/Device/ST/STM32L4xx/Include" -I"D:/Users/Tyler/Documents/STM/Workspace/Workshop/stworkshop/Drivers/CMSIS/Include" -I"D:/Users/Tyler/Documents/STM/Workspace/Workshop/stworkshop/Inc"  -Og -g3 -Wall -fmessage-length=0 -ffunction-sections -c -fmessage-length=0 -MMD -MP -MF"Drivers/STM32L4xx_HAL_Driver/Src/stm32l4xx_hal_pwr.d" -MT"Drivers/STM32L4xx_HAL_Driver/Src/stm32l4xx_hal_pwr.o" -o "Drivers/STM32L4xx_HAL_Driver/Src/stm32l4xx_hal_pwr.o" "../Drivers/STM32L4xx_HAL_Driver/Src/stm32l4xx_hal_pwr.c"
Finished building: ../Drivers/STM32L4xx_HAL_Driver/Src/stm32l4xx_hal_pwr.c
 
Building file: ../Drivers/STM32L4xx_HAL_Driver/Src/stm32l4xx_hal_pwr_ex.c
Invoking: MCU GCC Compiler
%cd%
arm-none-eabi-gcc -mcpu=cortex-m4 -mthumb -mfloat-abi=hard -mfpu=fpv4-sp-d16 '-D__weak=__attribute__((weak))' '-D__packed=__attribute__((__packed__))' -DUSE_HAL_DRIVER -DSTM32L432xx -I"D:/Users/Tyler/Documents/STM/Workspace/Workshop/stworkshop/Inc" -I"D:/Users/Tyler/Documents/STM/Workspace/Workshop/stworkshop/Drivers/STM32L4xx_HAL_Driver/Inc" -I"D:/Users/Tyler/Documents/STM/Workspace/Workshop/stworkshop/Drivers/STM32L4xx_HAL_Driver/Inc/Legacy" -I"D:/Users/Tyler/Documents/STM/Workspace/Workshop/stworkshop/Drivers/CMSIS/Device/ST/STM32L4xx/Include" -I"D:/Users/Tyler/Documents/STM/Workspace/Workshop/stworkshop/Drivers/CMSIS/Include" -I"D:/Users/Tyler/Documents/STM/Workspace/Workshop/stworkshop/Inc"  -Og -g3 -Wall -fmessage-length=0 -ffunction-sections -c -fmessage-length=0 -MMD -MP -MF"Drivers/STM32L4xx_HAL_Driver/Src/stm32l4xx_hal_pwr_ex.d" -MT"Drivers/STM32L4xx_HAL_Driver/Src/stm32l4xx_hal_pwr_ex.o" -o "Drivers/STM32L4xx_HAL_Driver/Src/stm32l4xx_hal_pwr_ex.o" "../Drivers/STM32L4xx_HAL_Driver/Src/stm32l4xx_hal_pwr_ex.c"
Finished building: ../Drivers/STM32L4xx_HAL_Driver/Src/stm32l4xx_hal_pwr_ex.c
 
Building file: ../Drivers/STM32L4xx_HAL_Driver/Src/stm32l4xx_hal_rcc.c
Invoking: MCU GCC Compiler
%cd%
arm-none-eabi-gcc -mcpu=cortex-m4 -mthumb -mfloat-abi=hard -mfpu=fpv4-sp-d16 '-D__weak=__attribute__((weak))' '-D__packed=__attribute__((__packed__))' -DUSE_HAL_DRIVER -DSTM32L432xx -I"D:/Users/Tyler/Documents/STM/Workspace/Workshop/stworkshop/Inc" -I"D:/Users/Tyler/Documents/STM/Workspace/Workshop/stworkshop/Drivers/STM32L4xx_HAL_Driver/Inc" -I"D:/Users/Tyler/Documents/STM/Workspace/Workshop/stworkshop/Drivers/STM32L4xx_HAL_Driver/Inc/Legacy" -I"D:/Users/Tyler/Documents/STM/Workspace/Workshop/stworkshop/Drivers/CMSIS/Device/ST/STM32L4xx/Include" -I"D:/Users/Tyler/Documents/STM/Workspace/Workshop/stworkshop/Drivers/CMSIS/Include" -I"D:/Users/Tyler/Documents/STM/Workspace/Workshop/stworkshop/Inc"  -Og -g3 -Wall -fmessage-length=0 -ffunction-sections -c -fmessage-length=0 -MMD -MP -MF"Drivers/STM32L4xx_HAL_Driver/Src/stm32l4xx_hal_rcc.d" -MT"Drivers/STM32L4xx_HAL_Driver/Src/stm32l4xx_hal_rcc.o" -o "Drivers/STM32L4xx_HAL_Driver/Src/stm32l4xx_hal_rcc.o" "../Drivers/STM32L4xx_HAL_Driver/Src/stm32l4xx_hal_rcc.c"
Finished building: ../Drivers/STM32L4xx_HAL_Driver/Src/stm32l4xx_hal_rcc.c
 
Building file: ../Drivers/STM32L4xx_HAL_Driver/Src/stm32l4xx_hal_rcc_ex.c
Invoking: MCU GCC Compiler
%cd%
arm-none-eabi-gcc -mcpu=cortex-m4 -mthumb -mfloat-abi=hard -mfpu=fpv4-sp-d16 '-D__weak=__attribute__((weak))' '-D__packed=__attribute__((__packed__))' -DUSE_HAL_DRIVER -DSTM32L432xx -I"D:/Users/Tyler/Documents/STM/Workspace/Workshop/stworkshop/Inc" -I"D:/Users/Tyler/Documents/STM/Workspace/Workshop/stworkshop/Drivers/STM32L4xx_HAL_Driver/Inc" -I"D:/Users/Tyler/Documents/STM/Workspace/Workshop/stworkshop/Drivers/STM32L4xx_HAL_Driver/Inc/Legacy" -I"D:/Users/Tyler/Documents/STM/Workspace/Workshop/stworkshop/Drivers/CMSIS/Device/ST/STM32L4xx/Include" -I"D:/Users/Tyler/Documents/STM/Workspace/Workshop/stworkshop/Drivers/CMSIS/Include" -I"D:/Users/Tyler/Documents/STM/Workspace/Workshop/stworkshop/Inc"  -Og -g3 -Wall -fmessage-length=0 -ffunction-sections -c -fmessage-length=0 -MMD -MP -MF"Drivers/STM32L4xx_HAL_Driver/Src/stm32l4xx_hal_rcc_ex.d" -MT"Drivers/STM32L4xx_HAL_Driver/Src/stm32l4xx_hal_rcc_ex.o" -o "Drivers/STM32L4xx_HAL_Driver/Src/stm32l4xx_hal_rcc_ex.o" "../Drivers/STM32L4xx_HAL_Driver/Src/stm32l4xx_hal_rcc_ex.c"
Finished building: ../Drivers/STM32L4xx_HAL_Driver/Src/stm32l4xx_hal_rcc_ex.c
 
Building file: ../Drivers/STM32L4xx_HAL_Driver/Src/stm32l4xx_hal_tim.c
Invoking: MCU GCC Compiler
%cd%
arm-none-eabi-gcc -mcpu=cortex-m4 -mthumb -mfloat-abi=hard -mfpu=fpv4-sp-d16 '-D__weak=__attribute__((weak))' '-D__packed=__attribute__((__packed__))' -DUSE_HAL_DRIVER -DSTM32L432xx -I"D:/Users/Tyler/Documents/STM/Workspace/Workshop/stworkshop/Inc" -I"D:/Users/Tyler/Documents/STM/Workspace/Workshop/stworkshop/Drivers/STM32L4xx_HAL_Driver/Inc" -I"D:/Users/Tyler/Documents/STM/Workspace/Workshop/stworkshop/Drivers/STM32L4xx_HAL_Driver/Inc/Legacy" -I"D:/Users/Tyler/Documents/STM/Workspace/Workshop/stworkshop/Drivers/CMSIS/Device/ST/STM32L4xx/Include" -I"D:/Users/Tyler/Documents/STM/Workspace/Workshop/stworkshop/Drivers/CMSIS/Include" -I"D:/Users/Tyler/Documents/STM/Workspace/Workshop/stworkshop/Inc"  -Og -g3 -Wall -fmessage-length=0 -ffunction-sections -c -fmessage-length=0 -MMD -MP -MF"Drivers/STM32L4xx_HAL_Driver/Src/stm32l4xx_hal_tim.d" -MT"Drivers/STM32L4xx_HAL_Driver/Src/stm32l4xx_hal_tim.o" -o "Drivers/STM32L4xx_HAL_Driver/Src/stm32l4xx_hal_tim.o" "../Drivers/STM32L4xx_HAL_Driver/Src/stm32l4xx_hal_tim.c"
Finished building: ../Drivers/STM32L4xx_HAL_Driver/Src/stm32l4xx_hal_tim.c
 
Building file: ../Drivers/STM32L4xx_HAL_Driver/Src/stm32l4xx_hal_tim_ex.c
Invoking: MCU GCC Compiler
%cd%
arm-none-eabi-gcc -mcpu=cortex-m4 -mthumb -mfloat-abi=hard -mfpu=fpv4-sp-d16 '-D__weak=__attribute__((weak))' '-D__packed=__attribute__((__packed__))' -DUSE_HAL_DRIVER -DSTM32L432xx -I"D:/Users/Tyler/Documents/STM/Workspace/Workshop/stworkshop/Inc" -I"D:/Users/Tyler/Documents/STM/Workspace/Workshop/stworkshop/Drivers/STM32L4xx_HAL_Driver/Inc" -I"D:/Users/Tyler/Documents/STM/Workspace/Workshop/stworkshop/Drivers/STM32L4xx_HAL_Driver/Inc/Legacy" -I"D:/Users/Tyler/Documents/STM/Workspace/Workshop/stworkshop/Drivers/CMSIS/Device/ST/STM32L4xx/Include" -I"D:/Users/Tyler/Documents/STM/Workspace/Workshop/stworkshop/Drivers/CMSIS/Include" -I"D:/Users/Tyler/Documents/STM/Workspace/Workshop/stworkshop/Inc"  -Og -g3 -Wall -fmessage-length=0 -ffunction-sections -c -fmessage-length=0 -MMD -MP -MF"Drivers/STM32L4xx_HAL_Driver/Src/stm32l4xx_hal_tim_ex.d" -MT"Drivers/STM32L4xx_HAL_Driver/Src/stm32l4xx_hal_tim_ex.o" -o "Drivers/STM32L4xx_HAL_Driver/Src/stm32l4xx_hal_tim_ex.o" "../Drivers/STM32L4xx_HAL_Driver/Src/stm32l4xx_hal_tim_ex.c"
Finished building: ../Drivers/STM32L4xx_HAL_Driver/Src/stm32l4xx_hal_tim_ex.c
 
Building target: stworkshop.elf
Invoking: MCU GCC Linker
arm-none-eabi-gcc -mcpu=cortex-m4 -mthumb -mfloat-abi=hard -mfpu=fpv4-sp-d16 -specs=nosys.specs -specs=nano.specs -T"../STM32L432KCUx_FLASH.ld" -Wl,-Map=output.map -Wl,--gc-sections -lm -o "stworkshop.elf" @"objects.list"  
Drivers/STM32L4xx_HAL_Driver/Src/stm32l4xx_hal_gpio.o: In function `HAL_GPIO_EXTI_Callback':
D:\Users\Tyler\Documents\STM\Workspace\Workshop\stworkshop\Debug/../Drivers/STM32L4xx_HAL_Driver/Src/stm32l4xx_hal_gpio.c:546: undefined reference to `HAL_GPIO_TOGGLEPIN'
collect2.exe: error: ld returned 1 exit status
make: *** [stworkshop.elf] Error 1
13:37:37 **** Incremental Build of configuration Debug for project stworkshop ****
make all 
Building file: ../Drivers/STM32L4xx_HAL_Driver/Src/stm32l4xx_hal_gpio.c
Invoking: MCU GCC Compiler
%cd%
arm-none-eabi-gcc -mcpu=cortex-m4 -mthumb -mfloat-abi=hard -mfpu=fpv4-sp-d16 '-D__weak=__attribute__((weak))' '-D__packed=__attribute__((__packed__))' -DUSE_HAL_DRIVER -DSTM32L432xx -I"D:/Users/Tyler/Documents/STM/Workspace/Workshop/stworkshop/Inc" -I"D:/Users/Tyler/Documents/STM/Workspace/Workshop/stworkshop/Drivers/STM32L4xx_HAL_Driver/Inc" -I"D:/Users/Tyler/Documents/STM/Workspace/Workshop/stworkshop/Drivers/STM32L4xx_HAL_Driver/Inc/Legacy" -I"D:/Users/Tyler/Documents/STM/Workspace/Workshop/stworkshop/Drivers/CMSIS/Device/ST/STM32L4xx/Include" -I"D:/Users/Tyler/Documents/STM/Workspace/Workshop/stworkshop/Drivers/CMSIS/Include" -I"D:/Users/Tyler/Documents/STM/Workspace/Workshop/stworkshop/Inc"  -Og -g3 -Wall -fmessage-length=0 -ffunction-sections -c -fmessage-length=0 -MMD -MP -MF"Drivers/STM32L4xx_HAL_Driver/Src/stm32l4xx_hal_gpio.d" -MT"Drivers/STM32L4xx_HAL_Driver/Src/stm32l4xx_hal_gpio.o" -o "Drivers/STM32L4xx_HAL_Driver/Src/stm32l4xx_hal_gpio.o" "../Drivers/STM32L4xx_HAL_Driver/Src/stm32l4xx_hal_gpio.c"
Finished building: ../Drivers/STM32L4xx_HAL_Driver/Src/stm32l4xx_hal_gpio.c
 
Building target: stworkshop.elf
Invoking: MCU GCC Linker
arm-none-eabi-gcc -mcpu=cortex-m4 -mthumb -mfloat-abi=hard -mfpu=fpv4-sp-d16 -specs=nosys.specs -specs=nano.specs -T"../STM32L432KCUx_FLASH.ld" -Wl,-Map=output.map -Wl,--gc-sections -lm -o "stworkshop.elf" @"objects.list"  
Finished building target: stworkshop.elf
 
make --no-print-directory post-build
Generating binary and Printing size information:
arm-none-eabi-objcopy -O binary "stworkshop.elf" "stworkshop.bin"
arm-none-eabi-size "stworkshop.elf"
   text	   data	    bss	    dec	    hex	filename
   4776	     24	   1568	   6368	   18e0	stworkshop.elf
 
