20:35:08 **** Incremental Build of configuration Debug for project LatencyTests ****
make all 
make: Nothing to be done for `all'.
20:35:17 **** Incremental Build of configuration Debug for project LatencyTests ****
make all 
make: Nothing to be done for `all'.
20:38:44 **** Incremental Build of configuration Debug for project LatencyTests ****
make all 
make: Nothing to be done for `all'.
20:39:07 **** Incremental Build of configuration Debug for project LatencyTests ****
make all 
Building file: ../Src/main.c
Invoking: MCU GCC Compiler
%cd%
arm-none-eabi-gcc -mcpu=cortex-m4 -mthumb -mfloat-abi=hard -mfpu=fpv4-sp-d16 '-D__weak=__attribute__((weak))' '-D__packed=__attribute__((__packed__))' -DUSE_HAL_DRIVER -DSTM32F446xx -I"D:/Users/Tyler/Documents/STM/Workspace/Latency Tests/LatencyTests/Inc" -I"D:/Users/Tyler/Documents/STM/Workspace/Latency Tests/LatencyTests/Drivers/STM32F4xx_HAL_Driver/Inc" -I"D:/Users/Tyler/Documents/STM/Workspace/Latency Tests/LatencyTests/Drivers/STM32F4xx_HAL_Driver/Inc/Legacy" -I"D:/Users/Tyler/Documents/STM/Workspace/Latency Tests/LatencyTests/Drivers/CMSIS/Device/ST/STM32F4xx/Include" -I"D:/Users/Tyler/Documents/STM/Workspace/Latency Tests/LatencyTests/Drivers/CMSIS/Include" -I"D:/Users/Tyler/Documents/STM/Workspace/Latency Tests/LatencyTests/Inc"  -Og -g3 -Wall -fmessage-length=0 -ffunction-sections -c -fmessage-length=0 -MMD -MP -MF"Src/main.d" -MT"Src/main.o" -o "Src/main.o" "../Src/main.c"
../Src/main.c: In function 'main':
../Src/main.c:134:27: warning: variable 'arrDynamixel' set but not used [-Wunused-but-set-variable]
  Dynamixel_HandleTypeDef* arrDynamixel[10];
                           ^
Finished building: ../Src/main.c
 
Building target: LatencyTests.elf
Invoking: MCU GCC Linker
arm-none-eabi-gcc -mcpu=cortex-m4 -mthumb -mfloat-abi=hard -mfpu=fpv4-sp-d16 -specs=nosys.specs -specs=nano.specs -T"../STM32F446ZETx_FLASH.ld" -Wl,-Map=output.map -Wl,--gc-sections -lm -o "LatencyTests.elf" @"objects.list"  
Finished building target: LatencyTests.elf
 
make --no-print-directory post-build
Generating binary and Printing size information:
arm-none-eabi-objcopy -O binary "LatencyTests.elf" "LatencyTests.bin"
arm-none-eabi-size "LatencyTests.elf"
   text	   data	    bss	    dec	    hex	filename
   9224	    184	   2280	  11688	   2da8	LatencyTests.elf
 
20:45:40 **** Incremental Build of configuration Debug for project LatencyTests ****
make all 
make: Nothing to be done for `all'.
20:46:55 **** Incremental Build of configuration Debug for project LatencyTests ****
make all 
make: Nothing to be done for `all'.
20:48:14 **** Incremental Build of configuration Debug for project LatencyTests ****
make all 
make: Nothing to be done for `all'.
20:48:40 **** Incremental Build of configuration Debug for project LatencyTests ****
make all 
make: Nothing to be done for `all'.
20:48:45 **** Incremental Build of configuration Debug for project LatencyTests ****
make all 
make: Nothing to be done for `all'.
20:52:49 **** Incremental Build of configuration Debug for project LatencyTests ****
make all 
Building file: ../Src/main.c
Invoking: MCU GCC Compiler
%cd%
arm-none-eabi-gcc -mcpu=cortex-m4 -mthumb -mfloat-abi=hard -mfpu=fpv4-sp-d16 '-D__weak=__attribute__((weak))' '-D__packed=__attribute__((__packed__))' -DUSE_HAL_DRIVER -DSTM32F446xx -I"D:/Users/Tyler/Documents/STM/Workspace/Latency Tests/LatencyTests/Inc" -I"D:/Users/Tyler/Documents/STM/Workspace/Latency Tests/LatencyTests/Drivers/STM32F4xx_HAL_Driver/Inc" -I"D:/Users/Tyler/Documents/STM/Workspace/Latency Tests/LatencyTests/Drivers/STM32F4xx_HAL_Driver/Inc/Legacy" -I"D:/Users/Tyler/Documents/STM/Workspace/Latency Tests/LatencyTests/Drivers/CMSIS/Device/ST/STM32F4xx/Include" -I"D:/Users/Tyler/Documents/STM/Workspace/Latency Tests/LatencyTests/Drivers/CMSIS/Include" -I"D:/Users/Tyler/Documents/STM/Workspace/Latency Tests/LatencyTests/Inc"  -Og -g3 -Wall -fmessage-length=0 -ffunction-sections -c -fmessage-length=0 -MMD -MP -MF"Src/main.d" -MT"Src/main.o" -o "Src/main.o" "../Src/main.c"
../Src/main.c: In function 'main':
../Src/main.c:134:27: warning: variable 'arrDynamixel' set but not used [-Wunused-but-set-variable]
  Dynamixel_HandleTypeDef* arrDynamixel[10];
                           ^
Finished building: ../Src/main.c
 
Building target: LatencyTests.elf
Invoking: MCU GCC Linker
arm-none-eabi-gcc -mcpu=cortex-m4 -mthumb -mfloat-abi=hard -mfpu=fpv4-sp-d16 -specs=nosys.specs -specs=nano.specs -T"../STM32F446ZETx_FLASH.ld" -Wl,-Map=output.map -Wl,--gc-sections -lm -o "LatencyTests.elf" @"objects.list"  
Finished building target: LatencyTests.elf
 
make --no-print-directory post-build
Generating binary and Printing size information:
arm-none-eabi-objcopy -O binary "LatencyTests.elf" "LatencyTests.bin"
arm-none-eabi-size "LatencyTests.elf"
   text	   data	    bss	    dec	    hex	filename
   9248	    184	   2280	  11712	   2dc0	LatencyTests.elf
 
20:56:46 **** Incremental Build of configuration Debug for project LatencyTests ****
make all 
Building file: ../Src/main.c
Invoking: MCU GCC Compiler
%cd%
arm-none-eabi-gcc -mcpu=cortex-m4 -mthumb -mfloat-abi=hard -mfpu=fpv4-sp-d16 '-D__weak=__attribute__((weak))' '-D__packed=__attribute__((__packed__))' -DUSE_HAL_DRIVER -DSTM32F446xx -I"D:/Users/Tyler/Documents/STM/Workspace/Latency Tests/LatencyTests/Inc" -I"D:/Users/Tyler/Documents/STM/Workspace/Latency Tests/LatencyTests/Drivers/STM32F4xx_HAL_Driver/Inc" -I"D:/Users/Tyler/Documents/STM/Workspace/Latency Tests/LatencyTests/Drivers/STM32F4xx_HAL_Driver/Inc/Legacy" -I"D:/Users/Tyler/Documents/STM/Workspace/Latency Tests/LatencyTests/Drivers/CMSIS/Device/ST/STM32F4xx/Include" -I"D:/Users/Tyler/Documents/STM/Workspace/Latency Tests/LatencyTests/Drivers/CMSIS/Include" -I"D:/Users/Tyler/Documents/STM/Workspace/Latency Tests/LatencyTests/Inc"  -Og -g3 -Wall -fmessage-length=0 -ffunction-sections -c -fmessage-length=0 -MMD -MP -MF"Src/main.d" -MT"Src/main.o" -o "Src/main.o" "../Src/main.c"
../Src/main.c: In function 'main':
../Src/main.c:134:27: warning: variable 'arrDynamixel' set but not used [-Wunused-but-set-variable]
  Dynamixel_HandleTypeDef* arrDynamixel[10];
                           ^
Finished building: ../Src/main.c
 
Building target: LatencyTests.elf
Invoking: MCU GCC Linker
arm-none-eabi-gcc -mcpu=cortex-m4 -mthumb -mfloat-abi=hard -mfpu=fpv4-sp-d16 -specs=nosys.specs -specs=nano.specs -T"../STM32F446ZETx_FLASH.ld" -Wl,-Map=output.map -Wl,--gc-sections -lm -o "LatencyTests.elf" @"objects.list"  
Finished building target: LatencyTests.elf
 
make --no-print-directory post-build
Generating binary and Printing size information:
arm-none-eabi-objcopy -O binary "LatencyTests.elf" "LatencyTests.bin"
arm-none-eabi-size "LatencyTests.elf"
   text	   data	    bss	    dec	    hex	filename
   9436	    184	   2280	  11900	   2e7c	LatencyTests.elf
 
21:00:01 **** Incremental Build of configuration Debug for project LatencyTests ****
make all 
Building file: ../Src/main.c
Invoking: MCU GCC Compiler
%cd%
arm-none-eabi-gcc -mcpu=cortex-m4 -mthumb -mfloat-abi=hard -mfpu=fpv4-sp-d16 '-D__weak=__attribute__((weak))' '-D__packed=__attribute__((__packed__))' -DUSE_HAL_DRIVER -DSTM32F446xx -I"D:/Users/Tyler/Documents/STM/Workspace/Latency Tests/LatencyTests/Inc" -I"D:/Users/Tyler/Documents/STM/Workspace/Latency Tests/LatencyTests/Drivers/STM32F4xx_HAL_Driver/Inc" -I"D:/Users/Tyler/Documents/STM/Workspace/Latency Tests/LatencyTests/Drivers/STM32F4xx_HAL_Driver/Inc/Legacy" -I"D:/Users/Tyler/Documents/STM/Workspace/Latency Tests/LatencyTests/Drivers/CMSIS/Device/ST/STM32F4xx/Include" -I"D:/Users/Tyler/Documents/STM/Workspace/Latency Tests/LatencyTests/Drivers/CMSIS/Include" -I"D:/Users/Tyler/Documents/STM/Workspace/Latency Tests/LatencyTests/Inc"  -Og -g3 -Wall -fmessage-length=0 -ffunction-sections -c -fmessage-length=0 -MMD -MP -MF"Src/main.d" -MT"Src/main.o" -o "Src/main.o" "../Src/main.c"
../Src/main.c: In function 'main':
../Src/main.c:134:27: warning: variable 'arrDynamixel' set but not used [-Wunused-but-set-variable]
  Dynamixel_HandleTypeDef* arrDynamixel[10];
                           ^
Finished building: ../Src/main.c
 
Building target: LatencyTests.elf
Invoking: MCU GCC Linker
arm-none-eabi-gcc -mcpu=cortex-m4 -mthumb -mfloat-abi=hard -mfpu=fpv4-sp-d16 -specs=nosys.specs -specs=nano.specs -T"../STM32F446ZETx_FLASH.ld" -Wl,-Map=output.map -Wl,--gc-sections -lm -o "LatencyTests.elf" @"objects.list"  
Finished building target: LatencyTests.elf
 
make --no-print-directory post-build
Generating binary and Printing size information:
arm-none-eabi-objcopy -O binary "LatencyTests.elf" "LatencyTests.bin"
arm-none-eabi-size "LatencyTests.elf"
   text	   data	    bss	    dec	    hex	filename
   9436	    184	   2280	  11900	   2e7c	LatencyTests.elf
 
21:00:57 **** Incremental Build of configuration Debug for project LatencyTests ****
make all 
make: Nothing to be done for `all'.
21:01:27 **** Incremental Build of configuration Debug for project LatencyTests ****
make all 
make: Nothing to be done for `all'.
21:02:46 **** Incremental Build of configuration Debug for project LatencyTests ****
make all 
make: Nothing to be done for `all'.
21:04:10 **** Incremental Build of configuration Debug for project LatencyTests ****
make all 
make: Nothing to be done for `all'.
21:04:45 **** Incremental Build of configuration Debug for project LatencyTests ****
make all 
make: Nothing to be done for `all'.
21:05:37 **** Incremental Build of configuration Debug for project LatencyTests ****
make all 
make: Nothing to be done for `all'.
21:20:01 **** Incremental Build of configuration Debug for project LatencyTests ****
make all 
Building file: ../Src/main.c
Invoking: MCU GCC Compiler
%cd%
arm-none-eabi-gcc -mcpu=cortex-m4 -mthumb -mfloat-abi=hard -mfpu=fpv4-sp-d16 '-D__weak=__attribute__((weak))' '-D__packed=__attribute__((__packed__))' -DUSE_HAL_DRIVER -DSTM32F446xx -I"D:/Users/Tyler/Documents/STM/Workspace/Latency Tests/LatencyTests/Inc" -I"D:/Users/Tyler/Documents/STM/Workspace/Latency Tests/LatencyTests/Drivers/STM32F4xx_HAL_Driver/Inc" -I"D:/Users/Tyler/Documents/STM/Workspace/Latency Tests/LatencyTests/Drivers/STM32F4xx_HAL_Driver/Inc/Legacy" -I"D:/Users/Tyler/Documents/STM/Workspace/Latency Tests/LatencyTests/Drivers/CMSIS/Device/ST/STM32F4xx/Include" -I"D:/Users/Tyler/Documents/STM/Workspace/Latency Tests/LatencyTests/Drivers/CMSIS/Include" -I"D:/Users/Tyler/Documents/STM/Workspace/Latency Tests/LatencyTests/Inc"  -Og -g3 -Wall -fmessage-length=0 -ffunction-sections -c -fmessage-length=0 -MMD -MP -MF"Src/main.d" -MT"Src/main.o" -o "Src/main.o" "../Src/main.c"
../Src/main.c: In function 'main':
../Src/main.c:134:27: warning: variable 'arrDynamixel' set but not used [-Wunused-but-set-variable]
  Dynamixel_HandleTypeDef* arrDynamixel[10];
                           ^
Finished building: ../Src/main.c
 
Building target: LatencyTests.elf
Invoking: MCU GCC Linker
arm-none-eabi-gcc -mcpu=cortex-m4 -mthumb -mfloat-abi=hard -mfpu=fpv4-sp-d16 -specs=nosys.specs -specs=nano.specs -T"../STM32F446ZETx_FLASH.ld" -Wl,-Map=output.map -Wl,--gc-sections -lm -o "LatencyTests.elf" @"objects.list"  
Finished building target: LatencyTests.elf
 
make --no-print-directory post-build
Generating binary and Printing size information:
arm-none-eabi-objcopy -O binary "LatencyTests.elf" "LatencyTests.bin"
arm-none-eabi-size "LatencyTests.elf"
   text	   data	    bss	    dec	    hex	filename
   9224	    184	   2280	  11688	   2da8	LatencyTests.elf
 
21:27:24 **** Incremental Build of configuration Debug for project LatencyTests ****
make all 
Building file: ../Src/main.c
Invoking: MCU GCC Compiler
%cd%
arm-none-eabi-gcc -mcpu=cortex-m4 -mthumb -mfloat-abi=hard -mfpu=fpv4-sp-d16 '-D__weak=__attribute__((weak))' '-D__packed=__attribute__((__packed__))' -DUSE_HAL_DRIVER -DSTM32F446xx -I"D:/Users/Tyler/Documents/STM/Workspace/Latency Tests/LatencyTests/Inc" -I"D:/Users/Tyler/Documents/STM/Workspace/Latency Tests/LatencyTests/Drivers/STM32F4xx_HAL_Driver/Inc" -I"D:/Users/Tyler/Documents/STM/Workspace/Latency Tests/LatencyTests/Drivers/STM32F4xx_HAL_Driver/Inc/Legacy" -I"D:/Users/Tyler/Documents/STM/Workspace/Latency Tests/LatencyTests/Drivers/CMSIS/Device/ST/STM32F4xx/Include" -I"D:/Users/Tyler/Documents/STM/Workspace/Latency Tests/LatencyTests/Drivers/CMSIS/Include" -I"D:/Users/Tyler/Documents/STM/Workspace/Latency Tests/LatencyTests/Inc"  -Og -g3 -Wall -fmessage-length=0 -ffunction-sections -c -fmessage-length=0 -MMD -MP -MF"Src/main.d" -MT"Src/main.o" -o "Src/main.o" "../Src/main.c"
../Src/main.c: In function 'main':
../Src/main.c:134:27: warning: variable 'arrDynamixel' set but not used [-Wunused-but-set-variable]
  Dynamixel_HandleTypeDef* arrDynamixel[10];
                           ^
Finished building: ../Src/main.c
 
Building target: LatencyTests.elf
Invoking: MCU GCC Linker
arm-none-eabi-gcc -mcpu=cortex-m4 -mthumb -mfloat-abi=hard -mfpu=fpv4-sp-d16 -specs=nosys.specs -specs=nano.specs -T"../STM32F446ZETx_FLASH.ld" -Wl,-Map=output.map -Wl,--gc-sections -lm -o "LatencyTests.elf" @"objects.list"  
Finished building target: LatencyTests.elf
 
make --no-print-directory post-build
Generating binary and Printing size information:
arm-none-eabi-objcopy -O binary "LatencyTests.elf" "LatencyTests.bin"
arm-none-eabi-size "LatencyTests.elf"
   text	   data	    bss	    dec	    hex	filename
   9488	    184	   2280	  11952	   2eb0	LatencyTests.elf
 
21:31:37 **** Incremental Build of configuration Debug for project LatencyTests ****
make all 
Building file: ../Src/main.c
Invoking: MCU GCC Compiler
%cd%
arm-none-eabi-gcc -mcpu=cortex-m4 -mthumb -mfloat-abi=hard -mfpu=fpv4-sp-d16 '-D__weak=__attribute__((weak))' '-D__packed=__attribute__((__packed__))' -DUSE_HAL_DRIVER -DSTM32F446xx -I"D:/Users/Tyler/Documents/STM/Workspace/Latency Tests/LatencyTests/Inc" -I"D:/Users/Tyler/Documents/STM/Workspace/Latency Tests/LatencyTests/Drivers/STM32F4xx_HAL_Driver/Inc" -I"D:/Users/Tyler/Documents/STM/Workspace/Latency Tests/LatencyTests/Drivers/STM32F4xx_HAL_Driver/Inc/Legacy" -I"D:/Users/Tyler/Documents/STM/Workspace/Latency Tests/LatencyTests/Drivers/CMSIS/Device/ST/STM32F4xx/Include" -I"D:/Users/Tyler/Documents/STM/Workspace/Latency Tests/LatencyTests/Drivers/CMSIS/Include" -I"D:/Users/Tyler/Documents/STM/Workspace/Latency Tests/LatencyTests/Inc"  -Og -g3 -Wall -fmessage-length=0 -ffunction-sections -c -fmessage-length=0 -MMD -MP -MF"Src/main.d" -MT"Src/main.o" -o "Src/main.o" "../Src/main.c"
../Src/main.c: In function 'main':
../Src/main.c:134:27: warning: variable 'arrDynamixel' set but not used [-Wunused-but-set-variable]
  Dynamixel_HandleTypeDef* arrDynamixel[10];
                           ^
Finished building: ../Src/main.c
 
Building target: LatencyTests.elf
Invoking: MCU GCC Linker
arm-none-eabi-gcc -mcpu=cortex-m4 -mthumb -mfloat-abi=hard -mfpu=fpv4-sp-d16 -specs=nosys.specs -specs=nano.specs -T"../STM32F446ZETx_FLASH.ld" -Wl,-Map=output.map -Wl,--gc-sections -lm -o "LatencyTests.elf" @"objects.list"  
Finished building target: LatencyTests.elf
 
make --no-print-directory post-build
Generating binary and Printing size information:
arm-none-eabi-objcopy -O binary "LatencyTests.elf" "LatencyTests.bin"
arm-none-eabi-size "LatencyTests.elf"
   text	   data	    bss	    dec	    hex	filename
   9488	    184	   2280	  11952	   2eb0	LatencyTests.elf
 
21:32:31 **** Incremental Build of configuration Debug for project LatencyTests ****
make all 
make: Nothing to be done for `all'.
21:32:44 **** Incremental Build of configuration Debug for project LatencyTests ****
make all 
make: Nothing to be done for `all'.
21:35:07 **** Incremental Build of configuration Debug for project LatencyTests ****
make all 
Building file: ../Src/main.c
Invoking: MCU GCC Compiler
%cd%
arm-none-eabi-gcc -mcpu=cortex-m4 -mthumb -mfloat-abi=hard -mfpu=fpv4-sp-d16 '-D__weak=__attribute__((weak))' '-D__packed=__attribute__((__packed__))' -DUSE_HAL_DRIVER -DSTM32F446xx -I"D:/Users/Tyler/Documents/STM/Workspace/Latency Tests/LatencyTests/Inc" -I"D:/Users/Tyler/Documents/STM/Workspace/Latency Tests/LatencyTests/Drivers/STM32F4xx_HAL_Driver/Inc" -I"D:/Users/Tyler/Documents/STM/Workspace/Latency Tests/LatencyTests/Drivers/STM32F4xx_HAL_Driver/Inc/Legacy" -I"D:/Users/Tyler/Documents/STM/Workspace/Latency Tests/LatencyTests/Drivers/CMSIS/Device/ST/STM32F4xx/Include" -I"D:/Users/Tyler/Documents/STM/Workspace/Latency Tests/LatencyTests/Drivers/CMSIS/Include" -I"D:/Users/Tyler/Documents/STM/Workspace/Latency Tests/LatencyTests/Inc"  -Og -g3 -Wall -fmessage-length=0 -ffunction-sections -c -fmessage-length=0 -MMD -MP -MF"Src/main.d" -MT"Src/main.o" -o "Src/main.o" "../Src/main.c"
../Src/main.c: In function 'main':
../Src/main.c:134:27: warning: variable 'arrDynamixel' set but not used [-Wunused-but-set-variable]
  Dynamixel_HandleTypeDef* arrDynamixel[10];
                           ^
Finished building: ../Src/main.c
 
Building target: LatencyTests.elf
Invoking: MCU GCC Linker
arm-none-eabi-gcc -mcpu=cortex-m4 -mthumb -mfloat-abi=hard -mfpu=fpv4-sp-d16 -specs=nosys.specs -specs=nano.specs -T"../STM32F446ZETx_FLASH.ld" -Wl,-Map=output.map -Wl,--gc-sections -lm -o "LatencyTests.elf" @"objects.list"  
Finished building target: LatencyTests.elf
 
make --no-print-directory post-build
Generating binary and Printing size information:
arm-none-eabi-objcopy -O binary "LatencyTests.elf" "LatencyTests.bin"
arm-none-eabi-size "LatencyTests.elf"
   text	   data	    bss	    dec	    hex	filename
   9488	    184	   2280	  11952	   2eb0	LatencyTests.elf
 
21:35:18 **** Incremental Build of configuration Debug for project LatencyTests ****
make all 
Building file: ../Src/main.c
Invoking: MCU GCC Compiler
%cd%
arm-none-eabi-gcc -mcpu=cortex-m4 -mthumb -mfloat-abi=hard -mfpu=fpv4-sp-d16 '-D__weak=__attribute__((weak))' '-D__packed=__attribute__((__packed__))' -DUSE_HAL_DRIVER -DSTM32F446xx -I"D:/Users/Tyler/Documents/STM/Workspace/Latency Tests/LatencyTests/Inc" -I"D:/Users/Tyler/Documents/STM/Workspace/Latency Tests/LatencyTests/Drivers/STM32F4xx_HAL_Driver/Inc" -I"D:/Users/Tyler/Documents/STM/Workspace/Latency Tests/LatencyTests/Drivers/STM32F4xx_HAL_Driver/Inc/Legacy" -I"D:/Users/Tyler/Documents/STM/Workspace/Latency Tests/LatencyTests/Drivers/CMSIS/Device/ST/STM32F4xx/Include" -I"D:/Users/Tyler/Documents/STM/Workspace/Latency Tests/LatencyTests/Drivers/CMSIS/Include" -I"D:/Users/Tyler/Documents/STM/Workspace/Latency Tests/LatencyTests/Inc"  -Og -g3 -Wall -fmessage-length=0 -ffunction-sections -c -fmessage-length=0 -MMD -MP -MF"Src/main.d" -MT"Src/main.o" -o "Src/main.o" "../Src/main.c"
../Src/main.c: In function 'main':
../Src/main.c:134:27: warning: variable 'arrDynamixel' set but not used [-Wunused-but-set-variable]
  Dynamixel_HandleTypeDef* arrDynamixel[10];
                           ^
Finished building: ../Src/main.c
 
Building target: LatencyTests.elf
Invoking: MCU GCC Linker
arm-none-eabi-gcc -mcpu=cortex-m4 -mthumb -mfloat-abi=hard -mfpu=fpv4-sp-d16 -specs=nosys.specs -specs=nano.specs -T"../STM32F446ZETx_FLASH.ld" -Wl,-Map=output.map -Wl,--gc-sections -lm -o "LatencyTests.elf" @"objects.list"  
Finished building target: LatencyTests.elf
 
make --no-print-directory post-build
Generating binary and Printing size information:
arm-none-eabi-objcopy -O binary "LatencyTests.elf" "LatencyTests.bin"
arm-none-eabi-size "LatencyTests.elf"
   text	   data	    bss	    dec	    hex	filename
   9488	    184	   2280	  11952	   2eb0	LatencyTests.elf
 
21:36:09 **** Incremental Build of configuration Debug for project LatencyTests ****
make all 
Building file: ../Src/main.c
Invoking: MCU GCC Compiler
%cd%
arm-none-eabi-gcc -mcpu=cortex-m4 -mthumb -mfloat-abi=hard -mfpu=fpv4-sp-d16 '-D__weak=__attribute__((weak))' '-D__packed=__attribute__((__packed__))' -DUSE_HAL_DRIVER -DSTM32F446xx -I"D:/Users/Tyler/Documents/STM/Workspace/Latency Tests/LatencyTests/Inc" -I"D:/Users/Tyler/Documents/STM/Workspace/Latency Tests/LatencyTests/Drivers/STM32F4xx_HAL_Driver/Inc" -I"D:/Users/Tyler/Documents/STM/Workspace/Latency Tests/LatencyTests/Drivers/STM32F4xx_HAL_Driver/Inc/Legacy" -I"D:/Users/Tyler/Documents/STM/Workspace/Latency Tests/LatencyTests/Drivers/CMSIS/Device/ST/STM32F4xx/Include" -I"D:/Users/Tyler/Documents/STM/Workspace/Latency Tests/LatencyTests/Drivers/CMSIS/Include" -I"D:/Users/Tyler/Documents/STM/Workspace/Latency Tests/LatencyTests/Inc"  -Og -g3 -Wall -fmessage-length=0 -ffunction-sections -c -fmessage-length=0 -MMD -MP -MF"Src/main.d" -MT"Src/main.o" -o "Src/main.o" "../Src/main.c"
../Src/main.c: In function 'main':
../Src/main.c:134:27: warning: variable 'arrDynamixel' set but not used [-Wunused-but-set-variable]
  Dynamixel_HandleTypeDef* arrDynamixel[10];
                           ^
Finished building: ../Src/main.c
 
Building target: LatencyTests.elf
Invoking: MCU GCC Linker
arm-none-eabi-gcc -mcpu=cortex-m4 -mthumb -mfloat-abi=hard -mfpu=fpv4-sp-d16 -specs=nosys.specs -specs=nano.specs -T"../STM32F446ZETx_FLASH.ld" -Wl,-Map=output.map -Wl,--gc-sections -lm -o "LatencyTests.elf" @"objects.list"  
Finished building target: LatencyTests.elf
 
make --no-print-directory post-build
Generating binary and Printing size information:
arm-none-eabi-objcopy -O binary "LatencyTests.elf" "LatencyTests.bin"
arm-none-eabi-size "LatencyTests.elf"
   text	   data	    bss	    dec	    hex	filename
   9488	    184	   2280	  11952	   2eb0	LatencyTests.elf
 
21:37:13 **** Incremental Build of configuration Debug for project LatencyTests ****
make all 
Building file: ../Src/main.c
Invoking: MCU GCC Compiler
%cd%
arm-none-eabi-gcc -mcpu=cortex-m4 -mthumb -mfloat-abi=hard -mfpu=fpv4-sp-d16 '-D__weak=__attribute__((weak))' '-D__packed=__attribute__((__packed__))' -DUSE_HAL_DRIVER -DSTM32F446xx -I"D:/Users/Tyler/Documents/STM/Workspace/Latency Tests/LatencyTests/Inc" -I"D:/Users/Tyler/Documents/STM/Workspace/Latency Tests/LatencyTests/Drivers/STM32F4xx_HAL_Driver/Inc" -I"D:/Users/Tyler/Documents/STM/Workspace/Latency Tests/LatencyTests/Drivers/STM32F4xx_HAL_Driver/Inc/Legacy" -I"D:/Users/Tyler/Documents/STM/Workspace/Latency Tests/LatencyTests/Drivers/CMSIS/Device/ST/STM32F4xx/Include" -I"D:/Users/Tyler/Documents/STM/Workspace/Latency Tests/LatencyTests/Drivers/CMSIS/Include" -I"D:/Users/Tyler/Documents/STM/Workspace/Latency Tests/LatencyTests/Inc"  -Og -g3 -Wall -fmessage-length=0 -ffunction-sections -c -fmessage-length=0 -MMD -MP -MF"Src/main.d" -MT"Src/main.o" -o "Src/main.o" "../Src/main.c"
../Src/main.c: In function 'main':
../Src/main.c:134:27: warning: variable 'arrDynamixel' set but not used [-Wunused-but-set-variable]
  Dynamixel_HandleTypeDef* arrDynamixel[10];
                           ^
Finished building: ../Src/main.c
 
Building target: LatencyTests.elf
Invoking: MCU GCC Linker
arm-none-eabi-gcc -mcpu=cortex-m4 -mthumb -mfloat-abi=hard -mfpu=fpv4-sp-d16 -specs=nosys.specs -specs=nano.specs -T"../STM32F446ZETx_FLASH.ld" -Wl,-Map=output.map -Wl,--gc-sections -lm -o "LatencyTests.elf" @"objects.list"  
Finished building target: LatencyTests.elf
 
make --no-print-directory post-build
Generating binary and Printing size information:
arm-none-eabi-objcopy -O binary "LatencyTests.elf" "LatencyTests.bin"
arm-none-eabi-size "LatencyTests.elf"
   text	   data	    bss	    dec	    hex	filename
   9488	    184	   2280	  11952	   2eb0	LatencyTests.elf
 
21:38:01 **** Incremental Build of configuration Debug for project LatencyTests ****
make all 
Building file: ../Src/main.c
Invoking: MCU GCC Compiler
%cd%
arm-none-eabi-gcc -mcpu=cortex-m4 -mthumb -mfloat-abi=hard -mfpu=fpv4-sp-d16 '-D__weak=__attribute__((weak))' '-D__packed=__attribute__((__packed__))' -DUSE_HAL_DRIVER -DSTM32F446xx -I"D:/Users/Tyler/Documents/STM/Workspace/Latency Tests/LatencyTests/Inc" -I"D:/Users/Tyler/Documents/STM/Workspace/Latency Tests/LatencyTests/Drivers/STM32F4xx_HAL_Driver/Inc" -I"D:/Users/Tyler/Documents/STM/Workspace/Latency Tests/LatencyTests/Drivers/STM32F4xx_HAL_Driver/Inc/Legacy" -I"D:/Users/Tyler/Documents/STM/Workspace/Latency Tests/LatencyTests/Drivers/CMSIS/Device/ST/STM32F4xx/Include" -I"D:/Users/Tyler/Documents/STM/Workspace/Latency Tests/LatencyTests/Drivers/CMSIS/Include" -I"D:/Users/Tyler/Documents/STM/Workspace/Latency Tests/LatencyTests/Inc"  -Og -g3 -Wall -fmessage-length=0 -ffunction-sections -c -fmessage-length=0 -MMD -MP -MF"Src/main.d" -MT"Src/main.o" -o "Src/main.o" "../Src/main.c"
../Src/main.c: In function 'main':
../Src/main.c:134:27: warning: variable 'arrDynamixel' set but not used [-Wunused-but-set-variable]
  Dynamixel_HandleTypeDef* arrDynamixel[10];
                           ^
Finished building: ../Src/main.c
 
Building target: LatencyTests.elf
Invoking: MCU GCC Linker
arm-none-eabi-gcc -mcpu=cortex-m4 -mthumb -mfloat-abi=hard -mfpu=fpv4-sp-d16 -specs=nosys.specs -specs=nano.specs -T"../STM32F446ZETx_FLASH.ld" -Wl,-Map=output.map -Wl,--gc-sections -lm -o "LatencyTests.elf" @"objects.list"  
Finished building target: LatencyTests.elf
 
make --no-print-directory post-build
Generating binary and Printing size information:
arm-none-eabi-objcopy -O binary "LatencyTests.elf" "LatencyTests.bin"
arm-none-eabi-size "LatencyTests.elf"
   text	   data	    bss	    dec	    hex	filename
   9488	    184	   2280	  11952	   2eb0	LatencyTests.elf
 
21:38:29 **** Incremental Build of configuration Debug for project LatencyTests ****
make all 
Building file: ../Src/main.c
Invoking: MCU GCC Compiler
%cd%
arm-none-eabi-gcc -mcpu=cortex-m4 -mthumb -mfloat-abi=hard -mfpu=fpv4-sp-d16 '-D__weak=__attribute__((weak))' '-D__packed=__attribute__((__packed__))' -DUSE_HAL_DRIVER -DSTM32F446xx -I"D:/Users/Tyler/Documents/STM/Workspace/Latency Tests/LatencyTests/Inc" -I"D:/Users/Tyler/Documents/STM/Workspace/Latency Tests/LatencyTests/Drivers/STM32F4xx_HAL_Driver/Inc" -I"D:/Users/Tyler/Documents/STM/Workspace/Latency Tests/LatencyTests/Drivers/STM32F4xx_HAL_Driver/Inc/Legacy" -I"D:/Users/Tyler/Documents/STM/Workspace/Latency Tests/LatencyTests/Drivers/CMSIS/Device/ST/STM32F4xx/Include" -I"D:/Users/Tyler/Documents/STM/Workspace/Latency Tests/LatencyTests/Drivers/CMSIS/Include" -I"D:/Users/Tyler/Documents/STM/Workspace/Latency Tests/LatencyTests/Inc"  -Og -g3 -Wall -fmessage-length=0 -ffunction-sections -c -fmessage-length=0 -MMD -MP -MF"Src/main.d" -MT"Src/main.o" -o "Src/main.o" "../Src/main.c"
../Src/main.c: In function 'main':
../Src/main.c:134:27: warning: variable 'arrDynamixel' set but not used [-Wunused-but-set-variable]
  Dynamixel_HandleTypeDef* arrDynamixel[10];
                           ^
Finished building: ../Src/main.c
 
Building target: LatencyTests.elf
Invoking: MCU GCC Linker
arm-none-eabi-gcc -mcpu=cortex-m4 -mthumb -mfloat-abi=hard -mfpu=fpv4-sp-d16 -specs=nosys.specs -specs=nano.specs -T"../STM32F446ZETx_FLASH.ld" -Wl,-Map=output.map -Wl,--gc-sections -lm -o "LatencyTests.elf" @"objects.list"  
Finished building target: LatencyTests.elf
 
make --no-print-directory post-build
Generating binary and Printing size information:
arm-none-eabi-objcopy -O binary "LatencyTests.elf" "LatencyTests.bin"
arm-none-eabi-size "LatencyTests.elf"
   text	   data	    bss	    dec	    hex	filename
   9488	    184	   2280	  11952	   2eb0	LatencyTests.elf
 
21:39:13 **** Incremental Build of configuration Debug for project LatencyTests ****
make all 
Building file: ../Src/main.c
Invoking: MCU GCC Compiler
%cd%
arm-none-eabi-gcc -mcpu=cortex-m4 -mthumb -mfloat-abi=hard -mfpu=fpv4-sp-d16 '-D__weak=__attribute__((weak))' '-D__packed=__attribute__((__packed__))' -DUSE_HAL_DRIVER -DSTM32F446xx -I"D:/Users/Tyler/Documents/STM/Workspace/Latency Tests/LatencyTests/Inc" -I"D:/Users/Tyler/Documents/STM/Workspace/Latency Tests/LatencyTests/Drivers/STM32F4xx_HAL_Driver/Inc" -I"D:/Users/Tyler/Documents/STM/Workspace/Latency Tests/LatencyTests/Drivers/STM32F4xx_HAL_Driver/Inc/Legacy" -I"D:/Users/Tyler/Documents/STM/Workspace/Latency Tests/LatencyTests/Drivers/CMSIS/Device/ST/STM32F4xx/Include" -I"D:/Users/Tyler/Documents/STM/Workspace/Latency Tests/LatencyTests/Drivers/CMSIS/Include" -I"D:/Users/Tyler/Documents/STM/Workspace/Latency Tests/LatencyTests/Inc"  -Og -g3 -Wall -fmessage-length=0 -ffunction-sections -c -fmessage-length=0 -MMD -MP -MF"Src/main.d" -MT"Src/main.o" -o "Src/main.o" "../Src/main.c"
../Src/main.c: In function 'main':
../Src/main.c:134:27: warning: variable 'arrDynamixel' set but not used [-Wunused-but-set-variable]
  Dynamixel_HandleTypeDef* arrDynamixel[10];
                           ^
Finished building: ../Src/main.c
 
Building target: LatencyTests.elf
Invoking: MCU GCC Linker
arm-none-eabi-gcc -mcpu=cortex-m4 -mthumb -mfloat-abi=hard -mfpu=fpv4-sp-d16 -specs=nosys.specs -specs=nano.specs -T"../STM32F446ZETx_FLASH.ld" -Wl,-Map=output.map -Wl,--gc-sections -lm -o "LatencyTests.elf" @"objects.list"  
Finished building target: LatencyTests.elf
 
make --no-print-directory post-build
Generating binary and Printing size information:
arm-none-eabi-objcopy -O binary "LatencyTests.elf" "LatencyTests.bin"
arm-none-eabi-size "LatencyTests.elf"
   text	   data	    bss	    dec	    hex	filename
   9488	    184	   2280	  11952	   2eb0	LatencyTests.elf
 
21:39:24 **** Incremental Build of configuration Debug for project LatencyTests ****
make all 
make: Nothing to be done for `all'.
21:40:51 **** Incremental Build of configuration Debug for project LatencyTests ****
make all 
Building file: ../Src/main.c
Invoking: MCU GCC Compiler
%cd%
arm-none-eabi-gcc -mcpu=cortex-m4 -mthumb -mfloat-abi=hard -mfpu=fpv4-sp-d16 '-D__weak=__attribute__((weak))' '-D__packed=__attribute__((__packed__))' -DUSE_HAL_DRIVER -DSTM32F446xx -I"D:/Users/Tyler/Documents/STM/Workspace/Latency Tests/LatencyTests/Inc" -I"D:/Users/Tyler/Documents/STM/Workspace/Latency Tests/LatencyTests/Drivers/STM32F4xx_HAL_Driver/Inc" -I"D:/Users/Tyler/Documents/STM/Workspace/Latency Tests/LatencyTests/Drivers/STM32F4xx_HAL_Driver/Inc/Legacy" -I"D:/Users/Tyler/Documents/STM/Workspace/Latency Tests/LatencyTests/Drivers/CMSIS/Device/ST/STM32F4xx/Include" -I"D:/Users/Tyler/Documents/STM/Workspace/Latency Tests/LatencyTests/Drivers/CMSIS/Include" -I"D:/Users/Tyler/Documents/STM/Workspace/Latency Tests/LatencyTests/Inc"  -Og -g3 -Wall -fmessage-length=0 -ffunction-sections -c -fmessage-length=0 -MMD -MP -MF"Src/main.d" -MT"Src/main.o" -o "Src/main.o" "../Src/main.c"
../Src/main.c: In function 'main':
../Src/main.c:134:27: warning: variable 'arrDynamixel' set but not used [-Wunused-but-set-variable]
  Dynamixel_HandleTypeDef* arrDynamixel[10];
                           ^
Finished building: ../Src/main.c
 
Building target: LatencyTests.elf
Invoking: MCU GCC Linker
arm-none-eabi-gcc -mcpu=cortex-m4 -mthumb -mfloat-abi=hard -mfpu=fpv4-sp-d16 -specs=nosys.specs -specs=nano.specs -T"../STM32F446ZETx_FLASH.ld" -Wl,-Map=output.map -Wl,--gc-sections -lm -o "LatencyTests.elf" @"objects.list"  
Finished building target: LatencyTests.elf
 
make --no-print-directory post-build
Generating binary and Printing size information:
arm-none-eabi-objcopy -O binary "LatencyTests.elf" "LatencyTests.bin"
arm-none-eabi-size "LatencyTests.elf"
   text	   data	    bss	    dec	    hex	filename
   9488	    184	   2280	  11952	   2eb0	LatencyTests.elf
 
21:42:32 **** Incremental Build of configuration Debug for project LatencyTests ****
make all 
Building file: ../Src/main.c
Invoking: MCU GCC Compiler
%cd%
arm-none-eabi-gcc -mcpu=cortex-m4 -mthumb -mfloat-abi=hard -mfpu=fpv4-sp-d16 '-D__weak=__attribute__((weak))' '-D__packed=__attribute__((__packed__))' -DUSE_HAL_DRIVER -DSTM32F446xx -I"D:/Users/Tyler/Documents/STM/Workspace/Latency Tests/LatencyTests/Inc" -I"D:/Users/Tyler/Documents/STM/Workspace/Latency Tests/LatencyTests/Drivers/STM32F4xx_HAL_Driver/Inc" -I"D:/Users/Tyler/Documents/STM/Workspace/Latency Tests/LatencyTests/Drivers/STM32F4xx_HAL_Driver/Inc/Legacy" -I"D:/Users/Tyler/Documents/STM/Workspace/Latency Tests/LatencyTests/Drivers/CMSIS/Device/ST/STM32F4xx/Include" -I"D:/Users/Tyler/Documents/STM/Workspace/Latency Tests/LatencyTests/Drivers/CMSIS/Include" -I"D:/Users/Tyler/Documents/STM/Workspace/Latency Tests/LatencyTests/Inc"  -Og -g3 -Wall -fmessage-length=0 -ffunction-sections -c -fmessage-length=0 -MMD -MP -MF"Src/main.d" -MT"Src/main.o" -o "Src/main.o" "../Src/main.c"
../Src/main.c: In function 'main':
../Src/main.c:134:27: warning: variable 'arrDynamixel' set but not used [-Wunused-but-set-variable]
  Dynamixel_HandleTypeDef* arrDynamixel[10];
                           ^
Finished building: ../Src/main.c
 
Building target: LatencyTests.elf
Invoking: MCU GCC Linker
arm-none-eabi-gcc -mcpu=cortex-m4 -mthumb -mfloat-abi=hard -mfpu=fpv4-sp-d16 -specs=nosys.specs -specs=nano.specs -T"../STM32F446ZETx_FLASH.ld" -Wl,-Map=output.map -Wl,--gc-sections -lm -o "LatencyTests.elf" @"objects.list"  
Finished building target: LatencyTests.elf
 
make --no-print-directory post-build
Generating binary and Printing size information:
arm-none-eabi-objcopy -O binary "LatencyTests.elf" "LatencyTests.bin"
arm-none-eabi-size "LatencyTests.elf"
   text	   data	    bss	    dec	    hex	filename
   9488	    184	   2280	  11952	   2eb0	LatencyTests.elf
 
21:45:24 **** Incremental Build of configuration Debug for project LatencyTests ****
make all 
Building file: ../Src/main.c
Invoking: MCU GCC Compiler
%cd%
arm-none-eabi-gcc -mcpu=cortex-m4 -mthumb -mfloat-abi=hard -mfpu=fpv4-sp-d16 '-D__weak=__attribute__((weak))' '-D__packed=__attribute__((__packed__))' -DUSE_HAL_DRIVER -DSTM32F446xx -I"D:/Users/Tyler/Documents/STM/Workspace/Latency Tests/LatencyTests/Inc" -I"D:/Users/Tyler/Documents/STM/Workspace/Latency Tests/LatencyTests/Drivers/STM32F4xx_HAL_Driver/Inc" -I"D:/Users/Tyler/Documents/STM/Workspace/Latency Tests/LatencyTests/Drivers/STM32F4xx_HAL_Driver/Inc/Legacy" -I"D:/Users/Tyler/Documents/STM/Workspace/Latency Tests/LatencyTests/Drivers/CMSIS/Device/ST/STM32F4xx/Include" -I"D:/Users/Tyler/Documents/STM/Workspace/Latency Tests/LatencyTests/Drivers/CMSIS/Include" -I"D:/Users/Tyler/Documents/STM/Workspace/Latency Tests/LatencyTests/Inc"  -Og -g3 -Wall -fmessage-length=0 -ffunction-sections -c -fmessage-length=0 -MMD -MP -MF"Src/main.d" -MT"Src/main.o" -o "Src/main.o" "../Src/main.c"
../Src/main.c: In function 'main':
../Src/main.c:134:27: warning: variable 'arrDynamixel' set but not used [-Wunused-but-set-variable]
  Dynamixel_HandleTypeDef* arrDynamixel[10];
                           ^
Finished building: ../Src/main.c
 
Building target: LatencyTests.elf
Invoking: MCU GCC Linker
arm-none-eabi-gcc -mcpu=cortex-m4 -mthumb -mfloat-abi=hard -mfpu=fpv4-sp-d16 -specs=nosys.specs -specs=nano.specs -T"../STM32F446ZETx_FLASH.ld" -Wl,-Map=output.map -Wl,--gc-sections -lm -o "LatencyTests.elf" @"objects.list"  
Finished building target: LatencyTests.elf
 
make --no-print-directory post-build
Generating binary and Printing size information:
arm-none-eabi-objcopy -O binary "LatencyTests.elf" "LatencyTests.bin"
arm-none-eabi-size "LatencyTests.elf"
   text	   data	    bss	    dec	    hex	filename
   9496	    184	   2280	  11960	   2eb8	LatencyTests.elf
 
21:45:43 **** Incremental Build of configuration Debug for project LatencyTests ****
make all 
Building file: ../Src/main.c
Invoking: MCU GCC Compiler
%cd%
arm-none-eabi-gcc -mcpu=cortex-m4 -mthumb -mfloat-abi=hard -mfpu=fpv4-sp-d16 '-D__weak=__attribute__((weak))' '-D__packed=__attribute__((__packed__))' -DUSE_HAL_DRIVER -DSTM32F446xx -I"D:/Users/Tyler/Documents/STM/Workspace/Latency Tests/LatencyTests/Inc" -I"D:/Users/Tyler/Documents/STM/Workspace/Latency Tests/LatencyTests/Drivers/STM32F4xx_HAL_Driver/Inc" -I"D:/Users/Tyler/Documents/STM/Workspace/Latency Tests/LatencyTests/Drivers/STM32F4xx_HAL_Driver/Inc/Legacy" -I"D:/Users/Tyler/Documents/STM/Workspace/Latency Tests/LatencyTests/Drivers/CMSIS/Device/ST/STM32F4xx/Include" -I"D:/Users/Tyler/Documents/STM/Workspace/Latency Tests/LatencyTests/Drivers/CMSIS/Include" -I"D:/Users/Tyler/Documents/STM/Workspace/Latency Tests/LatencyTests/Inc"  -Og -g3 -Wall -fmessage-length=0 -ffunction-sections -c -fmessage-length=0 -MMD -MP -MF"Src/main.d" -MT"Src/main.o" -o "Src/main.o" "../Src/main.c"
../Src/main.c: In function 'main':
../Src/main.c:134:27: warning: variable 'arrDynamixel' set but not used [-Wunused-but-set-variable]
  Dynamixel_HandleTypeDef* arrDynamixel[10];
                           ^
Finished building: ../Src/main.c
 
Building target: LatencyTests.elf
Invoking: MCU GCC Linker
arm-none-eabi-gcc -mcpu=cortex-m4 -mthumb -mfloat-abi=hard -mfpu=fpv4-sp-d16 -specs=nosys.specs -specs=nano.specs -T"../STM32F446ZETx_FLASH.ld" -Wl,-Map=output.map -Wl,--gc-sections -lm -o "LatencyTests.elf" @"objects.list"  
Finished building target: LatencyTests.elf
 
make --no-print-directory post-build
Generating binary and Printing size information:
arm-none-eabi-objcopy -O binary "LatencyTests.elf" "LatencyTests.bin"
arm-none-eabi-size "LatencyTests.elf"
   text	   data	    bss	    dec	    hex	filename
   9496	    184	   2280	  11960	   2eb8	LatencyTests.elf
 
21:46:12 **** Incremental Build of configuration Debug for project LatencyTests ****
make all 
Building file: ../Src/main.c
Invoking: MCU GCC Compiler
%cd%
arm-none-eabi-gcc -mcpu=cortex-m4 -mthumb -mfloat-abi=hard -mfpu=fpv4-sp-d16 '-D__weak=__attribute__((weak))' '-D__packed=__attribute__((__packed__))' -DUSE_HAL_DRIVER -DSTM32F446xx -I"D:/Users/Tyler/Documents/STM/Workspace/Latency Tests/LatencyTests/Inc" -I"D:/Users/Tyler/Documents/STM/Workspace/Latency Tests/LatencyTests/Drivers/STM32F4xx_HAL_Driver/Inc" -I"D:/Users/Tyler/Documents/STM/Workspace/Latency Tests/LatencyTests/Drivers/STM32F4xx_HAL_Driver/Inc/Legacy" -I"D:/Users/Tyler/Documents/STM/Workspace/Latency Tests/LatencyTests/Drivers/CMSIS/Device/ST/STM32F4xx/Include" -I"D:/Users/Tyler/Documents/STM/Workspace/Latency Tests/LatencyTests/Drivers/CMSIS/Include" -I"D:/Users/Tyler/Documents/STM/Workspace/Latency Tests/LatencyTests/Inc"  -Og -g3 -Wall -fmessage-length=0 -ffunction-sections -c -fmessage-length=0 -MMD -MP -MF"Src/main.d" -MT"Src/main.o" -o "Src/main.o" "../Src/main.c"
../Src/main.c: In function 'main':
../Src/main.c:134:27: warning: variable 'arrDynamixel' set but not used [-Wunused-but-set-variable]
  Dynamixel_HandleTypeDef* arrDynamixel[10];
                           ^
Finished building: ../Src/main.c
 
Building target: LatencyTests.elf
Invoking: MCU GCC Linker
arm-none-eabi-gcc -mcpu=cortex-m4 -mthumb -mfloat-abi=hard -mfpu=fpv4-sp-d16 -specs=nosys.specs -specs=nano.specs -T"../STM32F446ZETx_FLASH.ld" -Wl,-Map=output.map -Wl,--gc-sections -lm -o "LatencyTests.elf" @"objects.list"  
Finished building target: LatencyTests.elf
 
make --no-print-directory post-build
Generating binary and Printing size information:
arm-none-eabi-objcopy -O binary "LatencyTests.elf" "LatencyTests.bin"
arm-none-eabi-size "LatencyTests.elf"
   text	   data	    bss	    dec	    hex	filename
   9488	    184	   2280	  11952	   2eb0	LatencyTests.elf
 
21:47:48 **** Incremental Build of configuration Debug for project LatencyTests ****
make all 
Building file: ../Src/main.c
Invoking: MCU GCC Compiler
%cd%
arm-none-eabi-gcc -mcpu=cortex-m4 -mthumb -mfloat-abi=hard -mfpu=fpv4-sp-d16 '-D__weak=__attribute__((weak))' '-D__packed=__attribute__((__packed__))' -DUSE_HAL_DRIVER -DSTM32F446xx -I"D:/Users/Tyler/Documents/STM/Workspace/Latency Tests/LatencyTests/Inc" -I"D:/Users/Tyler/Documents/STM/Workspace/Latency Tests/LatencyTests/Drivers/STM32F4xx_HAL_Driver/Inc" -I"D:/Users/Tyler/Documents/STM/Workspace/Latency Tests/LatencyTests/Drivers/STM32F4xx_HAL_Driver/Inc/Legacy" -I"D:/Users/Tyler/Documents/STM/Workspace/Latency Tests/LatencyTests/Drivers/CMSIS/Device/ST/STM32F4xx/Include" -I"D:/Users/Tyler/Documents/STM/Workspace/Latency Tests/LatencyTests/Drivers/CMSIS/Include" -I"D:/Users/Tyler/Documents/STM/Workspace/Latency Tests/LatencyTests/Inc"  -Og -g3 -Wall -fmessage-length=0 -ffunction-sections -c -fmessage-length=0 -MMD -MP -MF"Src/main.d" -MT"Src/main.o" -o "Src/main.o" "../Src/main.c"
../Src/main.c: In function 'main':
../Src/main.c:134:27: warning: variable 'arrDynamixel' set but not used [-Wunused-but-set-variable]
  Dynamixel_HandleTypeDef* arrDynamixel[10];
                           ^
Finished building: ../Src/main.c
 
Building target: LatencyTests.elf
Invoking: MCU GCC Linker
arm-none-eabi-gcc -mcpu=cortex-m4 -mthumb -mfloat-abi=hard -mfpu=fpv4-sp-d16 -specs=nosys.specs -specs=nano.specs -T"../STM32F446ZETx_FLASH.ld" -Wl,-Map=output.map -Wl,--gc-sections -lm -o "LatencyTests.elf" @"objects.list"  
Finished building target: LatencyTests.elf
 
make --no-print-directory post-build
Generating binary and Printing size information:
arm-none-eabi-objcopy -O binary "LatencyTests.elf" "LatencyTests.bin"
arm-none-eabi-size "LatencyTests.elf"
   text	   data	    bss	    dec	    hex	filename
   9488	    184	   2280	  11952	   2eb0	LatencyTests.elf
 
21:49:26 **** Incremental Build of configuration Debug for project LatencyTests ****
make all 
Building file: ../Src/main.c
Invoking: MCU GCC Compiler
%cd%
arm-none-eabi-gcc -mcpu=cortex-m4 -mthumb -mfloat-abi=hard -mfpu=fpv4-sp-d16 '-D__weak=__attribute__((weak))' '-D__packed=__attribute__((__packed__))' -DUSE_HAL_DRIVER -DSTM32F446xx -I"D:/Users/Tyler/Documents/STM/Workspace/Latency Tests/LatencyTests/Inc" -I"D:/Users/Tyler/Documents/STM/Workspace/Latency Tests/LatencyTests/Drivers/STM32F4xx_HAL_Driver/Inc" -I"D:/Users/Tyler/Documents/STM/Workspace/Latency Tests/LatencyTests/Drivers/STM32F4xx_HAL_Driver/Inc/Legacy" -I"D:/Users/Tyler/Documents/STM/Workspace/Latency Tests/LatencyTests/Drivers/CMSIS/Device/ST/STM32F4xx/Include" -I"D:/Users/Tyler/Documents/STM/Workspace/Latency Tests/LatencyTests/Drivers/CMSIS/Include" -I"D:/Users/Tyler/Documents/STM/Workspace/Latency Tests/LatencyTests/Inc"  -Og -g3 -Wall -fmessage-length=0 -ffunction-sections -c -fmessage-length=0 -MMD -MP -MF"Src/main.d" -MT"Src/main.o" -o "Src/main.o" "../Src/main.c"
../Src/main.c: In function 'main':
../Src/main.c:134:27: warning: variable 'arrDynamixel' set but not used [-Wunused-but-set-variable]
  Dynamixel_HandleTypeDef* arrDynamixel[10];
                           ^
Finished building: ../Src/main.c
 
Building target: LatencyTests.elf
Invoking: MCU GCC Linker
arm-none-eabi-gcc -mcpu=cortex-m4 -mthumb -mfloat-abi=hard -mfpu=fpv4-sp-d16 -specs=nosys.specs -specs=nano.specs -T"../STM32F446ZETx_FLASH.ld" -Wl,-Map=output.map -Wl,--gc-sections -lm -o "LatencyTests.elf" @"objects.list"  
Finished building target: LatencyTests.elf
 
make --no-print-directory post-build
Generating binary and Printing size information:
arm-none-eabi-objcopy -O binary "LatencyTests.elf" "LatencyTests.bin"
arm-none-eabi-size "LatencyTests.elf"
   text	   data	    bss	    dec	    hex	filename
   9488	    184	   2280	  11952	   2eb0	LatencyTests.elf
 
21:49:50 **** Incremental Build of configuration Debug for project LatencyTests ****
make all 
Building file: ../Src/main.c
Invoking: MCU GCC Compiler
%cd%
arm-none-eabi-gcc -mcpu=cortex-m4 -mthumb -mfloat-abi=hard -mfpu=fpv4-sp-d16 '-D__weak=__attribute__((weak))' '-D__packed=__attribute__((__packed__))' -DUSE_HAL_DRIVER -DSTM32F446xx -I"D:/Users/Tyler/Documents/STM/Workspace/Latency Tests/LatencyTests/Inc" -I"D:/Users/Tyler/Documents/STM/Workspace/Latency Tests/LatencyTests/Drivers/STM32F4xx_HAL_Driver/Inc" -I"D:/Users/Tyler/Documents/STM/Workspace/Latency Tests/LatencyTests/Drivers/STM32F4xx_HAL_Driver/Inc/Legacy" -I"D:/Users/Tyler/Documents/STM/Workspace/Latency Tests/LatencyTests/Drivers/CMSIS/Device/ST/STM32F4xx/Include" -I"D:/Users/Tyler/Documents/STM/Workspace/Latency Tests/LatencyTests/Drivers/CMSIS/Include" -I"D:/Users/Tyler/Documents/STM/Workspace/Latency Tests/LatencyTests/Inc"  -Og -g3 -Wall -fmessage-length=0 -ffunction-sections -c -fmessage-length=0 -MMD -MP -MF"Src/main.d" -MT"Src/main.o" -o "Src/main.o" "../Src/main.c"
../Src/main.c: In function 'main':
../Src/main.c:134:27: warning: variable 'arrDynamixel' set but not used [-Wunused-but-set-variable]
  Dynamixel_HandleTypeDef* arrDynamixel[10];
                           ^
Finished building: ../Src/main.c
 
Building target: LatencyTests.elf
Invoking: MCU GCC Linker
arm-none-eabi-gcc -mcpu=cortex-m4 -mthumb -mfloat-abi=hard -mfpu=fpv4-sp-d16 -specs=nosys.specs -specs=nano.specs -T"../STM32F446ZETx_FLASH.ld" -Wl,-Map=output.map -Wl,--gc-sections -lm -o "LatencyTests.elf" @"objects.list"  
Finished building target: LatencyTests.elf
 
make --no-print-directory post-build
Generating binary and Printing size information:
arm-none-eabi-objcopy -O binary "LatencyTests.elf" "LatencyTests.bin"
arm-none-eabi-size "LatencyTests.elf"
   text	   data	    bss	    dec	    hex	filename
   9228	    184	   2280	  11692	   2dac	LatencyTests.elf
 
21:50:40 **** Incremental Build of configuration Debug for project LatencyTests ****
make all 
Building file: ../Src/main.c
Invoking: MCU GCC Compiler
%cd%
arm-none-eabi-gcc -mcpu=cortex-m4 -mthumb -mfloat-abi=hard -mfpu=fpv4-sp-d16 '-D__weak=__attribute__((weak))' '-D__packed=__attribute__((__packed__))' -DUSE_HAL_DRIVER -DSTM32F446xx -I"D:/Users/Tyler/Documents/STM/Workspace/Latency Tests/LatencyTests/Inc" -I"D:/Users/Tyler/Documents/STM/Workspace/Latency Tests/LatencyTests/Drivers/STM32F4xx_HAL_Driver/Inc" -I"D:/Users/Tyler/Documents/STM/Workspace/Latency Tests/LatencyTests/Drivers/STM32F4xx_HAL_Driver/Inc/Legacy" -I"D:/Users/Tyler/Documents/STM/Workspace/Latency Tests/LatencyTests/Drivers/CMSIS/Device/ST/STM32F4xx/Include" -I"D:/Users/Tyler/Documents/STM/Workspace/Latency Tests/LatencyTests/Drivers/CMSIS/Include" -I"D:/Users/Tyler/Documents/STM/Workspace/Latency Tests/LatencyTests/Inc"  -Og -g3 -Wall -fmessage-length=0 -ffunction-sections -c -fmessage-length=0 -MMD -MP -MF"Src/main.d" -MT"Src/main.o" -o "Src/main.o" "../Src/main.c"
../Src/main.c: In function 'main':
../Src/main.c:134:27: warning: variable 'arrDynamixel' set but not used [-Wunused-but-set-variable]
  Dynamixel_HandleTypeDef* arrDynamixel[10];
                           ^
Finished building: ../Src/main.c
 
Building target: LatencyTests.elf
Invoking: MCU GCC Linker
arm-none-eabi-gcc -mcpu=cortex-m4 -mthumb -mfloat-abi=hard -mfpu=fpv4-sp-d16 -specs=nosys.specs -specs=nano.specs -T"../STM32F446ZETx_FLASH.ld" -Wl,-Map=output.map -Wl,--gc-sections -lm -o "LatencyTests.elf" @"objects.list"  
Finished building target: LatencyTests.elf
 
make --no-print-directory post-build
Generating binary and Printing size information:
arm-none-eabi-objcopy -O binary "LatencyTests.elf" "LatencyTests.bin"
arm-none-eabi-size "LatencyTests.elf"
   text	   data	    bss	    dec	    hex	filename
   9416	    184	   2280	  11880	   2e68	LatencyTests.elf
 
21:51:49 **** Incremental Build of configuration Debug for project LatencyTests ****
make all 
Building file: ../Src/main.c
Invoking: MCU GCC Compiler
%cd%
arm-none-eabi-gcc -mcpu=cortex-m4 -mthumb -mfloat-abi=hard -mfpu=fpv4-sp-d16 '-D__weak=__attribute__((weak))' '-D__packed=__attribute__((__packed__))' -DUSE_HAL_DRIVER -DSTM32F446xx -I"D:/Users/Tyler/Documents/STM/Workspace/Latency Tests/LatencyTests/Inc" -I"D:/Users/Tyler/Documents/STM/Workspace/Latency Tests/LatencyTests/Drivers/STM32F4xx_HAL_Driver/Inc" -I"D:/Users/Tyler/Documents/STM/Workspace/Latency Tests/LatencyTests/Drivers/STM32F4xx_HAL_Driver/Inc/Legacy" -I"D:/Users/Tyler/Documents/STM/Workspace/Latency Tests/LatencyTests/Drivers/CMSIS/Device/ST/STM32F4xx/Include" -I"D:/Users/Tyler/Documents/STM/Workspace/Latency Tests/LatencyTests/Drivers/CMSIS/Include" -I"D:/Users/Tyler/Documents/STM/Workspace/Latency Tests/LatencyTests/Inc"  -Og -g3 -Wall -fmessage-length=0 -ffunction-sections -c -fmessage-length=0 -MMD -MP -MF"Src/main.d" -MT"Src/main.o" -o "Src/main.o" "../Src/main.c"
../Src/main.c: In function 'main':
../Src/main.c:134:27: warning: variable 'arrDynamixel' set but not used [-Wunused-but-set-variable]
  Dynamixel_HandleTypeDef* arrDynamixel[10];
                           ^
Finished building: ../Src/main.c
 
Building target: LatencyTests.elf
Invoking: MCU GCC Linker
arm-none-eabi-gcc -mcpu=cortex-m4 -mthumb -mfloat-abi=hard -mfpu=fpv4-sp-d16 -specs=nosys.specs -specs=nano.specs -T"../STM32F446ZETx_FLASH.ld" -Wl,-Map=output.map -Wl,--gc-sections -lm -o "LatencyTests.elf" @"objects.list"  
Finished building target: LatencyTests.elf
 
make --no-print-directory post-build
Generating binary and Printing size information:
arm-none-eabi-objcopy -O binary "LatencyTests.elf" "LatencyTests.bin"
arm-none-eabi-size "LatencyTests.elf"
   text	   data	    bss	    dec	    hex	filename
   9228	    184	   2280	  11692	   2dac	LatencyTests.elf
 
21:52:46 **** Incremental Build of configuration Debug for project LatencyTests ****
make all 
Building file: ../Src/main.c
Invoking: MCU GCC Compiler
%cd%
arm-none-eabi-gcc -mcpu=cortex-m4 -mthumb -mfloat-abi=hard -mfpu=fpv4-sp-d16 '-D__weak=__attribute__((weak))' '-D__packed=__attribute__((__packed__))' -DUSE_HAL_DRIVER -DSTM32F446xx -I"D:/Users/Tyler/Documents/STM/Workspace/Latency Tests/LatencyTests/Inc" -I"D:/Users/Tyler/Documents/STM/Workspace/Latency Tests/LatencyTests/Drivers/STM32F4xx_HAL_Driver/Inc" -I"D:/Users/Tyler/Documents/STM/Workspace/Latency Tests/LatencyTests/Drivers/STM32F4xx_HAL_Driver/Inc/Legacy" -I"D:/Users/Tyler/Documents/STM/Workspace/Latency Tests/LatencyTests/Drivers/CMSIS/Device/ST/STM32F4xx/Include" -I"D:/Users/Tyler/Documents/STM/Workspace/Latency Tests/LatencyTests/Drivers/CMSIS/Include" -I"D:/Users/Tyler/Documents/STM/Workspace/Latency Tests/LatencyTests/Inc"  -Og -g3 -Wall -fmessage-length=0 -ffunction-sections -c -fmessage-length=0 -MMD -MP -MF"Src/main.d" -MT"Src/main.o" -o "Src/main.o" "../Src/main.c"
../Src/main.c: In function 'main':
../Src/main.c:134:27: warning: variable 'arrDynamixel' set but not used [-Wunused-but-set-variable]
  Dynamixel_HandleTypeDef* arrDynamixel[10];
                           ^
Finished building: ../Src/main.c
 
Building target: LatencyTests.elf
Invoking: MCU GCC Linker
arm-none-eabi-gcc -mcpu=cortex-m4 -mthumb -mfloat-abi=hard -mfpu=fpv4-sp-d16 -specs=nosys.specs -specs=nano.specs -T"../STM32F446ZETx_FLASH.ld" -Wl,-Map=output.map -Wl,--gc-sections -lm -o "LatencyTests.elf" @"objects.list"  
Finished building target: LatencyTests.elf
 
make --no-print-directory post-build
Generating binary and Printing size information:
arm-none-eabi-objcopy -O binary "LatencyTests.elf" "LatencyTests.bin"
arm-none-eabi-size "LatencyTests.elf"
   text	   data	    bss	    dec	    hex	filename
   9344	    184	   2280	  11808	   2e20	LatencyTests.elf
 
21:53:58 **** Incremental Build of configuration Debug for project LatencyTests ****
make all 
make: Nothing to be done for `all'.
21:54:43 **** Incremental Build of configuration Debug for project LatencyTests ****
make all 
Building file: ../Src/main.c
Invoking: MCU GCC Compiler
%cd%
arm-none-eabi-gcc -mcpu=cortex-m4 -mthumb -mfloat-abi=hard -mfpu=fpv4-sp-d16 '-D__weak=__attribute__((weak))' '-D__packed=__attribute__((__packed__))' -DUSE_HAL_DRIVER -DSTM32F446xx -I"D:/Users/Tyler/Documents/STM/Workspace/Latency Tests/LatencyTests/Inc" -I"D:/Users/Tyler/Documents/STM/Workspace/Latency Tests/LatencyTests/Drivers/STM32F4xx_HAL_Driver/Inc" -I"D:/Users/Tyler/Documents/STM/Workspace/Latency Tests/LatencyTests/Drivers/STM32F4xx_HAL_Driver/Inc/Legacy" -I"D:/Users/Tyler/Documents/STM/Workspace/Latency Tests/LatencyTests/Drivers/CMSIS/Device/ST/STM32F4xx/Include" -I"D:/Users/Tyler/Documents/STM/Workspace/Latency Tests/LatencyTests/Drivers/CMSIS/Include" -I"D:/Users/Tyler/Documents/STM/Workspace/Latency Tests/LatencyTests/Inc"  -Og -g3 -Wall -fmessage-length=0 -ffunction-sections -c -fmessage-length=0 -MMD -MP -MF"Src/main.d" -MT"Src/main.o" -o "Src/main.o" "../Src/main.c"
../Src/main.c: In function 'main':
../Src/main.c:134:27: warning: variable 'arrDynamixel' set but not used [-Wunused-but-set-variable]
  Dynamixel_HandleTypeDef* arrDynamixel[10];
                           ^
Finished building: ../Src/main.c
 
Building target: LatencyTests.elf
Invoking: MCU GCC Linker
arm-none-eabi-gcc -mcpu=cortex-m4 -mthumb -mfloat-abi=hard -mfpu=fpv4-sp-d16 -specs=nosys.specs -specs=nano.specs -T"../STM32F446ZETx_FLASH.ld" -Wl,-Map=output.map -Wl,--gc-sections -lm -o "LatencyTests.elf" @"objects.list"  
Finished building target: LatencyTests.elf
 
make --no-print-directory post-build
Generating binary and Printing size information:
arm-none-eabi-objcopy -O binary "LatencyTests.elf" "LatencyTests.bin"
arm-none-eabi-size "LatencyTests.elf"
   text	   data	    bss	    dec	    hex	filename
   9416	    184	   2280	  11880	   2e68	LatencyTests.elf
 
21:55:48 **** Incremental Build of configuration Debug for project LatencyTests ****
make all 
Building file: ../Src/main.c
Invoking: MCU GCC Compiler
%cd%
arm-none-eabi-gcc -mcpu=cortex-m4 -mthumb -mfloat-abi=hard -mfpu=fpv4-sp-d16 '-D__weak=__attribute__((weak))' '-D__packed=__attribute__((__packed__))' -DUSE_HAL_DRIVER -DSTM32F446xx -I"D:/Users/Tyler/Documents/STM/Workspace/Latency Tests/LatencyTests/Inc" -I"D:/Users/Tyler/Documents/STM/Workspace/Latency Tests/LatencyTests/Drivers/STM32F4xx_HAL_Driver/Inc" -I"D:/Users/Tyler/Documents/STM/Workspace/Latency Tests/LatencyTests/Drivers/STM32F4xx_HAL_Driver/Inc/Legacy" -I"D:/Users/Tyler/Documents/STM/Workspace/Latency Tests/LatencyTests/Drivers/CMSIS/Device/ST/STM32F4xx/Include" -I"D:/Users/Tyler/Documents/STM/Workspace/Latency Tests/LatencyTests/Drivers/CMSIS/Include" -I"D:/Users/Tyler/Documents/STM/Workspace/Latency Tests/LatencyTests/Inc"  -Og -g3 -Wall -fmessage-length=0 -ffunction-sections -c -fmessage-length=0 -MMD -MP -MF"Src/main.d" -MT"Src/main.o" -o "Src/main.o" "../Src/main.c"
../Src/main.c: In function 'main':
../Src/main.c:134:27: warning: variable 'arrDynamixel' set but not used [-Wunused-but-set-variable]
  Dynamixel_HandleTypeDef* arrDynamixel[10];
                           ^
Finished building: ../Src/main.c
 
Building target: LatencyTests.elf
Invoking: MCU GCC Linker
arm-none-eabi-gcc -mcpu=cortex-m4 -mthumb -mfloat-abi=hard -mfpu=fpv4-sp-d16 -specs=nosys.specs -specs=nano.specs -T"../STM32F446ZETx_FLASH.ld" -Wl,-Map=output.map -Wl,--gc-sections -lm -o "LatencyTests.elf" @"objects.list"  
Finished building target: LatencyTests.elf
 
make --no-print-directory post-build
Generating binary and Printing size information:
arm-none-eabi-objcopy -O binary "LatencyTests.elf" "LatencyTests.bin"
arm-none-eabi-size "LatencyTests.elf"
   text	   data	    bss	    dec	    hex	filename
   9416	    184	   2280	  11880	   2e68	LatencyTests.elf
 
21:57:43 **** Incremental Build of configuration Debug for project LatencyTests ****
make all 
Building file: ../Src/main.c
Invoking: MCU GCC Compiler
%cd%
arm-none-eabi-gcc -mcpu=cortex-m4 -mthumb -mfloat-abi=hard -mfpu=fpv4-sp-d16 '-D__weak=__attribute__((weak))' '-D__packed=__attribute__((__packed__))' -DUSE_HAL_DRIVER -DSTM32F446xx -I"D:/Users/Tyler/Documents/STM/Workspace/Latency Tests/LatencyTests/Inc" -I"D:/Users/Tyler/Documents/STM/Workspace/Latency Tests/LatencyTests/Drivers/STM32F4xx_HAL_Driver/Inc" -I"D:/Users/Tyler/Documents/STM/Workspace/Latency Tests/LatencyTests/Drivers/STM32F4xx_HAL_Driver/Inc/Legacy" -I"D:/Users/Tyler/Documents/STM/Workspace/Latency Tests/LatencyTests/Drivers/CMSIS/Device/ST/STM32F4xx/Include" -I"D:/Users/Tyler/Documents/STM/Workspace/Latency Tests/LatencyTests/Drivers/CMSIS/Include" -I"D:/Users/Tyler/Documents/STM/Workspace/Latency Tests/LatencyTests/Inc"  -Og -g3 -Wall -fmessage-length=0 -ffunction-sections -c -fmessage-length=0 -MMD -MP -MF"Src/main.d" -MT"Src/main.o" -o "Src/main.o" "../Src/main.c"
../Src/main.c: In function 'main':
../Src/main.c:134:27: warning: variable 'arrDynamixel' set but not used [-Wunused-but-set-variable]
  Dynamixel_HandleTypeDef* arrDynamixel[10];
                           ^
Finished building: ../Src/main.c
 
Building target: LatencyTests.elf
Invoking: MCU GCC Linker
arm-none-eabi-gcc -mcpu=cortex-m4 -mthumb -mfloat-abi=hard -mfpu=fpv4-sp-d16 -specs=nosys.specs -specs=nano.specs -T"../STM32F446ZETx_FLASH.ld" -Wl,-Map=output.map -Wl,--gc-sections -lm -o "LatencyTests.elf" @"objects.list"  
Finished building target: LatencyTests.elf
 
make --no-print-directory post-build
Generating binary and Printing size information:
arm-none-eabi-objcopy -O binary "LatencyTests.elf" "LatencyTests.bin"
arm-none-eabi-size "LatencyTests.elf"
   text	   data	    bss	    dec	    hex	filename
   9344	    184	   2280	  11808	   2e20	LatencyTests.elf
 
21:58:34 **** Incremental Build of configuration Debug for project LatencyTests ****
make all 
Building file: ../Src/main.c
Invoking: MCU GCC Compiler
%cd%
arm-none-eabi-gcc -mcpu=cortex-m4 -mthumb -mfloat-abi=hard -mfpu=fpv4-sp-d16 '-D__weak=__attribute__((weak))' '-D__packed=__attribute__((__packed__))' -DUSE_HAL_DRIVER -DSTM32F446xx -I"D:/Users/Tyler/Documents/STM/Workspace/Latency Tests/LatencyTests/Inc" -I"D:/Users/Tyler/Documents/STM/Workspace/Latency Tests/LatencyTests/Drivers/STM32F4xx_HAL_Driver/Inc" -I"D:/Users/Tyler/Documents/STM/Workspace/Latency Tests/LatencyTests/Drivers/STM32F4xx_HAL_Driver/Inc/Legacy" -I"D:/Users/Tyler/Documents/STM/Workspace/Latency Tests/LatencyTests/Drivers/CMSIS/Device/ST/STM32F4xx/Include" -I"D:/Users/Tyler/Documents/STM/Workspace/Latency Tests/LatencyTests/Drivers/CMSIS/Include" -I"D:/Users/Tyler/Documents/STM/Workspace/Latency Tests/LatencyTests/Inc"  -Og -g3 -Wall -fmessage-length=0 -ffunction-sections -c -fmessage-length=0 -MMD -MP -MF"Src/main.d" -MT"Src/main.o" -o "Src/main.o" "../Src/main.c"
../Src/main.c: In function 'main':
../Src/main.c:134:27: warning: variable 'arrDynamixel' set but not used [-Wunused-but-set-variable]
  Dynamixel_HandleTypeDef* arrDynamixel[10];
                           ^
Finished building: ../Src/main.c
 
Building target: LatencyTests.elf
Invoking: MCU GCC Linker
arm-none-eabi-gcc -mcpu=cortex-m4 -mthumb -mfloat-abi=hard -mfpu=fpv4-sp-d16 -specs=nosys.specs -specs=nano.specs -T"../STM32F446ZETx_FLASH.ld" -Wl,-Map=output.map -Wl,--gc-sections -lm -o "LatencyTests.elf" @"objects.list"  
Finished building target: LatencyTests.elf
 
make --no-print-directory post-build
Generating binary and Printing size information:
arm-none-eabi-objcopy -O binary "LatencyTests.elf" "LatencyTests.bin"
arm-none-eabi-size "LatencyTests.elf"
   text	   data	    bss	    dec	    hex	filename
   9344	    184	   2280	  11808	   2e20	LatencyTests.elf
 
21:58:43 **** Incremental Build of configuration Debug for project LatencyTests ****
make all 
make: Nothing to be done for `all'.
22:00:41 **** Incremental Build of configuration Debug for project LatencyTests ****
make all 
Building file: ../Src/main.c
Invoking: MCU GCC Compiler
%cd%
arm-none-eabi-gcc -mcpu=cortex-m4 -mthumb -mfloat-abi=hard -mfpu=fpv4-sp-d16 '-D__weak=__attribute__((weak))' '-D__packed=__attribute__((__packed__))' -DUSE_HAL_DRIVER -DSTM32F446xx -I"D:/Users/Tyler/Documents/STM/Workspace/Latency Tests/LatencyTests/Inc" -I"D:/Users/Tyler/Documents/STM/Workspace/Latency Tests/LatencyTests/Drivers/STM32F4xx_HAL_Driver/Inc" -I"D:/Users/Tyler/Documents/STM/Workspace/Latency Tests/LatencyTests/Drivers/STM32F4xx_HAL_Driver/Inc/Legacy" -I"D:/Users/Tyler/Documents/STM/Workspace/Latency Tests/LatencyTests/Drivers/CMSIS/Device/ST/STM32F4xx/Include" -I"D:/Users/Tyler/Documents/STM/Workspace/Latency Tests/LatencyTests/Drivers/CMSIS/Include" -I"D:/Users/Tyler/Documents/STM/Workspace/Latency Tests/LatencyTests/Inc"  -Og -g3 -Wall -fmessage-length=0 -ffunction-sections -c -fmessage-length=0 -MMD -MP -MF"Src/main.d" -MT"Src/main.o" -o "Src/main.o" "../Src/main.c"
../Src/main.c: In function 'main':
../Src/main.c:134:27: warning: variable 'arrDynamixel' set but not used [-Wunused-but-set-variable]
  Dynamixel_HandleTypeDef* arrDynamixel[10];
                           ^
Finished building: ../Src/main.c
 
Building target: LatencyTests.elf
Invoking: MCU GCC Linker
arm-none-eabi-gcc -mcpu=cortex-m4 -mthumb -mfloat-abi=hard -mfpu=fpv4-sp-d16 -specs=nosys.specs -specs=nano.specs -T"../STM32F446ZETx_FLASH.ld" -Wl,-Map=output.map -Wl,--gc-sections -lm -o "LatencyTests.elf" @"objects.list"  
Finished building target: LatencyTests.elf
 
make --no-print-directory post-build
Generating binary and Printing size information:
arm-none-eabi-objcopy -O binary "LatencyTests.elf" "LatencyTests.bin"
arm-none-eabi-size "LatencyTests.elf"
   text	   data	    bss	    dec	    hex	filename
   9384	    184	   2280	  11848	   2e48	LatencyTests.elf
 
22:03:51 **** Incremental Build of configuration Debug for project LatencyTests ****
make all 
Building file: ../Src/main.c
Invoking: MCU GCC Compiler
%cd%
arm-none-eabi-gcc -mcpu=cortex-m4 -mthumb -mfloat-abi=hard -mfpu=fpv4-sp-d16 '-D__weak=__attribute__((weak))' '-D__packed=__attribute__((__packed__))' -DUSE_HAL_DRIVER -DSTM32F446xx -I"D:/Users/Tyler/Documents/STM/Workspace/Latency Tests/LatencyTests/Inc" -I"D:/Users/Tyler/Documents/STM/Workspace/Latency Tests/LatencyTests/Drivers/STM32F4xx_HAL_Driver/Inc" -I"D:/Users/Tyler/Documents/STM/Workspace/Latency Tests/LatencyTests/Drivers/STM32F4xx_HAL_Driver/Inc/Legacy" -I"D:/Users/Tyler/Documents/STM/Workspace/Latency Tests/LatencyTests/Drivers/CMSIS/Device/ST/STM32F4xx/Include" -I"D:/Users/Tyler/Documents/STM/Workspace/Latency Tests/LatencyTests/Drivers/CMSIS/Include" -I"D:/Users/Tyler/Documents/STM/Workspace/Latency Tests/LatencyTests/Inc"  -Og -g3 -Wall -fmessage-length=0 -ffunction-sections -c -fmessage-length=0 -MMD -MP -MF"Src/main.d" -MT"Src/main.o" -o "Src/main.o" "../Src/main.c"
../Src/main.c: In function 'main':
../Src/main.c:134:27: warning: variable 'arrDynamixel' set but not used [-Wunused-but-set-variable]
  Dynamixel_HandleTypeDef* arrDynamixel[10];
                           ^
Finished building: ../Src/main.c
 
Building target: LatencyTests.elf
Invoking: MCU GCC Linker
arm-none-eabi-gcc -mcpu=cortex-m4 -mthumb -mfloat-abi=hard -mfpu=fpv4-sp-d16 -specs=nosys.specs -specs=nano.specs -T"../STM32F446ZETx_FLASH.ld" -Wl,-Map=output.map -Wl,--gc-sections -lm -o "LatencyTests.elf" @"objects.list"  
Finished building target: LatencyTests.elf
 
make --no-print-directory post-build
Generating binary and Printing size information:
arm-none-eabi-objcopy -O binary "LatencyTests.elf" "LatencyTests.bin"
arm-none-eabi-size "LatencyTests.elf"
   text	   data	    bss	    dec	    hex	filename
   9544	    184	   2280	  12008	   2ee8	LatencyTests.elf
 
22:06:35 **** Incremental Build of configuration Debug for project LatencyTests ****
make all 
Building file: ../Src/main.c
Invoking: MCU GCC Compiler
%cd%
arm-none-eabi-gcc -mcpu=cortex-m4 -mthumb -mfloat-abi=hard -mfpu=fpv4-sp-d16 '-D__weak=__attribute__((weak))' '-D__packed=__attribute__((__packed__))' -DUSE_HAL_DRIVER -DSTM32F446xx -I"D:/Users/Tyler/Documents/STM/Workspace/Latency Tests/LatencyTests/Inc" -I"D:/Users/Tyler/Documents/STM/Workspace/Latency Tests/LatencyTests/Drivers/STM32F4xx_HAL_Driver/Inc" -I"D:/Users/Tyler/Documents/STM/Workspace/Latency Tests/LatencyTests/Drivers/STM32F4xx_HAL_Driver/Inc/Legacy" -I"D:/Users/Tyler/Documents/STM/Workspace/Latency Tests/LatencyTests/Drivers/CMSIS/Device/ST/STM32F4xx/Include" -I"D:/Users/Tyler/Documents/STM/Workspace/Latency Tests/LatencyTests/Drivers/CMSIS/Include" -I"D:/Users/Tyler/Documents/STM/Workspace/Latency Tests/LatencyTests/Inc"  -Og -g3 -Wall -fmessage-length=0 -ffunction-sections -c -fmessage-length=0 -MMD -MP -MF"Src/main.d" -MT"Src/main.o" -o "Src/main.o" "../Src/main.c"
../Src/main.c: In function 'main':
../Src/main.c:134:27: warning: variable 'arrDynamixel' set but not used [-Wunused-but-set-variable]
  Dynamixel_HandleTypeDef* arrDynamixel[10];
                           ^
Finished building: ../Src/main.c
 
Building target: LatencyTests.elf
Invoking: MCU GCC Linker
arm-none-eabi-gcc -mcpu=cortex-m4 -mthumb -mfloat-abi=hard -mfpu=fpv4-sp-d16 -specs=nosys.specs -specs=nano.specs -T"../STM32F446ZETx_FLASH.ld" -Wl,-Map=output.map -Wl,--gc-sections -lm -o "LatencyTests.elf" @"objects.list"  
Finished building target: LatencyTests.elf
 
make --no-print-directory post-build
Generating binary and Printing size information:
arm-none-eabi-objcopy -O binary "LatencyTests.elf" "LatencyTests.bin"
arm-none-eabi-size "LatencyTests.elf"
   text	   data	    bss	    dec	    hex	filename
   9288	    184	   2280	  11752	   2de8	LatencyTests.elf
 
22:07:19 **** Incremental Build of configuration Debug for project LatencyTests ****
make all 
Building file: ../Src/main.c
Invoking: MCU GCC Compiler
%cd%
arm-none-eabi-gcc -mcpu=cortex-m4 -mthumb -mfloat-abi=hard -mfpu=fpv4-sp-d16 '-D__weak=__attribute__((weak))' '-D__packed=__attribute__((__packed__))' -DUSE_HAL_DRIVER -DSTM32F446xx -I"D:/Users/Tyler/Documents/STM/Workspace/Latency Tests/LatencyTests/Inc" -I"D:/Users/Tyler/Documents/STM/Workspace/Latency Tests/LatencyTests/Drivers/STM32F4xx_HAL_Driver/Inc" -I"D:/Users/Tyler/Documents/STM/Workspace/Latency Tests/LatencyTests/Drivers/STM32F4xx_HAL_Driver/Inc/Legacy" -I"D:/Users/Tyler/Documents/STM/Workspace/Latency Tests/LatencyTests/Drivers/CMSIS/Device/ST/STM32F4xx/Include" -I"D:/Users/Tyler/Documents/STM/Workspace/Latency Tests/LatencyTests/Drivers/CMSIS/Include" -I"D:/Users/Tyler/Documents/STM/Workspace/Latency Tests/LatencyTests/Inc"  -Og -g3 -Wall -fmessage-length=0 -ffunction-sections -c -fmessage-length=0 -MMD -MP -MF"Src/main.d" -MT"Src/main.o" -o "Src/main.o" "../Src/main.c"
../Src/main.c: In function 'main':
../Src/main.c:134:27: warning: variable 'arrDynamixel' set but not used [-Wunused-but-set-variable]
  Dynamixel_HandleTypeDef* arrDynamixel[10];
                           ^
Finished building: ../Src/main.c
 
Building target: LatencyTests.elf
Invoking: MCU GCC Linker
arm-none-eabi-gcc -mcpu=cortex-m4 -mthumb -mfloat-abi=hard -mfpu=fpv4-sp-d16 -specs=nosys.specs -specs=nano.specs -T"../STM32F446ZETx_FLASH.ld" -Wl,-Map=output.map -Wl,--gc-sections -lm -o "LatencyTests.elf" @"objects.list"  
Finished building target: LatencyTests.elf
 
make --no-print-directory post-build
Generating binary and Printing size information:
arm-none-eabi-objcopy -O binary "LatencyTests.elf" "LatencyTests.bin"
arm-none-eabi-size "LatencyTests.elf"
   text	   data	    bss	    dec	    hex	filename
   9272	    184	   2280	  11736	   2dd8	LatencyTests.elf
 
22:07:32 **** Incremental Build of configuration Debug for project LatencyTests ****
make all 
Building file: ../Src/main.c
Invoking: MCU GCC Compiler
%cd%
arm-none-eabi-gcc -mcpu=cortex-m4 -mthumb -mfloat-abi=hard -mfpu=fpv4-sp-d16 '-D__weak=__attribute__((weak))' '-D__packed=__attribute__((__packed__))' -DUSE_HAL_DRIVER -DSTM32F446xx -I"D:/Users/Tyler/Documents/STM/Workspace/Latency Tests/LatencyTests/Inc" -I"D:/Users/Tyler/Documents/STM/Workspace/Latency Tests/LatencyTests/Drivers/STM32F4xx_HAL_Driver/Inc" -I"D:/Users/Tyler/Documents/STM/Workspace/Latency Tests/LatencyTests/Drivers/STM32F4xx_HAL_Driver/Inc/Legacy" -I"D:/Users/Tyler/Documents/STM/Workspace/Latency Tests/LatencyTests/Drivers/CMSIS/Device/ST/STM32F4xx/Include" -I"D:/Users/Tyler/Documents/STM/Workspace/Latency Tests/LatencyTests/Drivers/CMSIS/Include" -I"D:/Users/Tyler/Documents/STM/Workspace/Latency Tests/LatencyTests/Inc"  -Og -g3 -Wall -fmessage-length=0 -ffunction-sections -c -fmessage-length=0 -MMD -MP -MF"Src/main.d" -MT"Src/main.o" -o "Src/main.o" "../Src/main.c"
../Src/main.c: In function 'main':
../Src/main.c:134:27: warning: variable 'arrDynamixel' set but not used [-Wunused-but-set-variable]
  Dynamixel_HandleTypeDef* arrDynamixel[10];
                           ^
Finished building: ../Src/main.c
 
Building target: LatencyTests.elf
Invoking: MCU GCC Linker
arm-none-eabi-gcc -mcpu=cortex-m4 -mthumb -mfloat-abi=hard -mfpu=fpv4-sp-d16 -specs=nosys.specs -specs=nano.specs -T"../STM32F446ZETx_FLASH.ld" -Wl,-Map=output.map -Wl,--gc-sections -lm -o "LatencyTests.elf" @"objects.list"  
Finished building target: LatencyTests.elf
 
make --no-print-directory post-build
Generating binary and Printing size information:
arm-none-eabi-objcopy -O binary "LatencyTests.elf" "LatencyTests.bin"
arm-none-eabi-size "LatencyTests.elf"
   text	   data	    bss	    dec	    hex	filename
   9108	    184	   2280	  11572	   2d34	LatencyTests.elf
 
22:08:45 **** Incremental Build of configuration Debug for project LatencyTests ****
make all 
Building file: ../Src/main.c
Invoking: MCU GCC Compiler
%cd%
arm-none-eabi-gcc -mcpu=cortex-m4 -mthumb -mfloat-abi=hard -mfpu=fpv4-sp-d16 '-D__weak=__attribute__((weak))' '-D__packed=__attribute__((__packed__))' -DUSE_HAL_DRIVER -DSTM32F446xx -I"D:/Users/Tyler/Documents/STM/Workspace/Latency Tests/LatencyTests/Inc" -I"D:/Users/Tyler/Documents/STM/Workspace/Latency Tests/LatencyTests/Drivers/STM32F4xx_HAL_Driver/Inc" -I"D:/Users/Tyler/Documents/STM/Workspace/Latency Tests/LatencyTests/Drivers/STM32F4xx_HAL_Driver/Inc/Legacy" -I"D:/Users/Tyler/Documents/STM/Workspace/Latency Tests/LatencyTests/Drivers/CMSIS/Device/ST/STM32F4xx/Include" -I"D:/Users/Tyler/Documents/STM/Workspace/Latency Tests/LatencyTests/Drivers/CMSIS/Include" -I"D:/Users/Tyler/Documents/STM/Workspace/Latency Tests/LatencyTests/Inc"  -Og -g3 -Wall -fmessage-length=0 -ffunction-sections -c -fmessage-length=0 -MMD -MP -MF"Src/main.d" -MT"Src/main.o" -o "Src/main.o" "../Src/main.c"
../Src/main.c: In function 'main':
../Src/main.c:134:27: warning: variable 'arrDynamixel' set but not used [-Wunused-but-set-variable]
  Dynamixel_HandleTypeDef* arrDynamixel[10];
                           ^
Finished building: ../Src/main.c
 
Building target: LatencyTests.elf
Invoking: MCU GCC Linker
arm-none-eabi-gcc -mcpu=cortex-m4 -mthumb -mfloat-abi=hard -mfpu=fpv4-sp-d16 -specs=nosys.specs -specs=nano.specs -T"../STM32F446ZETx_FLASH.ld" -Wl,-Map=output.map -Wl,--gc-sections -lm -o "LatencyTests.elf" @"objects.list"  
Finished building target: LatencyTests.elf
 
make --no-print-directory post-build
Generating binary and Printing size information:
arm-none-eabi-objcopy -O binary "LatencyTests.elf" "LatencyTests.bin"
arm-none-eabi-size "LatencyTests.elf"
   text	   data	    bss	    dec	    hex	filename
   9120	    184	   2280	  11584	   2d40	LatencyTests.elf
 
22:10:44 **** Incremental Build of configuration Debug for project LatencyTests ****
make all 
Building file: ../Src/main.c
Invoking: MCU GCC Compiler
%cd%
arm-none-eabi-gcc -mcpu=cortex-m4 -mthumb -mfloat-abi=hard -mfpu=fpv4-sp-d16 '-D__weak=__attribute__((weak))' '-D__packed=__attribute__((__packed__))' -DUSE_HAL_DRIVER -DSTM32F446xx -I"D:/Users/Tyler/Documents/STM/Workspace/Latency Tests/LatencyTests/Inc" -I"D:/Users/Tyler/Documents/STM/Workspace/Latency Tests/LatencyTests/Drivers/STM32F4xx_HAL_Driver/Inc" -I"D:/Users/Tyler/Documents/STM/Workspace/Latency Tests/LatencyTests/Drivers/STM32F4xx_HAL_Driver/Inc/Legacy" -I"D:/Users/Tyler/Documents/STM/Workspace/Latency Tests/LatencyTests/Drivers/CMSIS/Device/ST/STM32F4xx/Include" -I"D:/Users/Tyler/Documents/STM/Workspace/Latency Tests/LatencyTests/Drivers/CMSIS/Include" -I"D:/Users/Tyler/Documents/STM/Workspace/Latency Tests/LatencyTests/Inc"  -Og -g3 -Wall -fmessage-length=0 -ffunction-sections -c -fmessage-length=0 -MMD -MP -MF"Src/main.d" -MT"Src/main.o" -o "Src/main.o" "../Src/main.c"
../Src/main.c: In function 'main':
../Src/main.c:134:27: warning: variable 'arrDynamixel' set but not used [-Wunused-but-set-variable]
  Dynamixel_HandleTypeDef* arrDynamixel[10];
                           ^
Finished building: ../Src/main.c
 
Building target: LatencyTests.elf
Invoking: MCU GCC Linker
arm-none-eabi-gcc -mcpu=cortex-m4 -mthumb -mfloat-abi=hard -mfpu=fpv4-sp-d16 -specs=nosys.specs -specs=nano.specs -T"../STM32F446ZETx_FLASH.ld" -Wl,-Map=output.map -Wl,--gc-sections -lm -o "LatencyTests.elf" @"objects.list"  
Finished building target: LatencyTests.elf
 
make --no-print-directory post-build
Generating binary and Printing size information:
arm-none-eabi-objcopy -O binary "LatencyTests.elf" "LatencyTests.bin"
arm-none-eabi-size "LatencyTests.elf"
   text	   data	    bss	    dec	    hex	filename
   9304	    184	   2280	  11768	   2df8	LatencyTests.elf
 
22:11:16 **** Incremental Build of configuration Debug for project LatencyTests ****
make all 
Building file: ../Src/main.c
Invoking: MCU GCC Compiler
%cd%
arm-none-eabi-gcc -mcpu=cortex-m4 -mthumb -mfloat-abi=hard -mfpu=fpv4-sp-d16 '-D__weak=__attribute__((weak))' '-D__packed=__attribute__((__packed__))' -DUSE_HAL_DRIVER -DSTM32F446xx -I"D:/Users/Tyler/Documents/STM/Workspace/Latency Tests/LatencyTests/Inc" -I"D:/Users/Tyler/Documents/STM/Workspace/Latency Tests/LatencyTests/Drivers/STM32F4xx_HAL_Driver/Inc" -I"D:/Users/Tyler/Documents/STM/Workspace/Latency Tests/LatencyTests/Drivers/STM32F4xx_HAL_Driver/Inc/Legacy" -I"D:/Users/Tyler/Documents/STM/Workspace/Latency Tests/LatencyTests/Drivers/CMSIS/Device/ST/STM32F4xx/Include" -I"D:/Users/Tyler/Documents/STM/Workspace/Latency Tests/LatencyTests/Drivers/CMSIS/Include" -I"D:/Users/Tyler/Documents/STM/Workspace/Latency Tests/LatencyTests/Inc"  -Og -g3 -Wall -fmessage-length=0 -ffunction-sections -c -fmessage-length=0 -MMD -MP -MF"Src/main.d" -MT"Src/main.o" -o "Src/main.o" "../Src/main.c"
../Src/main.c: In function 'main':
../Src/main.c:134:27: warning: variable 'arrDynamixel' set but not used [-Wunused-but-set-variable]
  Dynamixel_HandleTypeDef* arrDynamixel[10];
                           ^
Finished building: ../Src/main.c
 
Building target: LatencyTests.elf
Invoking: MCU GCC Linker
arm-none-eabi-gcc -mcpu=cortex-m4 -mthumb -mfloat-abi=hard -mfpu=fpv4-sp-d16 -specs=nosys.specs -specs=nano.specs -T"../STM32F446ZETx_FLASH.ld" -Wl,-Map=output.map -Wl,--gc-sections -lm -o "LatencyTests.elf" @"objects.list"  
Finished building target: LatencyTests.elf
 
make --no-print-directory post-build
Generating binary and Printing size information:
arm-none-eabi-objcopy -O binary "LatencyTests.elf" "LatencyTests.bin"
arm-none-eabi-size "LatencyTests.elf"
   text	   data	    bss	    dec	    hex	filename
   9132	    184	   2280	  11596	   2d4c	LatencyTests.elf
 
22:16:43 **** Incremental Build of configuration Debug for project LatencyTests ****
make all 
Building file: ../Src/main.c
Invoking: MCU GCC Compiler
%cd%
arm-none-eabi-gcc -mcpu=cortex-m4 -mthumb -mfloat-abi=hard -mfpu=fpv4-sp-d16 '-D__weak=__attribute__((weak))' '-D__packed=__attribute__((__packed__))' -DUSE_HAL_DRIVER -DSTM32F446xx -I"D:/Users/Tyler/Documents/STM/Workspace/Latency Tests/LatencyTests/Inc" -I"D:/Users/Tyler/Documents/STM/Workspace/Latency Tests/LatencyTests/Drivers/STM32F4xx_HAL_Driver/Inc" -I"D:/Users/Tyler/Documents/STM/Workspace/Latency Tests/LatencyTests/Drivers/STM32F4xx_HAL_Driver/Inc/Legacy" -I"D:/Users/Tyler/Documents/STM/Workspace/Latency Tests/LatencyTests/Drivers/CMSIS/Device/ST/STM32F4xx/Include" -I"D:/Users/Tyler/Documents/STM/Workspace/Latency Tests/LatencyTests/Drivers/CMSIS/Include" -I"D:/Users/Tyler/Documents/STM/Workspace/Latency Tests/LatencyTests/Inc"  -Og -g3 -Wall -fmessage-length=0 -ffunction-sections -c -fmessage-length=0 -MMD -MP -MF"Src/main.d" -MT"Src/main.o" -o "Src/main.o" "../Src/main.c"
../Src/main.c: In function 'main':
../Src/main.c:134:27: warning: variable 'arrDynamixel' set but not used [-Wunused-but-set-variable]
  Dynamixel_HandleTypeDef* arrDynamixel[10];
                           ^
Finished building: ../Src/main.c
 
Building target: LatencyTests.elf
Invoking: MCU GCC Linker
arm-none-eabi-gcc -mcpu=cortex-m4 -mthumb -mfloat-abi=hard -mfpu=fpv4-sp-d16 -specs=nosys.specs -specs=nano.specs -T"../STM32F446ZETx_FLASH.ld" -Wl,-Map=output.map -Wl,--gc-sections -lm -o "LatencyTests.elf" @"objects.list"  
Finished building target: LatencyTests.elf
 
make --no-print-directory post-build
Generating binary and Printing size information:
arm-none-eabi-objcopy -O binary "LatencyTests.elf" "LatencyTests.bin"
arm-none-eabi-size "LatencyTests.elf"
   text	   data	    bss	    dec	    hex	filename
   9120	    184	   2280	  11584	   2d40	LatencyTests.elf
 
22:17:07 **** Incremental Build of configuration Debug for project LatencyTests ****
make all 
make: Nothing to be done for `all'.
22:17:49 **** Incremental Build of configuration Debug for project LatencyTests ****
make all 
Building file: ../Src/main.c
Invoking: MCU GCC Compiler
%cd%
arm-none-eabi-gcc -mcpu=cortex-m4 -mthumb -mfloat-abi=hard -mfpu=fpv4-sp-d16 '-D__weak=__attribute__((weak))' '-D__packed=__attribute__((__packed__))' -DUSE_HAL_DRIVER -DSTM32F446xx -I"D:/Users/Tyler/Documents/STM/Workspace/Latency Tests/LatencyTests/Inc" -I"D:/Users/Tyler/Documents/STM/Workspace/Latency Tests/LatencyTests/Drivers/STM32F4xx_HAL_Driver/Inc" -I"D:/Users/Tyler/Documents/STM/Workspace/Latency Tests/LatencyTests/Drivers/STM32F4xx_HAL_Driver/Inc/Legacy" -I"D:/Users/Tyler/Documents/STM/Workspace/Latency Tests/LatencyTests/Drivers/CMSIS/Device/ST/STM32F4xx/Include" -I"D:/Users/Tyler/Documents/STM/Workspace/Latency Tests/LatencyTests/Drivers/CMSIS/Include" -I"D:/Users/Tyler/Documents/STM/Workspace/Latency Tests/LatencyTests/Inc"  -Og -g3 -Wall -fmessage-length=0 -ffunction-sections -c -fmessage-length=0 -MMD -MP -MF"Src/main.d" -MT"Src/main.o" -o "Src/main.o" "../Src/main.c"
../Src/main.c: In function 'main':
../Src/main.c:134:27: warning: variable 'arrDynamixel' set but not used [-Wunused-but-set-variable]
  Dynamixel_HandleTypeDef* arrDynamixel[10];
                           ^
Finished building: ../Src/main.c
 
Building target: LatencyTests.elf
Invoking: MCU GCC Linker
arm-none-eabi-gcc -mcpu=cortex-m4 -mthumb -mfloat-abi=hard -mfpu=fpv4-sp-d16 -specs=nosys.specs -specs=nano.specs -T"../STM32F446ZETx_FLASH.ld" -Wl,-Map=output.map -Wl,--gc-sections -lm -o "LatencyTests.elf" @"objects.list"  
Finished building target: LatencyTests.elf
 
make --no-print-directory post-build
Generating binary and Printing size information:
arm-none-eabi-objcopy -O binary "LatencyTests.elf" "LatencyTests.bin"
arm-none-eabi-size "LatencyTests.elf"
   text	   data	    bss	    dec	    hex	filename
   9120	    184	   2280	  11584	   2d40	LatencyTests.elf
 
22:18:30 **** Incremental Build of configuration Debug for project LatencyTests ****
make all 
Building file: ../Src/main.c
Invoking: MCU GCC Compiler
%cd%
arm-none-eabi-gcc -mcpu=cortex-m4 -mthumb -mfloat-abi=hard -mfpu=fpv4-sp-d16 '-D__weak=__attribute__((weak))' '-D__packed=__attribute__((__packed__))' -DUSE_HAL_DRIVER -DSTM32F446xx -I"D:/Users/Tyler/Documents/STM/Workspace/Latency Tests/LatencyTests/Inc" -I"D:/Users/Tyler/Documents/STM/Workspace/Latency Tests/LatencyTests/Drivers/STM32F4xx_HAL_Driver/Inc" -I"D:/Users/Tyler/Documents/STM/Workspace/Latency Tests/LatencyTests/Drivers/STM32F4xx_HAL_Driver/Inc/Legacy" -I"D:/Users/Tyler/Documents/STM/Workspace/Latency Tests/LatencyTests/Drivers/CMSIS/Device/ST/STM32F4xx/Include" -I"D:/Users/Tyler/Documents/STM/Workspace/Latency Tests/LatencyTests/Drivers/CMSIS/Include" -I"D:/Users/Tyler/Documents/STM/Workspace/Latency Tests/LatencyTests/Inc"  -Og -g3 -Wall -fmessage-length=0 -ffunction-sections -c -fmessage-length=0 -MMD -MP -MF"Src/main.d" -MT"Src/main.o" -o "Src/main.o" "../Src/main.c"
../Src/main.c: In function 'main':
../Src/main.c:134:27: warning: variable 'arrDynamixel' set but not used [-Wunused-but-set-variable]
  Dynamixel_HandleTypeDef* arrDynamixel[10];
                           ^
Finished building: ../Src/main.c
 
Building target: LatencyTests.elf
Invoking: MCU GCC Linker
arm-none-eabi-gcc -mcpu=cortex-m4 -mthumb -mfloat-abi=hard -mfpu=fpv4-sp-d16 -specs=nosys.specs -specs=nano.specs -T"../STM32F446ZETx_FLASH.ld" -Wl,-Map=output.map -Wl,--gc-sections -lm -o "LatencyTests.elf" @"objects.list"  
Finished building target: LatencyTests.elf
 
make --no-print-directory post-build
Generating binary and Printing size information:
arm-none-eabi-objcopy -O binary "LatencyTests.elf" "LatencyTests.bin"
arm-none-eabi-size "LatencyTests.elf"
   text	   data	    bss	    dec	    hex	filename
   9104	    184	   2280	  11568	   2d30	LatencyTests.elf
 
22:20:14 **** Incremental Build of configuration Debug for project LatencyTests ****
make all 
make: Nothing to be done for `all'.
22:21:00 **** Incremental Build of configuration Debug for project LatencyTests ****
make all 
make: Nothing to be done for `all'.
22:24:10 **** Incremental Build of configuration Debug for project LatencyTests ****
make all 
Building file: ../Src/main.c
Invoking: MCU GCC Compiler
%cd%
arm-none-eabi-gcc -mcpu=cortex-m4 -mthumb -mfloat-abi=hard -mfpu=fpv4-sp-d16 '-D__weak=__attribute__((weak))' '-D__packed=__attribute__((__packed__))' -DUSE_HAL_DRIVER -DSTM32F446xx -I"D:/Users/Tyler/Documents/STM/Workspace/Latency Tests/LatencyTests/Inc" -I"D:/Users/Tyler/Documents/STM/Workspace/Latency Tests/LatencyTests/Drivers/STM32F4xx_HAL_Driver/Inc" -I"D:/Users/Tyler/Documents/STM/Workspace/Latency Tests/LatencyTests/Drivers/STM32F4xx_HAL_Driver/Inc/Legacy" -I"D:/Users/Tyler/Documents/STM/Workspace/Latency Tests/LatencyTests/Drivers/CMSIS/Device/ST/STM32F4xx/Include" -I"D:/Users/Tyler/Documents/STM/Workspace/Latency Tests/LatencyTests/Drivers/CMSIS/Include" -I"D:/Users/Tyler/Documents/STM/Workspace/Latency Tests/LatencyTests/Inc"  -Og -g3 -Wall -fmessage-length=0 -ffunction-sections -c -fmessage-length=0 -MMD -MP -MF"Src/main.d" -MT"Src/main.o" -o "Src/main.o" "../Src/main.c"
../Src/main.c: In function 'main':
../Src/main.c:134:27: warning: variable 'arrDynamixel' set but not used [-Wunused-but-set-variable]
  Dynamixel_HandleTypeDef* arrDynamixel[10];
                           ^
Finished building: ../Src/main.c
 
Building target: LatencyTests.elf
Invoking: MCU GCC Linker
arm-none-eabi-gcc -mcpu=cortex-m4 -mthumb -mfloat-abi=hard -mfpu=fpv4-sp-d16 -specs=nosys.specs -specs=nano.specs -T"../STM32F446ZETx_FLASH.ld" -Wl,-Map=output.map -Wl,--gc-sections -lm -o "LatencyTests.elf" @"objects.list"  
Finished building target: LatencyTests.elf
 
make --no-print-directory post-build
Generating binary and Printing size information:
arm-none-eabi-objcopy -O binary "LatencyTests.elf" "LatencyTests.bin"
arm-none-eabi-size "LatencyTests.elf"
   text	   data	    bss	    dec	    hex	filename
   9120	    184	   2280	  11584	   2d40	LatencyTests.elf
 
22:24:18 **** Incremental Build of configuration Debug for project LatencyTests ****
make all 
make: Nothing to be done for `all'.
22:24:30 **** Incremental Build of configuration Debug for project LatencyTests ****
make all 
make: Nothing to be done for `all'.
22:25:46 **** Incremental Build of configuration Debug for project LatencyTests ****
make all 
Building file: ../Src/main.c
Invoking: MCU GCC Compiler
%cd%
arm-none-eabi-gcc -mcpu=cortex-m4 -mthumb -mfloat-abi=hard -mfpu=fpv4-sp-d16 '-D__weak=__attribute__((weak))' '-D__packed=__attribute__((__packed__))' -DUSE_HAL_DRIVER -DSTM32F446xx -I"D:/Users/Tyler/Documents/STM/Workspace/Latency Tests/LatencyTests/Inc" -I"D:/Users/Tyler/Documents/STM/Workspace/Latency Tests/LatencyTests/Drivers/STM32F4xx_HAL_Driver/Inc" -I"D:/Users/Tyler/Documents/STM/Workspace/Latency Tests/LatencyTests/Drivers/STM32F4xx_HAL_Driver/Inc/Legacy" -I"D:/Users/Tyler/Documents/STM/Workspace/Latency Tests/LatencyTests/Drivers/CMSIS/Device/ST/STM32F4xx/Include" -I"D:/Users/Tyler/Documents/STM/Workspace/Latency Tests/LatencyTests/Drivers/CMSIS/Include" -I"D:/Users/Tyler/Documents/STM/Workspace/Latency Tests/LatencyTests/Inc"  -Og -g3 -Wall -fmessage-length=0 -ffunction-sections -c -fmessage-length=0 -MMD -MP -MF"Src/main.d" -MT"Src/main.o" -o "Src/main.o" "../Src/main.c"
../Src/main.c: In function 'main':
../Src/main.c:134:27: warning: variable 'arrDynamixel' set but not used [-Wunused-but-set-variable]
  Dynamixel_HandleTypeDef* arrDynamixel[10];
                           ^
Finished building: ../Src/main.c
 
Building target: LatencyTests.elf
Invoking: MCU GCC Linker
arm-none-eabi-gcc -mcpu=cortex-m4 -mthumb -mfloat-abi=hard -mfpu=fpv4-sp-d16 -specs=nosys.specs -specs=nano.specs -T"../STM32F446ZETx_FLASH.ld" -Wl,-Map=output.map -Wl,--gc-sections -lm -o "LatencyTests.elf" @"objects.list"  
Finished building target: LatencyTests.elf
 
make --no-print-directory post-build
Generating binary and Printing size information:
arm-none-eabi-objcopy -O binary "LatencyTests.elf" "LatencyTests.bin"
arm-none-eabi-size "LatencyTests.elf"
   text	   data	    bss	    dec	    hex	filename
   9384	    184	   2280	  11848	   2e48	LatencyTests.elf
 
22:26:37 **** Incremental Build of configuration Debug for project LatencyTests ****
make all 
Building file: ../Src/main.c
Invoking: MCU GCC Compiler
%cd%
arm-none-eabi-gcc -mcpu=cortex-m4 -mthumb -mfloat-abi=hard -mfpu=fpv4-sp-d16 '-D__weak=__attribute__((weak))' '-D__packed=__attribute__((__packed__))' -DUSE_HAL_DRIVER -DSTM32F446xx -I"D:/Users/Tyler/Documents/STM/Workspace/Latency Tests/LatencyTests/Inc" -I"D:/Users/Tyler/Documents/STM/Workspace/Latency Tests/LatencyTests/Drivers/STM32F4xx_HAL_Driver/Inc" -I"D:/Users/Tyler/Documents/STM/Workspace/Latency Tests/LatencyTests/Drivers/STM32F4xx_HAL_Driver/Inc/Legacy" -I"D:/Users/Tyler/Documents/STM/Workspace/Latency Tests/LatencyTests/Drivers/CMSIS/Device/ST/STM32F4xx/Include" -I"D:/Users/Tyler/Documents/STM/Workspace/Latency Tests/LatencyTests/Drivers/CMSIS/Include" -I"D:/Users/Tyler/Documents/STM/Workspace/Latency Tests/LatencyTests/Inc"  -Og -g3 -Wall -fmessage-length=0 -ffunction-sections -c -fmessage-length=0 -MMD -MP -MF"Src/main.d" -MT"Src/main.o" -o "Src/main.o" "../Src/main.c"
../Src/main.c: In function 'main':
../Src/main.c:134:27: warning: variable 'arrDynamixel' set but not used [-Wunused-but-set-variable]
  Dynamixel_HandleTypeDef* arrDynamixel[10];
                           ^
Finished building: ../Src/main.c
 
Building target: LatencyTests.elf
Invoking: MCU GCC Linker
arm-none-eabi-gcc -mcpu=cortex-m4 -mthumb -mfloat-abi=hard -mfpu=fpv4-sp-d16 -specs=nosys.specs -specs=nano.specs -T"../STM32F446ZETx_FLASH.ld" -Wl,-Map=output.map -Wl,--gc-sections -lm -o "LatencyTests.elf" @"objects.list"  
Finished building target: LatencyTests.elf
 
make --no-print-directory post-build
Generating binary and Printing size information:
arm-none-eabi-objcopy -O binary "LatencyTests.elf" "LatencyTests.bin"
arm-none-eabi-size "LatencyTests.elf"
   text	   data	    bss	    dec	    hex	filename
   9132	    184	   2280	  11596	   2d4c	LatencyTests.elf
 
