18:10:08 **** Build of configuration Debug for project LatencyTests ****
make all 
Building file: ../startup/startup_stm32f446xx.s
Invoking: MCU GCC Assembler
/home/vuwij/Documents/soccer-embedded/Latency Tests/LatencyTests/Debug
arm-none-eabi-as -mcpu=cortex-m4 -mthumb -mfloat-abi=hard -mfpu=fpv4-sp-d16 -g -o "startup/startup_stm32f446xx.o" "../startup/startup_stm32f446xx.s"
Finished building: ../startup/startup_stm32f446xx.s
 
Building file: ../Src/simplepid_ert_rtw/ert_main.c
Invoking: MCU GCC Compiler
/home/vuwij/Documents/soccer-embedded/Latency Tests/LatencyTests/Debug
arm-none-eabi-gcc -mcpu=cortex-m4 -mthumb -mfloat-abi=hard -mfpu=fpv4-sp-d16 '-D__weak=__attribute__((weak))' '-D__packed=__attribute__((__packed__))' -DUSE_HAL_DRIVER -DSTM32F446xx -I"/home/vuwij/Documents/soccer-embedded/Latency Tests/LatencyTests/Inc" -I"/home/vuwij/Documents/soccer-embedded/Latency Tests/LatencyTests/Drivers/STM32F4xx_HAL_Driver/Inc" -I"/home/vuwij/Documents/soccer-embedded/Latency Tests/LatencyTests/Drivers/STM32F4xx_HAL_Driver/Inc/Legacy" -I"/home/vuwij/Documents/soccer-embedded/Latency Tests/LatencyTests/Drivers/CMSIS/Device/ST/STM32F4xx/Include" -I"/home/vuwij/Documents/soccer-embedded/Latency Tests/LatencyTests/Drivers/CMSIS/Include" -I"/home/vuwij/Documents/soccer-embedded/Latency Tests/LatencyTests/Inc"  -Og -g3 -Wall -fmessage-length=0 -ffunction-sections -c -fmessage-length=0 -MMD -MP -MF"Src/simplepid_ert_rtw/ert_main.d" -MT"Src/simplepid_ert_rtw/ert_main.o" -o "Src/simplepid_ert_rtw/ert_main.o" "../Src/simplepid_ert_rtw/ert_main.c"
Finished building: ../Src/simplepid_ert_rtw/ert_main.c
 
Building file: ../Src/simplepid_ert_rtw/simplepid.c
Invoking: MCU GCC Compiler
/home/vuwij/Documents/soccer-embedded/Latency Tests/LatencyTests/Debug
arm-none-eabi-gcc -mcpu=cortex-m4 -mthumb -mfloat-abi=hard -mfpu=fpv4-sp-d16 '-D__weak=__attribute__((weak))' '-D__packed=__attribute__((__packed__))' -DUSE_HAL_DRIVER -DSTM32F446xx -I"/home/vuwij/Documents/soccer-embedded/Latency Tests/LatencyTests/Inc" -I"/home/vuwij/Documents/soccer-embedded/Latency Tests/LatencyTests/Drivers/STM32F4xx_HAL_Driver/Inc" -I"/home/vuwij/Documents/soccer-embedded/Latency Tests/LatencyTests/Drivers/STM32F4xx_HAL_Driver/Inc/Legacy" -I"/home/vuwij/Documents/soccer-embedded/Latency Tests/LatencyTests/Drivers/CMSIS/Device/ST/STM32F4xx/Include" -I"/home/vuwij/Documents/soccer-embedded/Latency Tests/LatencyTests/Drivers/CMSIS/Include" -I"/home/vuwij/Documents/soccer-embedded/Latency Tests/LatencyTests/Inc"  -Og -g3 -Wall -fmessage-length=0 -ffunction-sections -c -fmessage-length=0 -MMD -MP -MF"Src/simplepid_ert_rtw/simplepid.d" -MT"Src/simplepid_ert_rtw/simplepid.o" -o "Src/simplepid_ert_rtw/simplepid.o" "../Src/simplepid_ert_rtw/simplepid.c"
Finished building: ../Src/simplepid_ert_rtw/simplepid.c
 
Building file: ../Src/simplepid_ert_rtw/simplepid_data.c
Invoking: MCU GCC Compiler
/home/vuwij/Documents/soccer-embedded/Latency Tests/LatencyTests/Debug
arm-none-eabi-gcc -mcpu=cortex-m4 -mthumb -mfloat-abi=hard -mfpu=fpv4-sp-d16 '-D__weak=__attribute__((weak))' '-D__packed=__attribute__((__packed__))' -DUSE_HAL_DRIVER -DSTM32F446xx -I"/home/vuwij/Documents/soccer-embedded/Latency Tests/LatencyTests/Inc" -I"/home/vuwij/Documents/soccer-embedded/Latency Tests/LatencyTests/Drivers/STM32F4xx_HAL_Driver/Inc" -I"/home/vuwij/Documents/soccer-embedded/Latency Tests/LatencyTests/Drivers/STM32F4xx_HAL_Driver/Inc/Legacy" -I"/home/vuwij/Documents/soccer-embedded/Latency Tests/LatencyTests/Drivers/CMSIS/Device/ST/STM32F4xx/Include" -I"/home/vuwij/Documents/soccer-embedded/Latency Tests/LatencyTests/Drivers/CMSIS/Include" -I"/home/vuwij/Documents/soccer-embedded/Latency Tests/LatencyTests/Inc"  -Og -g3 -Wall -fmessage-length=0 -ffunction-sections -c -fmessage-length=0 -MMD -MP -MF"Src/simplepid_ert_rtw/simplepid_data.d" -MT"Src/simplepid_ert_rtw/simplepid_data.o" -o "Src/simplepid_ert_rtw/simplepid_data.o" "../Src/simplepid_ert_rtw/simplepid_data.c"
Finished building: ../Src/simplepid_ert_rtw/simplepid_data.c
 
Building file: ../Src/main.c
Invoking: MCU GCC Compiler
/home/vuwij/Documents/soccer-embedded/Latency Tests/LatencyTests/Debug
arm-none-eabi-gcc -mcpu=cortex-m4 -mthumb -mfloat-abi=hard -mfpu=fpv4-sp-d16 '-D__weak=__attribute__((weak))' '-D__packed=__attribute__((__packed__))' -DUSE_HAL_DRIVER -DSTM32F446xx -I"/home/vuwij/Documents/soccer-embedded/Latency Tests/LatencyTests/Inc" -I"/home/vuwij/Documents/soccer-embedded/Latency Tests/LatencyTests/Drivers/STM32F4xx_HAL_Driver/Inc" -I"/home/vuwij/Documents/soccer-embedded/Latency Tests/LatencyTests/Drivers/STM32F4xx_HAL_Driver/Inc/Legacy" -I"/home/vuwij/Documents/soccer-embedded/Latency Tests/LatencyTests/Drivers/CMSIS/Device/ST/STM32F4xx/Include" -I"/home/vuwij/Documents/soccer-embedded/Latency Tests/LatencyTests/Drivers/CMSIS/Include" -I"/home/vuwij/Documents/soccer-embedded/Latency Tests/LatencyTests/Inc"  -Og -g3 -Wall -fmessage-length=0 -ffunction-sections -c -fmessage-length=0 -MMD -MP -MF"Src/main.d" -MT"Src/main.o" -o "Src/main.o" "../Src/main.c"
../Src/main.c: In function 'main':
../Src/main.c:158:27: warning: variable 'arrDynamixel' set but not used [-Wunused-but-set-variable]
  Dynamixel_HandleTypeDef* arrDynamixel[12];
                           ^
Finished building: ../Src/main.c
 
Building file: ../Src/stm32f4xx_hal_msp.c
Invoking: MCU GCC Compiler
/home/vuwij/Documents/soccer-embedded/Latency Tests/LatencyTests/Debug
arm-none-eabi-gcc -mcpu=cortex-m4 -mthumb -mfloat-abi=hard -mfpu=fpv4-sp-d16 '-D__weak=__attribute__((weak))' '-D__packed=__attribute__((__packed__))' -DUSE_HAL_DRIVER -DSTM32F446xx -I"/home/vuwij/Documents/soccer-embedded/Latency Tests/LatencyTests/Inc" -I"/home/vuwij/Documents/soccer-embedded/Latency Tests/LatencyTests/Drivers/STM32F4xx_HAL_Driver/Inc" -I"/home/vuwij/Documents/soccer-embedded/Latency Tests/LatencyTests/Drivers/STM32F4xx_HAL_Driver/Inc/Legacy" -I"/home/vuwij/Documents/soccer-embedded/Latency Tests/LatencyTests/Drivers/CMSIS/Device/ST/STM32F4xx/Include" -I"/home/vuwij/Documents/soccer-embedded/Latency Tests/LatencyTests/Drivers/CMSIS/Include" -I"/home/vuwij/Documents/soccer-embedded/Latency Tests/LatencyTests/Inc"  -Og -g3 -Wall -fmessage-length=0 -ffunction-sections -c -fmessage-length=0 -MMD -MP -MF"Src/stm32f4xx_hal_msp.d" -MT"Src/stm32f4xx_hal_msp.o" -o "Src/stm32f4xx_hal_msp.o" "../Src/stm32f4xx_hal_msp.c"
Finished building: ../Src/stm32f4xx_hal_msp.c
 
Building file: ../Src/stm32f4xx_it.c
Invoking: MCU GCC Compiler
/home/vuwij/Documents/soccer-embedded/Latency Tests/LatencyTests/Debug
arm-none-eabi-gcc -mcpu=cortex-m4 -mthumb -mfloat-abi=hard -mfpu=fpv4-sp-d16 '-D__weak=__attribute__((weak))' '-D__packed=__attribute__((__packed__))' -DUSE_HAL_DRIVER -DSTM32F446xx -I"/home/vuwij/Documents/soccer-embedded/Latency Tests/LatencyTests/Inc" -I"/home/vuwij/Documents/soccer-embedded/Latency Tests/LatencyTests/Drivers/STM32F4xx_HAL_Driver/Inc" -I"/home/vuwij/Documents/soccer-embedded/Latency Tests/LatencyTests/Drivers/STM32F4xx_HAL_Driver/Inc/Legacy" -I"/home/vuwij/Documents/soccer-embedded/Latency Tests/LatencyTests/Drivers/CMSIS/Device/ST/STM32F4xx/Include" -I"/home/vuwij/Documents/soccer-embedded/Latency Tests/LatencyTests/Drivers/CMSIS/Include" -I"/home/vuwij/Documents/soccer-embedded/Latency Tests/LatencyTests/Inc"  -Og -g3 -Wall -fmessage-length=0 -ffunction-sections -c -fmessage-length=0 -MMD -MP -MF"Src/stm32f4xx_it.d" -MT"Src/stm32f4xx_it.o" -o "Src/stm32f4xx_it.o" "../Src/stm32f4xx_it.c"
Finished building: ../Src/stm32f4xx_it.c
 
Building file: ../Src/system_stm32f4xx.c
Invoking: MCU GCC Compiler
/home/vuwij/Documents/soccer-embedded/Latency Tests/LatencyTests/Debug
arm-none-eabi-gcc -mcpu=cortex-m4 -mthumb -mfloat-abi=hard -mfpu=fpv4-sp-d16 '-D__weak=__attribute__((weak))' '-D__packed=__attribute__((__packed__))' -DUSE_HAL_DRIVER -DSTM32F446xx -I"/home/vuwij/Documents/soccer-embedded/Latency Tests/LatencyTests/Inc" -I"/home/vuwij/Documents/soccer-embedded/Latency Tests/LatencyTests/Drivers/STM32F4xx_HAL_Driver/Inc" -I"/home/vuwij/Documents/soccer-embedded/Latency Tests/LatencyTests/Drivers/STM32F4xx_HAL_Driver/Inc/Legacy" -I"/home/vuwij/Documents/soccer-embedded/Latency Tests/LatencyTests/Drivers/CMSIS/Device/ST/STM32F4xx/Include" -I"/home/vuwij/Documents/soccer-embedded/Latency Tests/LatencyTests/Drivers/CMSIS/Include" -I"/home/vuwij/Documents/soccer-embedded/Latency Tests/LatencyTests/Inc"  -Og -g3 -Wall -fmessage-length=0 -ffunction-sections -c -fmessage-length=0 -MMD -MP -MF"Src/system_stm32f4xx.d" -MT"Src/system_stm32f4xx.o" -o "Src/system_stm32f4xx.o" "../Src/system_stm32f4xx.c"
Finished building: ../Src/system_stm32f4xx.c
 
Building file: ../Drivers/STM32F4xx_HAL_Driver/Src/stm32f4xx_hal.c
Invoking: MCU GCC Compiler
/home/vuwij/Documents/soccer-embedded/Latency Tests/LatencyTests/Debug
arm-none-eabi-gcc -mcpu=cortex-m4 -mthumb -mfloat-abi=hard -mfpu=fpv4-sp-d16 '-D__weak=__attribute__((weak))' '-D__packed=__attribute__((__packed__))' -DUSE_HAL_DRIVER -DSTM32F446xx -I"/home/vuwij/Documents/soccer-embedded/Latency Tests/LatencyTests/Inc" -I"/home/vuwij/Documents/soccer-embedded/Latency Tests/LatencyTests/Drivers/STM32F4xx_HAL_Driver/Inc" -I"/home/vuwij/Documents/soccer-embedded/Latency Tests/LatencyTests/Drivers/STM32F4xx_HAL_Driver/Inc/Legacy" -I"/home/vuwij/Documents/soccer-embedded/Latency Tests/LatencyTests/Drivers/CMSIS/Device/ST/STM32F4xx/Include" -I"/home/vuwij/Documents/soccer-embedded/Latency Tests/LatencyTests/Drivers/CMSIS/Include" -I"/home/vuwij/Documents/soccer-embedded/Latency Tests/LatencyTests/Inc"  -Og -g3 -Wall -fmessage-length=0 -ffunction-sections -c -fmessage-length=0 -MMD -MP -MF"Drivers/STM32F4xx_HAL_Driver/Src/stm32f4xx_hal.d" -MT"Drivers/STM32F4xx_HAL_Driver/Src/stm32f4xx_hal.o" -o "Drivers/STM32F4xx_HAL_Driver/Src/stm32f4xx_hal.o" "../Drivers/STM32F4xx_HAL_Driver/Src/stm32f4xx_hal.c"
Finished building: ../Drivers/STM32F4xx_HAL_Driver/Src/stm32f4xx_hal.c
 
Building file: ../Drivers/STM32F4xx_HAL_Driver/Src/stm32f4xx_hal_cortex.c
Invoking: MCU GCC Compiler
/home/vuwij/Documents/soccer-embedded/Latency Tests/LatencyTests/Debug
arm-none-eabi-gcc -mcpu=cortex-m4 -mthumb -mfloat-abi=hard -mfpu=fpv4-sp-d16 '-D__weak=__attribute__((weak))' '-D__packed=__attribute__((__packed__))' -DUSE_HAL_DRIVER -DSTM32F446xx -I"/home/vuwij/Documents/soccer-embedded/Latency Tests/LatencyTests/Inc" -I"/home/vuwij/Documents/soccer-embedded/Latency Tests/LatencyTests/Drivers/STM32F4xx_HAL_Driver/Inc" -I"/home/vuwij/Documents/soccer-embedded/Latency Tests/LatencyTests/Drivers/STM32F4xx_HAL_Driver/Inc/Legacy" -I"/home/vuwij/Documents/soccer-embedded/Latency Tests/LatencyTests/Drivers/CMSIS/Device/ST/STM32F4xx/Include" -I"/home/vuwij/Documents/soccer-embedded/Latency Tests/LatencyTests/Drivers/CMSIS/Include" -I"/home/vuwij/Documents/soccer-embedded/Latency Tests/LatencyTests/Inc"  -Og -g3 -Wall -fmessage-length=0 -ffunction-sections -c -fmessage-length=0 -MMD -MP -MF"Drivers/STM32F4xx_HAL_Driver/Src/stm32f4xx_hal_cortex.d" -MT"Drivers/STM32F4xx_HAL_Driver/Src/stm32f4xx_hal_cortex.o" -o "Drivers/STM32F4xx_HAL_Driver/Src/stm32f4xx_hal_cortex.o" "../Drivers/STM32F4xx_HAL_Driver/Src/stm32f4xx_hal_cortex.c"
Finished building: ../Drivers/STM32F4xx_HAL_Driver/Src/stm32f4xx_hal_cortex.c
 
Building file: ../Drivers/STM32F4xx_HAL_Driver/Src/stm32f4xx_hal_dma.c
Invoking: MCU GCC Compiler
/home/vuwij/Documents/soccer-embedded/Latency Tests/LatencyTests/Debug
arm-none-eabi-gcc -mcpu=cortex-m4 -mthumb -mfloat-abi=hard -mfpu=fpv4-sp-d16 '-D__weak=__attribute__((weak))' '-D__packed=__attribute__((__packed__))' -DUSE_HAL_DRIVER -DSTM32F446xx -I"/home/vuwij/Documents/soccer-embedded/Latency Tests/LatencyTests/Inc" -I"/home/vuwij/Documents/soccer-embedded/Latency Tests/LatencyTests/Drivers/STM32F4xx_HAL_Driver/Inc" -I"/home/vuwij/Documents/soccer-embedded/Latency Tests/LatencyTests/Drivers/STM32F4xx_HAL_Driver/Inc/Legacy" -I"/home/vuwij/Documents/soccer-embedded/Latency Tests/LatencyTests/Drivers/CMSIS/Device/ST/STM32F4xx/Include" -I"/home/vuwij/Documents/soccer-embedded/Latency Tests/LatencyTests/Drivers/CMSIS/Include" -I"/home/vuwij/Documents/soccer-embedded/Latency Tests/LatencyTests/Inc"  -Og -g3 -Wall -fmessage-length=0 -ffunction-sections -c -fmessage-length=0 -MMD -MP -MF"Drivers/STM32F4xx_HAL_Driver/Src/stm32f4xx_hal_dma.d" -MT"Drivers/STM32F4xx_HAL_Driver/Src/stm32f4xx_hal_dma.o" -o "Drivers/STM32F4xx_HAL_Driver/Src/stm32f4xx_hal_dma.o" "../Drivers/STM32F4xx_HAL_Driver/Src/stm32f4xx_hal_dma.c"
Finished building: ../Drivers/STM32F4xx_HAL_Driver/Src/stm32f4xx_hal_dma.c
 
Building file: ../Drivers/STM32F4xx_HAL_Driver/Src/stm32f4xx_hal_dma_ex.c
Invoking: MCU GCC Compiler
/home/vuwij/Documents/soccer-embedded/Latency Tests/LatencyTests/Debug
arm-none-eabi-gcc -mcpu=cortex-m4 -mthumb -mfloat-abi=hard -mfpu=fpv4-sp-d16 '-D__weak=__attribute__((weak))' '-D__packed=__attribute__((__packed__))' -DUSE_HAL_DRIVER -DSTM32F446xx -I"/home/vuwij/Documents/soccer-embedded/Latency Tests/LatencyTests/Inc" -I"/home/vuwij/Documents/soccer-embedded/Latency Tests/LatencyTests/Drivers/STM32F4xx_HAL_Driver/Inc" -I"/home/vuwij/Documents/soccer-embedded/Latency Tests/LatencyTests/Drivers/STM32F4xx_HAL_Driver/Inc/Legacy" -I"/home/vuwij/Documents/soccer-embedded/Latency Tests/LatencyTests/Drivers/CMSIS/Device/ST/STM32F4xx/Include" -I"/home/vuwij/Documents/soccer-embedded/Latency Tests/LatencyTests/Drivers/CMSIS/Include" -I"/home/vuwij/Documents/soccer-embedded/Latency Tests/LatencyTests/Inc"  -Og -g3 -Wall -fmessage-length=0 -ffunction-sections -c -fmessage-length=0 -MMD -MP -MF"Drivers/STM32F4xx_HAL_Driver/Src/stm32f4xx_hal_dma_ex.d" -MT"Drivers/STM32F4xx_HAL_Driver/Src/stm32f4xx_hal_dma_ex.o" -o "Drivers/STM32F4xx_HAL_Driver/Src/stm32f4xx_hal_dma_ex.o" "../Drivers/STM32F4xx_HAL_Driver/Src/stm32f4xx_hal_dma_ex.c"
Finished building: ../Drivers/STM32F4xx_HAL_Driver/Src/stm32f4xx_hal_dma_ex.c
 
Building file: ../Drivers/STM32F4xx_HAL_Driver/Src/stm32f4xx_hal_flash.c
Invoking: MCU GCC Compiler
/home/vuwij/Documents/soccer-embedded/Latency Tests/LatencyTests/Debug
arm-none-eabi-gcc -mcpu=cortex-m4 -mthumb -mfloat-abi=hard -mfpu=fpv4-sp-d16 '-D__weak=__attribute__((weak))' '-D__packed=__attribute__((__packed__))' -DUSE_HAL_DRIVER -DSTM32F446xx -I"/home/vuwij/Documents/soccer-embedded/Latency Tests/LatencyTests/Inc" -I"/home/vuwij/Documents/soccer-embedded/Latency Tests/LatencyTests/Drivers/STM32F4xx_HAL_Driver/Inc" -I"/home/vuwij/Documents/soccer-embedded/Latency Tests/LatencyTests/Drivers/STM32F4xx_HAL_Driver/Inc/Legacy" -I"/home/vuwij/Documents/soccer-embedded/Latency Tests/LatencyTests/Drivers/CMSIS/Device/ST/STM32F4xx/Include" -I"/home/vuwij/Documents/soccer-embedded/Latency Tests/LatencyTests/Drivers/CMSIS/Include" -I"/home/vuwij/Documents/soccer-embedded/Latency Tests/LatencyTests/Inc"  -Og -g3 -Wall -fmessage-length=0 -ffunction-sections -c -fmessage-length=0 -MMD -MP -MF"Drivers/STM32F4xx_HAL_Driver/Src/stm32f4xx_hal_flash.d" -MT"Drivers/STM32F4xx_HAL_Driver/Src/stm32f4xx_hal_flash.o" -o "Drivers/STM32F4xx_HAL_Driver/Src/stm32f4xx_hal_flash.o" "../Drivers/STM32F4xx_HAL_Driver/Src/stm32f4xx_hal_flash.c"
Finished building: ../Drivers/STM32F4xx_HAL_Driver/Src/stm32f4xx_hal_flash.c
 
Building file: ../Drivers/STM32F4xx_HAL_Driver/Src/stm32f4xx_hal_flash_ex.c
Invoking: MCU GCC Compiler
/home/vuwij/Documents/soccer-embedded/Latency Tests/LatencyTests/Debug
arm-none-eabi-gcc -mcpu=cortex-m4 -mthumb -mfloat-abi=hard -mfpu=fpv4-sp-d16 '-D__weak=__attribute__((weak))' '-D__packed=__attribute__((__packed__))' -DUSE_HAL_DRIVER -DSTM32F446xx -I"/home/vuwij/Documents/soccer-embedded/Latency Tests/LatencyTests/Inc" -I"/home/vuwij/Documents/soccer-embedded/Latency Tests/LatencyTests/Drivers/STM32F4xx_HAL_Driver/Inc" -I"/home/vuwij/Documents/soccer-embedded/Latency Tests/LatencyTests/Drivers/STM32F4xx_HAL_Driver/Inc/Legacy" -I"/home/vuwij/Documents/soccer-embedded/Latency Tests/LatencyTests/Drivers/CMSIS/Device/ST/STM32F4xx/Include" -I"/home/vuwij/Documents/soccer-embedded/Latency Tests/LatencyTests/Drivers/CMSIS/Include" -I"/home/vuwij/Documents/soccer-embedded/Latency Tests/LatencyTests/Inc"  -Og -g3 -Wall -fmessage-length=0 -ffunction-sections -c -fmessage-length=0 -MMD -MP -MF"Drivers/STM32F4xx_HAL_Driver/Src/stm32f4xx_hal_flash_ex.d" -MT"Drivers/STM32F4xx_HAL_Driver/Src/stm32f4xx_hal_flash_ex.o" -o "Drivers/STM32F4xx_HAL_Driver/Src/stm32f4xx_hal_flash_ex.o" "../Drivers/STM32F4xx_HAL_Driver/Src/stm32f4xx_hal_flash_ex.c"
Finished building: ../Drivers/STM32F4xx_HAL_Driver/Src/stm32f4xx_hal_flash_ex.c
 
Building file: ../Drivers/STM32F4xx_HAL_Driver/Src/stm32f4xx_hal_flash_ramfunc.c
Invoking: MCU GCC Compiler
/home/vuwij/Documents/soccer-embedded/Latency Tests/LatencyTests/Debug
arm-none-eabi-gcc -mcpu=cortex-m4 -mthumb -mfloat-abi=hard -mfpu=fpv4-sp-d16 '-D__weak=__attribute__((weak))' '-D__packed=__attribute__((__packed__))' -DUSE_HAL_DRIVER -DSTM32F446xx -I"/home/vuwij/Documents/soccer-embedded/Latency Tests/LatencyTests/Inc" -I"/home/vuwij/Documents/soccer-embedded/Latency Tests/LatencyTests/Drivers/STM32F4xx_HAL_Driver/Inc" -I"/home/vuwij/Documents/soccer-embedded/Latency Tests/LatencyTests/Drivers/STM32F4xx_HAL_Driver/Inc/Legacy" -I"/home/vuwij/Documents/soccer-embedded/Latency Tests/LatencyTests/Drivers/CMSIS/Device/ST/STM32F4xx/Include" -I"/home/vuwij/Documents/soccer-embedded/Latency Tests/LatencyTests/Drivers/CMSIS/Include" -I"/home/vuwij/Documents/soccer-embedded/Latency Tests/LatencyTests/Inc"  -Og -g3 -Wall -fmessage-length=0 -ffunction-sections -c -fmessage-length=0 -MMD -MP -MF"Drivers/STM32F4xx_HAL_Driver/Src/stm32f4xx_hal_flash_ramfunc.d" -MT"Drivers/STM32F4xx_HAL_Driver/Src/stm32f4xx_hal_flash_ramfunc.o" -o "Drivers/STM32F4xx_HAL_Driver/Src/stm32f4xx_hal_flash_ramfunc.o" "../Drivers/STM32F4xx_HAL_Driver/Src/stm32f4xx_hal_flash_ramfunc.c"
Finished building: ../Drivers/STM32F4xx_HAL_Driver/Src/stm32f4xx_hal_flash_ramfunc.c
 
Building file: ../Drivers/STM32F4xx_HAL_Driver/Src/stm32f4xx_hal_gpio.c
Invoking: MCU GCC Compiler
/home/vuwij/Documents/soccer-embedded/Latency Tests/LatencyTests/Debug
arm-none-eabi-gcc -mcpu=cortex-m4 -mthumb -mfloat-abi=hard -mfpu=fpv4-sp-d16 '-D__weak=__attribute__((weak))' '-D__packed=__attribute__((__packed__))' -DUSE_HAL_DRIVER -DSTM32F446xx -I"/home/vuwij/Documents/soccer-embedded/Latency Tests/LatencyTests/Inc" -I"/home/vuwij/Documents/soccer-embedded/Latency Tests/LatencyTests/Drivers/STM32F4xx_HAL_Driver/Inc" -I"/home/vuwij/Documents/soccer-embedded/Latency Tests/LatencyTests/Drivers/STM32F4xx_HAL_Driver/Inc/Legacy" -I"/home/vuwij/Documents/soccer-embedded/Latency Tests/LatencyTests/Drivers/CMSIS/Device/ST/STM32F4xx/Include" -I"/home/vuwij/Documents/soccer-embedded/Latency Tests/LatencyTests/Drivers/CMSIS/Include" -I"/home/vuwij/Documents/soccer-embedded/Latency Tests/LatencyTests/Inc"  -Og -g3 -Wall -fmessage-length=0 -ffunction-sections -c -fmessage-length=0 -MMD -MP -MF"Drivers/STM32F4xx_HAL_Driver/Src/stm32f4xx_hal_gpio.d" -MT"Drivers/STM32F4xx_HAL_Driver/Src/stm32f4xx_hal_gpio.o" -o "Drivers/STM32F4xx_HAL_Driver/Src/stm32f4xx_hal_gpio.o" "../Drivers/STM32F4xx_HAL_Driver/Src/stm32f4xx_hal_gpio.c"
Finished building: ../Drivers/STM32F4xx_HAL_Driver/Src/stm32f4xx_hal_gpio.c
 
Building file: ../Drivers/STM32F4xx_HAL_Driver/Src/stm32f4xx_hal_pwr.c
Invoking: MCU GCC Compiler
/home/vuwij/Documents/soccer-embedded/Latency Tests/LatencyTests/Debug
arm-none-eabi-gcc -mcpu=cortex-m4 -mthumb -mfloat-abi=hard -mfpu=fpv4-sp-d16 '-D__weak=__attribute__((weak))' '-D__packed=__attribute__((__packed__))' -DUSE_HAL_DRIVER -DSTM32F446xx -I"/home/vuwij/Documents/soccer-embedded/Latency Tests/LatencyTests/Inc" -I"/home/vuwij/Documents/soccer-embedded/Latency Tests/LatencyTests/Drivers/STM32F4xx_HAL_Driver/Inc" -I"/home/vuwij/Documents/soccer-embedded/Latency Tests/LatencyTests/Drivers/STM32F4xx_HAL_Driver/Inc/Legacy" -I"/home/vuwij/Documents/soccer-embedded/Latency Tests/LatencyTests/Drivers/CMSIS/Device/ST/STM32F4xx/Include" -I"/home/vuwij/Documents/soccer-embedded/Latency Tests/LatencyTests/Drivers/CMSIS/Include" -I"/home/vuwij/Documents/soccer-embedded/Latency Tests/LatencyTests/Inc"  -Og -g3 -Wall -fmessage-length=0 -ffunction-sections -c -fmessage-length=0 -MMD -MP -MF"Drivers/STM32F4xx_HAL_Driver/Src/stm32f4xx_hal_pwr.d" -MT"Drivers/STM32F4xx_HAL_Driver/Src/stm32f4xx_hal_pwr.o" -o "Drivers/STM32F4xx_HAL_Driver/Src/stm32f4xx_hal_pwr.o" "../Drivers/STM32F4xx_HAL_Driver/Src/stm32f4xx_hal_pwr.c"
Finished building: ../Drivers/STM32F4xx_HAL_Driver/Src/stm32f4xx_hal_pwr.c
 
Building file: ../Drivers/STM32F4xx_HAL_Driver/Src/stm32f4xx_hal_pwr_ex.c
Invoking: MCU GCC Compiler
/home/vuwij/Documents/soccer-embedded/Latency Tests/LatencyTests/Debug
arm-none-eabi-gcc -mcpu=cortex-m4 -mthumb -mfloat-abi=hard -mfpu=fpv4-sp-d16 '-D__weak=__attribute__((weak))' '-D__packed=__attribute__((__packed__))' -DUSE_HAL_DRIVER -DSTM32F446xx -I"/home/vuwij/Documents/soccer-embedded/Latency Tests/LatencyTests/Inc" -I"/home/vuwij/Documents/soccer-embedded/Latency Tests/LatencyTests/Drivers/STM32F4xx_HAL_Driver/Inc" -I"/home/vuwij/Documents/soccer-embedded/Latency Tests/LatencyTests/Drivers/STM32F4xx_HAL_Driver/Inc/Legacy" -I"/home/vuwij/Documents/soccer-embedded/Latency Tests/LatencyTests/Drivers/CMSIS/Device/ST/STM32F4xx/Include" -I"/home/vuwij/Documents/soccer-embedded/Latency Tests/LatencyTests/Drivers/CMSIS/Include" -I"/home/vuwij/Documents/soccer-embedded/Latency Tests/LatencyTests/Inc"  -Og -g3 -Wall -fmessage-length=0 -ffunction-sections -c -fmessage-length=0 -MMD -MP -MF"Drivers/STM32F4xx_HAL_Driver/Src/stm32f4xx_hal_pwr_ex.d" -MT"Drivers/STM32F4xx_HAL_Driver/Src/stm32f4xx_hal_pwr_ex.o" -o "Drivers/STM32F4xx_HAL_Driver/Src/stm32f4xx_hal_pwr_ex.o" "../Drivers/STM32F4xx_HAL_Driver/Src/stm32f4xx_hal_pwr_ex.c"
Finished building: ../Drivers/STM32F4xx_HAL_Driver/Src/stm32f4xx_hal_pwr_ex.c
 
Building file: ../Drivers/STM32F4xx_HAL_Driver/Src/stm32f4xx_hal_rcc.c
Invoking: MCU GCC Compiler
/home/vuwij/Documents/soccer-embedded/Latency Tests/LatencyTests/Debug
arm-none-eabi-gcc -mcpu=cortex-m4 -mthumb -mfloat-abi=hard -mfpu=fpv4-sp-d16 '-D__weak=__attribute__((weak))' '-D__packed=__attribute__((__packed__))' -DUSE_HAL_DRIVER -DSTM32F446xx -I"/home/vuwij/Documents/soccer-embedded/Latency Tests/LatencyTests/Inc" -I"/home/vuwij/Documents/soccer-embedded/Latency Tests/LatencyTests/Drivers/STM32F4xx_HAL_Driver/Inc" -I"/home/vuwij/Documents/soccer-embedded/Latency Tests/LatencyTests/Drivers/STM32F4xx_HAL_Driver/Inc/Legacy" -I"/home/vuwij/Documents/soccer-embedded/Latency Tests/LatencyTests/Drivers/CMSIS/Device/ST/STM32F4xx/Include" -I"/home/vuwij/Documents/soccer-embedded/Latency Tests/LatencyTests/Drivers/CMSIS/Include" -I"/home/vuwij/Documents/soccer-embedded/Latency Tests/LatencyTests/Inc"  -Og -g3 -Wall -fmessage-length=0 -ffunction-sections -c -fmessage-length=0 -MMD -MP -MF"Drivers/STM32F4xx_HAL_Driver/Src/stm32f4xx_hal_rcc.d" -MT"Drivers/STM32F4xx_HAL_Driver/Src/stm32f4xx_hal_rcc.o" -o "Drivers/STM32F4xx_HAL_Driver/Src/stm32f4xx_hal_rcc.o" "../Drivers/STM32F4xx_HAL_Driver/Src/stm32f4xx_hal_rcc.c"
Finished building: ../Drivers/STM32F4xx_HAL_Driver/Src/stm32f4xx_hal_rcc.c
 
Building file: ../Drivers/STM32F4xx_HAL_Driver/Src/stm32f4xx_hal_rcc_ex.c
Invoking: MCU GCC Compiler
/home/vuwij/Documents/soccer-embedded/Latency Tests/LatencyTests/Debug
arm-none-eabi-gcc -mcpu=cortex-m4 -mthumb -mfloat-abi=hard -mfpu=fpv4-sp-d16 '-D__weak=__attribute__((weak))' '-D__packed=__attribute__((__packed__))' -DUSE_HAL_DRIVER -DSTM32F446xx -I"/home/vuwij/Documents/soccer-embedded/Latency Tests/LatencyTests/Inc" -I"/home/vuwij/Documents/soccer-embedded/Latency Tests/LatencyTests/Drivers/STM32F4xx_HAL_Driver/Inc" -I"/home/vuwij/Documents/soccer-embedded/Latency Tests/LatencyTests/Drivers/STM32F4xx_HAL_Driver/Inc/Legacy" -I"/home/vuwij/Documents/soccer-embedded/Latency Tests/LatencyTests/Drivers/CMSIS/Device/ST/STM32F4xx/Include" -I"/home/vuwij/Documents/soccer-embedded/Latency Tests/LatencyTests/Drivers/CMSIS/Include" -I"/home/vuwij/Documents/soccer-embedded/Latency Tests/LatencyTests/Inc"  -Og -g3 -Wall -fmessage-length=0 -ffunction-sections -c -fmessage-length=0 -MMD -MP -MF"Drivers/STM32F4xx_HAL_Driver/Src/stm32f4xx_hal_rcc_ex.d" -MT"Drivers/STM32F4xx_HAL_Driver/Src/stm32f4xx_hal_rcc_ex.o" -o "Drivers/STM32F4xx_HAL_Driver/Src/stm32f4xx_hal_rcc_ex.o" "../Drivers/STM32F4xx_HAL_Driver/Src/stm32f4xx_hal_rcc_ex.c"
Finished building: ../Drivers/STM32F4xx_HAL_Driver/Src/stm32f4xx_hal_rcc_ex.c
 
Building file: ../Drivers/STM32F4xx_HAL_Driver/Src/stm32f4xx_hal_tim.c
Invoking: MCU GCC Compiler
/home/vuwij/Documents/soccer-embedded/Latency Tests/LatencyTests/Debug
arm-none-eabi-gcc -mcpu=cortex-m4 -mthumb -mfloat-abi=hard -mfpu=fpv4-sp-d16 '-D__weak=__attribute__((weak))' '-D__packed=__attribute__((__packed__))' -DUSE_HAL_DRIVER -DSTM32F446xx -I"/home/vuwij/Documents/soccer-embedded/Latency Tests/LatencyTests/Inc" -I"/home/vuwij/Documents/soccer-embedded/Latency Tests/LatencyTests/Drivers/STM32F4xx_HAL_Driver/Inc" -I"/home/vuwij/Documents/soccer-embedded/Latency Tests/LatencyTests/Drivers/STM32F4xx_HAL_Driver/Inc/Legacy" -I"/home/vuwij/Documents/soccer-embedded/Latency Tests/LatencyTests/Drivers/CMSIS/Device/ST/STM32F4xx/Include" -I"/home/vuwij/Documents/soccer-embedded/Latency Tests/LatencyTests/Drivers/CMSIS/Include" -I"/home/vuwij/Documents/soccer-embedded/Latency Tests/LatencyTests/Inc"  -Og -g3 -Wall -fmessage-length=0 -ffunction-sections -c -fmessage-length=0 -MMD -MP -MF"Drivers/STM32F4xx_HAL_Driver/Src/stm32f4xx_hal_tim.d" -MT"Drivers/STM32F4xx_HAL_Driver/Src/stm32f4xx_hal_tim.o" -o "Drivers/STM32F4xx_HAL_Driver/Src/stm32f4xx_hal_tim.o" "../Drivers/STM32F4xx_HAL_Driver/Src/stm32f4xx_hal_tim.c"
Finished building: ../Drivers/STM32F4xx_HAL_Driver/Src/stm32f4xx_hal_tim.c
 
Building file: ../Drivers/STM32F4xx_HAL_Driver/Src/stm32f4xx_hal_tim_ex.c
Invoking: MCU GCC Compiler
/home/vuwij/Documents/soccer-embedded/Latency Tests/LatencyTests/Debug
arm-none-eabi-gcc -mcpu=cortex-m4 -mthumb -mfloat-abi=hard -mfpu=fpv4-sp-d16 '-D__weak=__attribute__((weak))' '-D__packed=__attribute__((__packed__))' -DUSE_HAL_DRIVER -DSTM32F446xx -I"/home/vuwij/Documents/soccer-embedded/Latency Tests/LatencyTests/Inc" -I"/home/vuwij/Documents/soccer-embedded/Latency Tests/LatencyTests/Drivers/STM32F4xx_HAL_Driver/Inc" -I"/home/vuwij/Documents/soccer-embedded/Latency Tests/LatencyTests/Drivers/STM32F4xx_HAL_Driver/Inc/Legacy" -I"/home/vuwij/Documents/soccer-embedded/Latency Tests/LatencyTests/Drivers/CMSIS/Device/ST/STM32F4xx/Include" -I"/home/vuwij/Documents/soccer-embedded/Latency Tests/LatencyTests/Drivers/CMSIS/Include" -I"/home/vuwij/Documents/soccer-embedded/Latency Tests/LatencyTests/Inc"  -Og -g3 -Wall -fmessage-length=0 -ffunction-sections -c -fmessage-length=0 -MMD -MP -MF"Drivers/STM32F4xx_HAL_Driver/Src/stm32f4xx_hal_tim_ex.d" -MT"Drivers/STM32F4xx_HAL_Driver/Src/stm32f4xx_hal_tim_ex.o" -o "Drivers/STM32F4xx_HAL_Driver/Src/stm32f4xx_hal_tim_ex.o" "../Drivers/STM32F4xx_HAL_Driver/Src/stm32f4xx_hal_tim_ex.c"
Finished building: ../Drivers/STM32F4xx_HAL_Driver/Src/stm32f4xx_hal_tim_ex.c
 
Building file: ../Drivers/STM32F4xx_HAL_Driver/Src/stm32f4xx_hal_uart.c
Invoking: MCU GCC Compiler
/home/vuwij/Documents/soccer-embedded/Latency Tests/LatencyTests/Debug
arm-none-eabi-gcc -mcpu=cortex-m4 -mthumb -mfloat-abi=hard -mfpu=fpv4-sp-d16 '-D__weak=__attribute__((weak))' '-D__packed=__attribute__((__packed__))' -DUSE_HAL_DRIVER -DSTM32F446xx -I"/home/vuwij/Documents/soccer-embedded/Latency Tests/LatencyTests/Inc" -I"/home/vuwij/Documents/soccer-embedded/Latency Tests/LatencyTests/Drivers/STM32F4xx_HAL_Driver/Inc" -I"/home/vuwij/Documents/soccer-embedded/Latency Tests/LatencyTests/Drivers/STM32F4xx_HAL_Driver/Inc/Legacy" -I"/home/vuwij/Documents/soccer-embedded/Latency Tests/LatencyTests/Drivers/CMSIS/Device/ST/STM32F4xx/Include" -I"/home/vuwij/Documents/soccer-embedded/Latency Tests/LatencyTests/Drivers/CMSIS/Include" -I"/home/vuwij/Documents/soccer-embedded/Latency Tests/LatencyTests/Inc"  -Og -g3 -Wall -fmessage-length=0 -ffunction-sections -c -fmessage-length=0 -MMD -MP -MF"Drivers/STM32F4xx_HAL_Driver/Src/stm32f4xx_hal_uart.d" -MT"Drivers/STM32F4xx_HAL_Driver/Src/stm32f4xx_hal_uart.o" -o "Drivers/STM32F4xx_HAL_Driver/Src/stm32f4xx_hal_uart.o" "../Drivers/STM32F4xx_HAL_Driver/Src/stm32f4xx_hal_uart.c"
Finished building: ../Drivers/STM32F4xx_HAL_Driver/Src/stm32f4xx_hal_uart.c
 
Building target: LatencyTests.elf
Invoking: MCU GCC Linker
arm-none-eabi-gcc -mcpu=cortex-m4 -mthumb -mfloat-abi=hard -mfpu=fpv4-sp-d16 -specs=nosys.specs -specs=nano.specs -T"../STM32F446ZETx_FLASH.ld" -Wl,-Map=output.map -Wl,--gc-sections -lm -o "LatencyTests.elf" @"objects.list"  
Finished building target: LatencyTests.elf
 
make --no-print-directory post-build
Generating binary and Printing size information:
arm-none-eabi-objcopy -O binary "LatencyTests.elf" "LatencyTests.bin"
arm-none-eabi-size "LatencyTests.elf"
   text	   data	    bss	    dec	    hex	filename
  14924	    184	   2976	  18084	   46a4	LatencyTests.elf
 

18:10:14 Build Finished (took 5s.983ms)

